Archive member included to satisfy reference by file (symbol)

app/libapp.a(main.c.obj)      (--whole-archive)
zephyr/libzephyr.a(heap.c.obj)
                              (--whole-archive)
zephyr/libzephyr.a(cbprintf_packaged.c.obj)
                              (--whole-archive)
zephyr/libzephyr.a(printk.c.obj)
                              (--whole-archive)
zephyr/libzephyr.a(sem.c.obj)
                              (--whole-archive)
zephyr/libzephyr.a(thread_entry.c.obj)
                              (--whole-archive)
zephyr/libzephyr.a(cbprintf_complete.c.obj)
                              (--whole-archive)
zephyr/libzephyr.a(assert.c.obj)
                              (--whole-archive)
zephyr/libzephyr.a(mpsc_pbuf.c.obj)
                              (--whole-archive)
zephyr/libzephyr.a(dec.c.obj)
                              (--whole-archive)
zephyr/libzephyr.a(hex.c.obj)
                              (--whole-archive)
zephyr/libzephyr.a(rb.c.obj)  (--whole-archive)
zephyr/libzephyr.a(timeutil.c.obj)
                              (--whole-archive)
zephyr/libzephyr.a(bitarray.c.obj)
                              (--whole-archive)
zephyr/libzephyr.a(configs.c.obj)
                              (--whole-archive)
zephyr/libzephyr.a(soc.c.obj)
                              (--whole-archive)
zephyr/libzephyr.a(stm32cube_hal.c.obj)
                              (--whole-archive)
zephyr/libzephyr.a(soc_config.c.obj)
                              (--whole-archive)
zephyr/libzephyr.a(thread_info.c.obj)
                              (--whole-archive)
zephyr/libzephyr.a(log_core.c.obj)
                              (--whole-archive)
zephyr/libzephyr.a(log_mgmt.c.obj)
                              (--whole-archive)
zephyr/libzephyr.a(log_cache.c.obj)
                              (--whole-archive)
zephyr/libzephyr.a(log_msg.c.obj)
                              (--whole-archive)
zephyr/libzephyr.a(log_output.c.obj)
                              (--whole-archive)
zephyr/libzephyr.a(log_backend_uart.c.obj)
                              (--whole-archive)
zephyr/libzephyr.a(mem_attr.c.obj)
                              (--whole-archive)
zephyr/libzephyr.a(tracing_none.c.obj)
                              (--whole-archive)
zephyr/libzephyr.a(addr_utils.c.obj)
                              (--whole-archive)
zephyr/libzephyr.a(hw_ipcc.c.obj)
                              (--whole-archive)
zephyr/libzephyr.a(shci.c.obj)
                              (--whole-archive)
zephyr/libzephyr.a(shci_tl.c.obj)
                              (--whole-archive)
zephyr/libzephyr.a(shci_tl_if.c.obj)
                              (--whole-archive)
zephyr/libzephyr.a(stm_list.c.obj)
                              (--whole-archive)
zephyr/libzephyr.a(tl_mbox.c.obj)
                              (--whole-archive)
zephyr/libzephyr.a(utils.c.obj)
                              (--whole-archive)
zephyr/libzephyr.a(aes_decrypt.c.obj)
                              (--whole-archive)
zephyr/libzephyr.a(aes_encrypt.c.obj)
                              (--whole-archive)
zephyr/libzephyr.a(cmac_mode.c.obj)
                              (--whole-archive)
zephyr/libzephyr.a(sha256.c.obj)
                              (--whole-archive)
zephyr/libzephyr.a(hmac.c.obj)
                              (--whole-archive)
zephyr/libzephyr.a(hmac_prng.c.obj)
                              (--whole-archive)
zephyr/arch/common/libarch__common.a(sw_isr_common.c.obj)
                              (--whole-archive)
zephyr/arch/arch/arm/core/libarch__arm__core.a(fatal.c.obj)
                              (--whole-archive)
zephyr/arch/arch/arm/core/libarch__arm__core.a(nmi.c.obj)
                              (--whole-archive)
zephyr/arch/arch/arm/core/libarch__arm__core.a(nmi_on_reset.S.obj)
                              (--whole-archive)
zephyr/arch/arch/arm/core/libarch__arm__core.a(tls.c.obj)
                              (--whole-archive)
zephyr/arch/arch/arm/core/cortex_m/libarch__arm__core__cortex_m.a(exc_exit.S.obj)
                              (--whole-archive)
zephyr/arch/arch/arm/core/cortex_m/libarch__arm__core__cortex_m.a(fault.c.obj)
                              (--whole-archive)
zephyr/arch/arch/arm/core/cortex_m/libarch__arm__core__cortex_m.a(fault_s.S.obj)
                              (--whole-archive)
zephyr/arch/arch/arm/core/cortex_m/libarch__arm__core__cortex_m.a(fpu.c.obj)
                              (--whole-archive)
zephyr/arch/arch/arm/core/cortex_m/libarch__arm__core__cortex_m.a(reset.S.obj)
                              (--whole-archive)
zephyr/arch/arch/arm/core/cortex_m/libarch__arm__core__cortex_m.a(scb.c.obj)
                              (--whole-archive)
zephyr/arch/arch/arm/core/cortex_m/libarch__arm__core__cortex_m.a(thread_abort.c.obj)
                              (--whole-archive)
zephyr/arch/arch/arm/core/cortex_m/libarch__arm__core__cortex_m.a(vector_table.S.obj)
                              (--whole-archive)
[...]
Memory Configuration

Name             Origin             Length             Attributes
FLASH            0x0000000008000000 0x00000000000ca000 xr
RAM              0x0000000020000000 0x0000000000030000 xw
SRAM1            0x0000000020030000 0x0000000000002800
SRAM2            0x0000000020038000 0x0000000000005000
IDT_LIST         0x00000000ffff7fff 0x0000000000008000 xw
*default*        0x0000000000000000 0xffffffffffffffff

Linker script and memory map

                0x000000000801803c                vfprintf = __l_vfprintf
                0x0000000000000000                vfscanf = __l_vfscanf
LOAD zephyr/CMakeFiles/zephyr_pre0.dir/misc/empty_file.c.obj
LOAD zephyr/CMakeFiles/offsets.dir/./arch/arm/core/offsets/offsets.c.obj
LOAD app/libapp.a
LOAD zephyr/libzephyr.a
LOAD zephyr/arch/common/libarch__common.a
LOAD zephyr/arch/arch/arm/core/libarch__arm__core.a
LOAD zephyr/arch/arch/arm/core/cortex_m/libarch__arm__core__cortex_m.a
LOAD zephyr/arch/arch/arm/core/mpu/libarch__arm__core__mpu.a
LOAD zephyr/lib/libc/picolibc/liblib__libc__picolibc.a
LOAD zephyr/lib/libc/common/liblib__libc__common.a
LOAD zephyr/subsys/bluetooth/common/libsubsys__bluetooth__common.a
LOAD zephyr/subsys/bluetooth/host/libsubsys__bluetooth__host.a
LOAD zephyr/subsys/bluetooth/crypto/libsubsys__bluetooth__crypto.a
LOAD zephyr/subsys/net/libsubsys__net.a
LOAD zephyr/subsys/timing/libsubsys__timing.a
LOAD zephyr/drivers/interrupt_controller/libdrivers__interrupt_controller.a
LOAD zephyr/drivers/bluetooth/libdrivers__bluetooth.a
LOAD zephyr/drivers/clock_control/libdrivers__clock_control.a
LOAD zephyr/drivers/console/libdrivers__console.a
LOAD zephyr/drivers/gpio/libdrivers__gpio.a
LOAD zephyr/drivers/pinctrl/libdrivers__pinctrl.a
LOAD zephyr/drivers/reset/libdrivers__reset.a
LOAD zephyr/drivers/serial/libdrivers__serial.a
LOAD zephyr/drivers/timer/libdrivers__timer.a
LOAD modules/stm32/stm32cube/lib..__modules__hal__stm32__stm32cube.a
LOAD zephyr/kernel/libkernel.a
LOAD c:/users/mis/.zephyr_ide/toolchains/zephyr-sdk-0.16.6/arm-zephyr-eabi/bin/../lib/gcc/arm-zephyr-eabi/12.2.0/thumb/v7e-m/nofp\libgcc.a
LOAD zephyr/arch/common/libisr_tables.a
LOAD c:\users\mis\.zephyr_ide\toolchains\zephyr-sdk-0.16.6\arm-zephyr-eabi\bin\../lib/gcc/../../picolibc/arm-zephyr-eabi/lib/thumb/v7e-m/nofp\libc.a
LOAD c:/users/mis/.zephyr_ide/toolchains/zephyr-sdk-0.16.6/arm-zephyr-eabi/bin/../lib/gcc/arm-zephyr-eabi/12.2.0/thumb/v7e-m/nofp\libgcc.a
                0x0000000000000020                _region_min_align = 0x20

.rel.plt        0x0000000008000000        0x0
 *(SORT_BY_ALIGNMENT(.rel.plt))
                [!provide]                        PROVIDE (__rel_iplt_start = .)
 *(SORT_BY_ALIGNMENT(.rel.iplt))
 .rel.iplt      0x0000000008000000        0x0 app/libapp.a(main.c.obj)
                [!provide]                        PROVIDE (__rel_iplt_end = .)

.rela.plt       0x0000000000000000        0x0
 *(SORT_BY_ALIGNMENT(.rela.plt))
                [!provide]                        PROVIDE (__rela_iplt_start = .)
 *(SORT_BY_ALIGNMENT(.rela.iplt))
                [!provide]                        PROVIDE (__rela_iplt_end = .)

.rel.dyn
 *(SORT_BY_ALIGNMENT(.rel.*))

.rela.dyn
 *(SORT_BY_ALIGNMENT(.rela.*))

/DISCARD/
 *(SORT_BY_ALIGNMENT(.plt))

/DISCARD/
 *(SORT_BY_ALIGNMENT(.iplt))
                0x0000000008000000                __rom_region_start = 0x8000000

rom_start       0x0000000008000000      0x13c
                0x0000000008000000                __rom_start_address = .
 FILL mask 0x00
                0x0000000008000000                . = (. + (0x0 - (. - __rom_start_address)))
                0x0000000008000000                . = ALIGN (0x4)
                0x0000000008000000                . = ALIGN (0x80)
                0x0000000008000000                . = ALIGN (0x200)
                0x0000000008000000                _vector_start = .
 *(SORT_BY_ALIGNMENT(.exc_vector_table))
 *(SORT_BY_ALIGNMENT(.exc_vector_table.*))
 .exc_vector_table._vector_table_section
                0x0000000008000000       0x40 zephyr/arch/arch/arm/core/cortex_m/libarch__arm__core__cortex_m.a(vector_table.S.obj)
                0x0000000008000000                _vector_table
 *(SORT_BY_ALIGNMENT(.vectors))
                0x000000000800013c                _vector_end = .
                0x0000000008000040                . = ALIGN (0x4)
 *(SORT_BY_ALIGNMENT(.gnu.linkonce.irq_vector_table*))
 .gnu.linkonce.irq_vector_table
                0x0000000008000040       0xfc zephyr/arch/common/libisr_tables.a(isr_tables.c.obj)
                0x0000000008000040                _irq_vector_table
                0x000000000800013c                _vector_end = .

text            0x0000000008000140    0x1feb8
                0x0000000008000140                __text_region_start = .
 *(SORT_BY_ALIGNMENT(.text))
 .text          0x0000000008000140       0x30 c:/users/mis/.zephyr_ide/toolchains/zephyr-sdk-0.16.6/arm-zephyr-eabi/bin/../lib/gcc/arm-zephyr-eabi/12.2.0/thumb/v7e-m/nofp\libgcc.a(_aeabi_uldivmod.o)
                0x0000000008000140                __aeabi_uldivmod
 .text          0x0000000008000170        0x4 c:/users/mis/.zephyr_ide/toolchains/zephyr-sdk-0.16.6/arm-zephyr-eabi/bin/../lib/gcc/arm-zephyr-eabi/12.2.0/thumb/v7e-m/nofp\libgcc.a(_dvmd_tls.o)
                0x0000000008000170                __aeabi_idiv0
                0x0000000008000170                __aeabi_ldiv0
 .text          0x0000000008000174      0x2a0 c:/users/mis/.zephyr_ide/toolchains/zephyr-sdk-0.16.6/arm-zephyr-eabi/bin/../lib/gcc/arm-zephyr-eabi/12.2.0/thumb/v7e-m/nofp\libgcc.a(_udivmoddi4.o)
                0x0000000008000174                __udivmoddi4
 .text          0x0000000008000414       0x14 c:\users\mis\.zephyr_ide\toolchains\zephyr-sdk-0.16.6\arm-zephyr-eabi\bin\../lib/gcc/../../picolibc/arm-zephyr-eabi/lib/thumb/v7e-m/nofp\libc.a(strcmp.S.o)
                0x0000000008000414                strcmp
 .text          0x0000000008000428       0x10 c:\users\mis\.zephyr_ide\toolchains\zephyr-sdk-0.16.6\arm-zephyr-eabi\bin\../lib/gcc/../../picolibc/arm-zephyr-eabi/lib/thumb/v7e-m/nofp\libc.a(strcpy.S.o)
                0x0000000008000428                strcpy
 .text          0x0000000008000438       0x10 c:\users\mis\.zephyr_ide\toolchains\zephyr-sdk-0.16.6\arm-zephyr-eabi\bin\../lib/gcc/../../picolibc/arm-zephyr-eabi/lib/thumb/v7e-m/nofp\libc.a(strlen.S.o)
                0x0000000008000438                strlen
 *(SORT_BY_ALIGNMENT(.text.*))
 .text.set_event_mask
                0x0000000008000448       0x60 zephyr/subsys/bluetooth/host/libsubsys__bluetooth__host.a(hci_core.c.obj)
 .text.write_func_cb
                0x00000000080004a8       0x30 app/libapp.a(main.c.obj)
 .text.gpio1pinCallback
                0x00000000080004d8       0x50 app/libapp.a(main.c.obj)
                0x00000000080004d8                gpio1pinCallback
 .text.bt_addr_le_to_str
                0x0000000008000528       0xa8 app/libapp.a(main.c.obj)
 .text.start_scan
                0x00000000080005d0       0x64 app/libapp.a(main.c.obj)
 .text.device_found
                0x0000000008000634      0x104 app/libapp.a(main.c.obj)
 .text.discover_write_characteristic_func
                0x0000000008000738      0x154 app/libapp.a(main.c.obj)
 .text.read     0x000000000800088c       0x74 app/libapp.a(main.c.obj)
 .text.writeScenarioIdx
                0x0000000008000900       0x64 app/libapp.a(main.c.obj)
 .text.discover_func
                0x0000000008000964      0x34c app/libapp.a(main.c.obj)
 .text.configurePin
                0x0000000008000cb0       0x74 app/libapp.a(main.c.obj)
                0x0000000008000cb0                configurePin
 .text.convertUint64ToStr
                0x0000000008000d24       0xa8 app/libapp.a(main.c.obj)
                0x0000000008000d24                convertUint64ToStr
 .text.connected
                0x0000000008000dcc      0x19c app/libapp.a(main.c.obj)
 .text.SendUartData
                0x0000000008000f68       0x48 app/libapp.a(main.c.obj)
                0x0000000008000f68                SendUartData
 .text.disconnected
                0x0000000008000fb0       0xcc app/libapp.a(main.c.obj)
 .text.notify_func
                0x000000000800107c      0x284 app/libapp.a(main.c.obj)
 .text.read_func_cb_sc2
                0x0000000008001300      0x150 app/libapp.a(main.c.obj)
 .text.configurePins
                0x0000000008001450      0x108 app/libapp.a(main.c.obj)
                0x0000000008001450                configurePins
 .text.main     0x0000000008001558       0x4c app/libapp.a(main.c.obj)
                0x0000000008001558                main
 .text.cbvprintf_package
                0x00000000080015a4      0x4b8 zephyr/libzephyr.a(cbprintf_packaged.c.obj)
                0x00000000080015a4                cbvprintf_package
 .text.cbprintf_package_convert
                0x0000000008001a5c      0x4c4 zephyr/libzephyr.a(cbprintf_packaged.c.obj)
                0x0000000008001a5c                cbprintf_package_convert
 .text.__printk_hook_install
                0x0000000008001f20        0xc zephyr/libzephyr.a(printk.c.obj)
                0x0000000008001f20                __printk_hook_install
 .text.z_thread_entry
                0x0000000008001f2c       0x34 zephyr/libzephyr.a(thread_entry.c.obj)
                0x0000000008001f2c                z_thread_entry
 .text.stm32wb_init
                0x0000000008001f60       0x28 zephyr/libzephyr.a(soc.c.obj)
 .text.st_stm32_common_config
                0x0000000008001f88       0x14 zephyr/libzephyr.a(soc_config.c.obj)
 .text.msg_process
                0x0000000008001f9c       0x3c zephyr/libzephyr.a(log_core.c.obj)
 .text.log_backend_notify_all
                0x0000000008001fd8       0x30 zephyr/libzephyr.a(log_core.c.obj)
 .text.default_lf_get_timestamp
                0x0000000008002008       0x48 zephyr/libzephyr.a(log_core.c.obj)
 .text.activate_foreach_backend
                0x0000000008002050       0x64 zephyr/libzephyr.a(log_core.c.obj)
 .text.z_log_init
                0x00000000080020b4       0x98 zephyr/libzephyr.a(log_core.c.obj)
 .text.thread_set
                0x000000000800214c       0x28 zephyr/libzephyr.a(log_core.c.obj)
 .text.log_process_thread_timer_expiry_fn
                0x0000000008002174       0x10 zephyr/libzephyr.a(log_core.c.obj)
 .text.enable_logger
                0x0000000008002184       0x5c zephyr/libzephyr.a(log_core.c.obj)
 .text.log_format_func_t_get
                0x00000000080021e0        0xc zephyr/libzephyr.a(log_core.c.obj)
                0x00000000080021e0                log_format_func_t_get
 .text.log_set_timestamp_func
                0x00000000080021ec       0x24 zephyr/libzephyr.a(log_core.c.obj)
                0x00000000080021ec                log_set_timestamp_func
 .text.z_log_notify_backend_enabled
                0x0000000008002210       0x20 zephyr/libzephyr.a(log_core.c.obj)
                0x0000000008002210                z_log_notify_backend_enabled
 .text.z_log_dropped
                0x0000000008002230       0x40 zephyr/libzephyr.a(log_core.c.obj)
                0x0000000008002230                z_log_dropped
 .text.z_log_dropped_read_and_clear
                0x0000000008002270       0x20 zephyr/libzephyr.a(log_core.c.obj)
                0x0000000008002270                z_log_dropped_read_and_clear
 .text.dropped_notify
                0x0000000008002290       0x38 zephyr/libzephyr.a(log_core.c.obj)
                0x0000000008002290                dropped_notify
 .text.z_log_dropped_pending
                0x00000000080022c8       0x14 zephyr/libzephyr.a(log_core.c.obj)
                0x00000000080022c8                z_log_dropped_pending
 .text.z_log_msg_init
                0x00000000080022dc       0x20 zephyr/libzephyr.a(log_core.c.obj)
                0x00000000080022dc                z_log_msg_init
 .text.log_core_init
                0x00000000080022fc       0x30 zephyr/libzephyr.a(log_core.c.obj)
                0x00000000080022fc                log_core_init
 .text.z_log_msg_alloc
                0x000000000800232c       0x10 zephyr/libzephyr.a(log_core.c.obj)
                0x000000000800232c                z_log_msg_alloc
 .text.z_log_msg_local_claim
                0x000000000800233c       0x10 zephyr/libzephyr.a(log_core.c.obj)
                0x000000000800233c                z_log_msg_local_claim
 .text.z_log_msg_free
                0x000000000800234c       0x14 zephyr/libzephyr.a(log_core.c.obj)
                0x000000000800234c                z_log_msg_free
 .text.z_log_msg_pending
                0x0000000008002360       0x10 zephyr/libzephyr.a(log_core.c.obj)
                0x0000000008002360                z_log_msg_pending
 .text.z_impl_log_process
                0x0000000008002370       0xd0 zephyr/libzephyr.a(log_core.c.obj)
                0x0000000008002370                z_impl_log_process
 .text.z_impl_log_panic
                0x0000000008002440       0x4c zephyr/libzephyr.a(log_core.c.obj)
                0x0000000008002440                z_impl_log_panic
 .text.z_log_msg_post_finalize
                0x000000000800248c       0x88 zephyr/libzephyr.a(log_core.c.obj)
 .text.z_log_msg_commit
                0x0000000008002514       0x20 zephyr/libzephyr.a(log_core.c.obj)
                0x0000000008002514                z_log_msg_commit
 .text.log_process_thread_func
                0x0000000008002534       0x78 zephyr/libzephyr.a(log_core.c.obj)
 .text.log_src_cnt_get
                0x00000000080025ac       0x14 zephyr/libzephyr.a(log_mgmt.c.obj)
                0x00000000080025ac                log_src_cnt_get
 .text.log_source_name_get
                0x00000000080025c0       0x1c zephyr/libzephyr.a(log_mgmt.c.obj)
                0x00000000080025c0                log_source_name_get
 .text.log_backend_enable
                0x00000000080025dc       0x2c zephyr/libzephyr.a(log_mgmt.c.obj)
                0x00000000080025dc                log_backend_enable
 .text.cbprintf_package_copy
                0x0000000008002608       0x30 zephyr/libzephyr.a(log_msg.c.obj)
 .text.z_impl_z_log_msg_static_create
                0x0000000008002638      0x168 zephyr/libzephyr.a(log_msg.c.obj)
                0x0000000008002638                z_impl_z_log_msg_static_create
 .text.print_formatted
                0x00000000080027a0       0x24 zephyr/libzephyr.a(log_output.c.obj)
 .text.timestamp_print
                0x00000000080027c4       0x8c zephyr/libzephyr.a(log_output.c.obj)
 .text.color_print
                0x0000000008002850       0x2c zephyr/libzephyr.a(log_output.c.obj)
 .text.ids_print
                0x000000000800287c       0x74 zephyr/libzephyr.a(log_output.c.obj)
 .text.prefix_print
                0x00000000080028f0       0x88 zephyr/libzephyr.a(log_output.c.obj)
 .text.newline_print
                0x0000000008002978       0x28 zephyr/libzephyr.a(log_output.c.obj)
 .text.hexdump_line_print
                0x00000000080029a0       0xc4 zephyr/libzephyr.a(log_output.c.obj)
 .text.log_output_process
                0x0000000008002a64       0x88 zephyr/libzephyr.a(log_output.c.obj)
                0x0000000008002a64                log_output_process
 .text.log_output_msg_process
                0x0000000008002aec       0x70 zephyr/libzephyr.a(log_output.c.obj)
                0x0000000008002aec                log_output_msg_process
 .text.log_output_dropped_process
                0x0000000008002b5c       0x58 zephyr/libzephyr.a(log_output.c.obj)
                0x0000000008002b5c                log_output_dropped_process
 .text.log_output_timestamp_freq_set
                0x0000000008002bb4       0x2c zephyr/libzephyr.a(log_output.c.obj)
                0x0000000008002bb4                log_output_timestamp_freq_set
 .text.char_out
                0x0000000008002be0       0x24 zephyr/libzephyr.a(log_backend_uart.c.obj)
 .text.mem_attr_get_regions
                0x0000000008002c04        0xc zephyr/libzephyr.a(mem_attr.c.obj)
                0x0000000008002c04                mem_attr_get_regions
 .text.HW_IPCC_MM_FreeBufHandler
                0x0000000008002c10       0x24 zephyr/libzephyr.a(hw_ipcc.c.obj)
 .text.HW_IPCC_Enable
                0x0000000008002c34       0x50 zephyr/libzephyr.a(hw_ipcc.c.obj)
                0x0000000008002c34                HW_IPCC_Enable
 .text.HW_IPCC_Init
                0x0000000008002c84       0x44 zephyr/libzephyr.a(hw_ipcc.c.obj)
                0x0000000008002c84                HW_IPCC_Init
 .text.HW_IPCC_BLE_Init
                0x0000000008002cc8       0x10 zephyr/libzephyr.a(hw_ipcc.c.obj)
                0x0000000008002cc8                HW_IPCC_BLE_Init
 .text.HW_IPCC_BLE_SendCmd
                0x0000000008002cd8       0x10 zephyr/libzephyr.a(hw_ipcc.c.obj)
                0x0000000008002cd8                HW_IPCC_BLE_SendCmd
 .text.HW_IPCC_BLE_SendAclData
                0x0000000008002ce8       0x18 zephyr/libzephyr.a(hw_ipcc.c.obj)
                0x0000000008002ce8                HW_IPCC_BLE_SendAclData
 .text.HW_IPCC_BLE_AclDataEvtHandler
                0x0000000008002d00       0x18 zephyr/libzephyr.a(hw_ipcc.c.obj)
 .text.HW_IPCC_BLE_EvtHandler
                0x0000000008002d18       0x14 zephyr/libzephyr.a(hw_ipcc.c.obj)
 .text.HW_IPCC_SYS_Init
                0x0000000008002d2c       0x10 zephyr/libzephyr.a(hw_ipcc.c.obj)
                0x0000000008002d2c                HW_IPCC_SYS_Init
 .text.HW_IPCC_SYS_SendCmd
                0x0000000008002d3c       0x18 zephyr/libzephyr.a(hw_ipcc.c.obj)
                0x0000000008002d3c                HW_IPCC_SYS_SendCmd
 .text.HW_IPCC_SYS_CmdEvtHandler
                0x0000000008002d54       0x18 zephyr/libzephyr.a(hw_ipcc.c.obj)
 .text.HW_IPCC_Tx_Handler
                0x0000000008002d6c       0x58 zephyr/libzephyr.a(hw_ipcc.c.obj)
                0x0000000008002d6c                HW_IPCC_Tx_Handler
 .text.HW_IPCC_SYS_EvtHandler
                0x0000000008002dc4       0x14 zephyr/libzephyr.a(hw_ipcc.c.obj)
 .text.HW_IPCC_MM_SendFreeBuf
                0x0000000008002dd8       0x30 zephyr/libzephyr.a(hw_ipcc.c.obj)
                0x0000000008002dd8                HW_IPCC_MM_SendFreeBuf
 .text.HW_IPCC_TRACES_EvtHandler
                0x0000000008002e08       0x14 zephyr/libzephyr.a(hw_ipcc.c.obj)
 .text.HW_IPCC_Rx_Handler
                0x0000000008002e1c       0x58 zephyr/libzephyr.a(hw_ipcc.c.obj)
                0x0000000008002e1c                HW_IPCC_Rx_Handler
 .text.Cmd_SetStatus
                0x0000000008002e74       0x30 zephyr/libzephyr.a(shci_tl.c.obj)
 .text.TlInit   0x0000000008002ea4       0x4c zephyr/libzephyr.a(shci_tl.c.obj)
 .text.TlUserEvtReceived
                0x0000000008002ef0       0x18 zephyr/libzephyr.a(shci_tl.c.obj)
 .text.shci_init
                0x0000000008002f08       0x24 zephyr/libzephyr.a(shci_tl.c.obj)
                0x0000000008002f08                shci_init
 .text.shci_user_evt_proc
                0x0000000008002f2c       0x80 zephyr/libzephyr.a(shci_tl.c.obj)
                0x0000000008002f2c                shci_user_evt_proc
 .text.shci_send
                0x0000000008002fac       0x68 zephyr/libzephyr.a(shci_tl.c.obj)
                0x0000000008002fac                shci_send
 .text.shci_register_io_bus
                0x0000000008003014       0x14 zephyr/libzephyr.a(shci_tl_if.c.obj)
                0x0000000008003014                shci_register_io_bus
 .text.SendFreeBuf
                0x0000000008003028       0x34 zephyr/libzephyr.a(tl_mbox.c.obj)
 .text.TL_Init  0x000000000800305c       0x60 zephyr/libzephyr.a(tl_mbox.c.obj)
                0x000000000800305c                TL_Init
 .text.TL_BLE_Init
                0x00000000080030bc       0x48 zephyr/libzephyr.a(tl_mbox.c.obj)
                0x00000000080030bc                TL_BLE_Init
 .text.TL_BLE_SendCmd
                0x0000000008003104       0x1c zephyr/libzephyr.a(tl_mbox.c.obj)
                0x0000000008003104                TL_BLE_SendCmd
 .text.HW_IPCC_BLE_RxEvtNot
                0x0000000008003120       0x30 zephyr/libzephyr.a(tl_mbox.c.obj)
                0x0000000008003120                HW_IPCC_BLE_RxEvtNot
 .text.TL_BLE_SendAclData
                0x0000000008003150       0x18 zephyr/libzephyr.a(tl_mbox.c.obj)
                0x0000000008003150                TL_BLE_SendAclData
 .text.HW_IPCC_BLE_AclDataAckNot
                0x0000000008003168       0x10 zephyr/libzephyr.a(tl_mbox.c.obj)
                0x0000000008003168                HW_IPCC_BLE_AclDataAckNot
 .text.TL_SYS_Init
                0x0000000008003178       0x3c zephyr/libzephyr.a(tl_mbox.c.obj)
                0x0000000008003178                TL_SYS_Init
 .text.TL_SYS_SendCmd
                0x00000000080031b4       0x1c zephyr/libzephyr.a(tl_mbox.c.obj)
                0x00000000080031b4                TL_SYS_SendCmd
 .text.HW_IPCC_SYS_CmdEvtNot
                0x00000000080031d0       0x1c zephyr/libzephyr.a(tl_mbox.c.obj)
                0x00000000080031d0                HW_IPCC_SYS_CmdEvtNot
 .text.HW_IPCC_SYS_EvtNot
                0x00000000080031ec       0x30 zephyr/libzephyr.a(tl_mbox.c.obj)
                0x00000000080031ec                HW_IPCC_SYS_EvtNot
 .text.TL_MM_Init
                0x000000000800321c       0x48 zephyr/libzephyr.a(tl_mbox.c.obj)
                0x000000000800321c                TL_MM_Init
 .text.TL_MM_EvtDone
                0x0000000008003264       0x1c zephyr/libzephyr.a(tl_mbox.c.obj)
                0x0000000008003264                TL_MM_EvtDone
 .text.HW_IPCC_TRACES_EvtNot
                0x0000000008003280       0x28 zephyr/libzephyr.a(tl_mbox.c.obj)
                0x0000000008003280                HW_IPCC_TRACES_EvtNot
 .text.tc_aes128_set_encrypt_key
                0x00000000080032a8       0xc4 zephyr/libzephyr.a(aes_encrypt.c.obj)
                0x00000000080032a8                tc_aes128_set_encrypt_key
 .text.tc_aes_encrypt
                0x000000000800336c       0xb4 zephyr/libzephyr.a(aes_encrypt.c.obj)
                0x000000000800336c                tc_aes_encrypt
 .text.compress
                0x0000000008003420      0x198 zephyr/libzephyr.a(sha256.c.obj)
 .text.tc_sha256_init
                0x00000000080035b8       0x5c zephyr/libzephyr.a(sha256.c.obj)
                0x00000000080035b8                tc_sha256_init
 .text.esf_dump
                0x0000000008003614      0x26c zephyr/arch/arch/arm/core/libarch__arm__core.a(fatal.c.obj)
 .text.z_SysNmiOnReset
                0x0000000008003880        0x8 zephyr/arch/arch/arm/core/libarch__arm__core.a(nmi_on_reset.S.obj)
                0x0000000008003880                z_SysNmiOnReset
 .text.z_tls_copy
                0x0000000008003888       0x38 zephyr/arch/arch/arm/core/libarch__arm__core.a(tls.c.obj)
 .text.arch_tls_stack_setup
                0x00000000080038c0       0x48 zephyr/arch/arch/arm/core/libarch__arm__core.a(tls.c.obj)
                0x00000000080038c0                arch_tls_stack_setup
 .text._HandlerModeExit
                0x0000000008003908       0x1c zephyr/arch/arch/arm/core/cortex_m/libarch__arm__core__cortex_m.a(exc_exit.S.obj)
                0x0000000008003908                z_arm_int_exit
                0x0000000008003908                z_arm_exc_exit
 .text.z_arm_is_synchronous_svc
                0x0000000008003924       0x3c zephyr/arch/arch/arm/core/cortex_m/libarch__arm__core__cortex_m.a(fault.c.obj)
 .text.get_esf  0x0000000008003960       0xc0 zephyr/arch/arch/arm/core/cortex_m/libarch__arm__core__cortex_m.a(fault.c.obj)
 .text.bus_fault
                0x0000000008003a20      0x4c8 zephyr/arch/arch/arm/core/cortex_m/libarch__arm__core__cortex_m.a(fault.c.obj)
 .text.usage_fault
                0x0000000008003ee8      0x3dc zephyr/arch/arch/arm/core/cortex_m/libarch__arm__core__cortex_m.a(fault.c.obj)
 .text.debug_monitor
                0x00000000080042c4       0x90 zephyr/arch/arch/arm/core/cortex_m/libarch__arm__core__cortex_m.a(fault.c.obj)
 .text.reserved_exception
                0x0000000008004354       0xe8 zephyr/arch/arch/arm/core/cortex_m/libarch__arm__core__cortex_m.a(fault.c.obj)
 .text.mem_manage_fault
                0x000000000800443c      0x4a8 zephyr/arch/arch/arm/core/cortex_m/libarch__arm__core__cortex_m.a(fault.c.obj)
 .text.hard_fault
                0x00000000080048e4      0x314 zephyr/arch/arch/arm/core/cortex_m/libarch__arm__core__cortex_m.a(fault.c.obj)
 .text.z_arm_fault
                0x0000000008004bf8       0x88 zephyr/arch/arch/arm/core/cortex_m/libarch__arm__core__cortex_m.a(fault.c.obj)
                0x0000000008004bf8                z_arm_fault
 .text.z_arm_fault_init
                0x0000000008004c80       0x10 zephyr/arch/arch/arm/core/cortex_m/libarch__arm__core__cortex_m.a(fault.c.obj)
                0x0000000008004c80                z_arm_fault_init
 .text.__fault  0x0000000008004c90       0x14 zephyr/arch/arch/arm/core/cortex_m/libarch__arm__core__cortex_m.a(fault_s.S.obj)
                0x0000000008004c90                z_arm_usage_fault
                0x0000000008004c90                z_arm_mpu_fault
                0x0000000008004c90                z_arm_exc_spurious
                0x0000000008004c90                z_arm_debug_monitor
                0x0000000008004c90                z_arm_hard_fault
                0x0000000008004c90                z_arm_bus_fault
 .text._reset_section
                0x0000000008004ca4       0x34 zephyr/arch/arch/arm/core/cortex_m/libarch__arm__core__cortex_m.a(reset.S.obj)
                0x0000000008004ca4                __start
                0x0000000008004ca4                z_arm_reset
 .text.z_impl_k_thread_abort
                0x0000000008004cd8       0x34 zephyr/arch/arch/arm/core/cortex_m/libarch__arm__core__cortex_m.a(thread_abort.c.obj)
                0x0000000008004cd8                z_impl_k_thread_abort
 .text.arch_swap
                0x0000000008004d0c       0x34 zephyr/arch/arch/arm/core/cortex_m/libarch__arm__core__cortex_m.a(swap.c.obj)
                0x0000000008004d0c                arch_swap
 .text.z_arm_pendsv
                0x0000000008004d40       0x68 zephyr/arch/arch/arm/core/cortex_m/libarch__arm__core__cortex_m.a(swap_helper.S.obj)
                0x0000000008004d40                z_arm_pendsv
 .text.z_arm_svc
                0x0000000008004da8       0x20 zephyr/arch/arch/arm/core/cortex_m/libarch__arm__core__cortex_m.a(swap_helper.S.obj)
                0x0000000008004da8                z_arm_svc
 .text.__NVIC_EnableIRQ
                0x0000000008004dc8       0x1c zephyr/arch/arch/arm/core/cortex_m/libarch__arm__core__cortex_m.a(irq_manage.c.obj)
 .text.__NVIC_SetPriority
                0x0000000008004de4       0x28 zephyr/arch/arch/arm/core/cortex_m/libarch__arm__core__cortex_m.a(irq_manage.c.obj)
 .text.z_prep_c
                0x0000000008004e0c       0x48 zephyr/arch/arch/arm/core/cortex_m/libarch__arm__core__cortex_m.a(prep_c.c.obj)
                0x0000000008004e0c                z_prep_c
 .text.arch_new_thread
                0x0000000008004e54       0x44 zephyr/arch/arch/arm/core/cortex_m/libarch__arm__core__cortex_m.a(thread.c.obj)
                0x0000000008004e54                arch_new_thread
 .text.z_check_thread_stack_fail
                0x0000000008004e98       0x48 zephyr/arch/arch/arm/core/cortex_m/libarch__arm__core__cortex_m.a(thread.c.obj)
                0x0000000008004e98                z_check_thread_stack_fail
 .text.arch_switch_to_main_thread
                0x0000000008004ee0       0x38 zephyr/arch/arch/arm/core/cortex_m/libarch__arm__core__cortex_m.a(thread.c.obj)
                0x0000000008004ee0                arch_switch_to_main_thread
 .text.z_arm_cpu_idle_init
                0x0000000008004f18        0xc zephyr/arch/arch/arm/core/cortex_m/libarch__arm__core__cortex_m.a(cpu_idle.S.obj)
                0x0000000008004f18                z_arm_cpu_idle_init
 .text.arch_cpu_idle
                0x0000000008004f24       0x1c zephyr/arch/arch/arm/core/cortex_m/libarch__arm__core__cortex_m.a(cpu_idle.S.obj)
                0x0000000008004f24                arch_cpu_idle
 .text.z_arm_interrupt_init
                0x0000000008004f40       0x34 zephyr/arch/arch/arm/core/cortex_m/libarch__arm__core__cortex_m.a(irq_init.c.obj)
                0x0000000008004f40                z_arm_interrupt_init
 .text._isr_wrapper
                0x0000000008004f74       0x28 zephyr/arch/arch/arm/core/cortex_m/libarch__arm__core__cortex_m.a(isr_wrapper.S.obj)
                0x0000000008004f74                _isr_wrapper
 .text.arch_timing_init
                0x0000000008004f9c       0x28 zephyr/arch/arch/arm/core/cortex_m/libarch__arm__core__cortex_m.a(timing.c.obj)
                0x0000000008004f9c                arch_timing_init
 .text.arch_timing_start
                0x0000000008004fc4       0x14 zephyr/arch/arch/arm/core/cortex_m/libarch__arm__core__cortex_m.a(timing.c.obj)
                0x0000000008004fc4                arch_timing_start
 .text.arch_timing_counter_get
                0x0000000008004fd8        0xc zephyr/arch/arch/arm/core/cortex_m/libarch__arm__core__cortex_m.a(timing.c.obj)
                0x0000000008004fd8                arch_timing_counter_get
 .text.arch_timing_freq_get
                0x0000000008004fe4        0xc zephyr/arch/arch/arm/core/cortex_m/libarch__arm__core__cortex_m.a(timing.c.obj)
                0x0000000008004fe4                arch_timing_freq_get
 .text.arch_timing_freq_get_mhz
                0x0000000008004ff0       0x14 zephyr/arch/arch/arm/core/cortex_m/libarch__arm__core__cortex_m.a(timing.c.obj)
                0x0000000008004ff0                arch_timing_freq_get_mhz
 .text.z_arm_configure_static_mpu_regions
                0x0000000008005004       0x1c zephyr/arch/arch/arm/core/mpu/libarch__arm__core__mpu.a(arm_core_mpu.c.obj)
                0x0000000008005004                z_arm_configure_static_mpu_regions
 .text.z_arm_configure_dynamic_mpu_regions
                0x0000000008005020       0x24 zephyr/arch/arch/arm/core/mpu/libarch__arm__core__mpu.a(arm_core_mpu.c.obj)
                0x0000000008005020                z_arm_configure_dynamic_mpu_regions
 .text.region_init
                0x0000000008005044       0x28 zephyr/arch/arch/arm/core/mpu/libarch__arm__core__mpu.a(arm_mpu.c.obj)
 .text.region_allocate_and_init
                0x000000000800506c       0xb4 zephyr/arch/arch/arm/core/mpu/libarch__arm__core__mpu.a(arm_mpu.c.obj)
 .text.mpu_configure_regions
                0x0000000008005120       0xe0 zephyr/arch/arch/arm/core/mpu/libarch__arm__core__mpu.a(arm_mpu.c.obj)
 .text.mpu_configure_static_mpu_regions
                0x0000000008005200       0x14 zephyr/arch/arch/arm/core/mpu/libarch__arm__core__mpu.a(arm_mpu.c.obj)
 .text.mpu_configure_dynamic_mpu_regions
                0x0000000008005214       0x3c zephyr/arch/arch/arm/core/mpu/libarch__arm__core__mpu.a(arm_mpu.c.obj)
 .text.mpu_configure_regions_from_dt
                0x0000000008005250      0x248 zephyr/arch/arch/arm/core/mpu/libarch__arm__core__mpu.a(arm_mpu.c.obj)
 .text.arm_core_mpu_enable
                0x0000000008005498       0x18 zephyr/arch/arch/arm/core/mpu/libarch__arm__core__mpu.a(arm_mpu.c.obj)
                0x0000000008005498                arm_core_mpu_enable
 .text.arm_core_mpu_disable
                0x00000000080054b0       0x14 zephyr/arch/arch/arm/core/mpu/libarch__arm__core__mpu.a(arm_mpu.c.obj)
                0x00000000080054b0                arm_core_mpu_disable
 .text.z_arm_mpu_init
                0x00000000080054c4       0x80 zephyr/arch/arch/arm/core/mpu/libarch__arm__core__mpu.a(arm_mpu.c.obj)
                0x00000000080054c4                z_arm_mpu_init
 .text.z_impl_zephyr_fputc
                0x0000000008005544       0x10 zephyr/lib/libc/picolibc/liblib__libc__picolibc.a(libc-hooks.c.obj)
                0x0000000008005544                z_impl_zephyr_fputc
 .text.__stdout_hook_install
                0x0000000008005554       0x18 zephyr/lib/libc/picolibc/liblib__libc__picolibc.a(libc-hooks.c.obj)
                0x0000000008005554                __stdout_hook_install
 .text.cbvprintf
                0x000000000800556c       0x34 zephyr/lib/libc/picolibc/liblib__libc__picolibc.a(libc-hooks.c.obj)
                0x000000000800556c                cbvprintf
 .text.malloc_prepare
                0x00000000080055a0       0x24 zephyr/lib/libc/common/liblib__libc__common.a(malloc.c.obj)
 .text.bt_addr_le_to_str
                0x00000000080055c4       0xa8 zephyr/subsys/bluetooth/common/libsubsys__bluetooth__common.a(bt_str.c.obj)
 .text.bt_hex   0x000000000800566c       0x58 zephyr/subsys/bluetooth/common/libsubsys__bluetooth__common.a(bt_str.c.obj)
                0x000000000800566c                bt_hex
 .text.bt_addr_le_str
                0x00000000080056c4       0x14 zephyr/subsys/bluetooth/common/libsubsys__bluetooth__common.a(bt_str.c.obj)
                0x00000000080056c4                bt_addr_le_str
 .text.long_wq_init
                0x00000000080056d8       0x3c zephyr/subsys/bluetooth/host/libsubsys__bluetooth__host.a(long_wq.c.obj)
 .text.bt_long_wq_schedule
                0x0000000008005714       0x10 zephyr/subsys/bluetooth/host/libsubsys__bluetooth__host.a(long_wq.c.obj)
                0x0000000008005714                bt_long_wq_schedule
 .text.uuid_to_uuid128
                0x0000000008005724       0xa4 zephyr/subsys/bluetooth/host/libsubsys__bluetooth__host.a(uuid.c.obj)
 .text.bt_buf_get_rx
                0x00000000080057c8       0x20 zephyr/subsys/bluetooth/host/libsubsys__bluetooth__host.a(buf.c.obj)
                0x00000000080057c8                bt_buf_get_rx
 .text.bt_buf_get_evt
                0x00000000080057e8       0x40 zephyr/subsys/bluetooth/host/libsubsys__bluetooth__host.a(buf.c.obj)
                0x00000000080057e8                bt_buf_get_evt
 .text.conn_handle_disconnected
                0x0000000008005828       0x20 zephyr/subsys/bluetooth/host/libsubsys__bluetooth__host.a(hci_core.c.obj)
 .text.conn_handle_is_disconnected
                0x0000000008005848       0x2c zephyr/subsys/bluetooth/host/libsubsys__bluetooth__host.a(hci_core.c.obj)
 .text.read_local_ver_complete
                0x0000000008005874       0x2c zephyr/subsys/bluetooth/host/libsubsys__bluetooth__host.a(hci_core.c.obj)
 .text.read_le_features_complete
                0x00000000080058a0       0x14 zephyr/subsys/bluetooth/host/libsubsys__bluetooth__host.a(hci_core.c.obj)
 .text.read_supported_commands_complete
                0x00000000080058b4       0x34 zephyr/subsys/bluetooth/host/libsubsys__bluetooth__host.a(hci_core.c.obj)
 .text.read_local_features_complete
                0x00000000080058e8       0x14 zephyr/subsys/bluetooth/host/libsubsys__bluetooth__host.a(hci_core.c.obj)
 .text.le_read_supp_states_complete
                0x00000000080058fc       0x18 zephyr/subsys/bluetooth/host/libsubsys__bluetooth__host.a(hci_core.c.obj)
 .text.le_read_resolving_list_size_complete
                0x0000000008005914       0x10 zephyr/subsys/bluetooth/host/libsubsys__bluetooth__host.a(hci_core.c.obj)
 .text.hci_reset_complete
                0x0000000008005924       0x38 zephyr/subsys/bluetooth/host/libsubsys__bluetooth__host.a(hci_core.c.obj)
 .text.le_read_buffer_size_complete
                0x000000000800595c       0x2c zephyr/subsys/bluetooth/host/libsubsys__bluetooth__host.a(hci_core.c.obj)
 .text.read_buffer_size_complete
                0x0000000008005988       0x2c zephyr/subsys/bluetooth/host/libsubsys__bluetooth__host.a(hci_core.c.obj)
 .text.hci_data_buf_overflow
                0x00000000080059b4       0x94 zephyr/subsys/bluetooth/host/libsubsys__bluetooth__host.a(hci_core.c.obj)
 .text.handle_event_common
                0x0000000008005a48       0xd8 zephyr/subsys/bluetooth/host/libsubsys__bluetooth__host.a(hci_core.c.obj)
 .text.le_conn_complete_cancel
                0x0000000008005b20       0xc0 zephyr/subsys/bluetooth/host/libsubsys__bluetooth__host.a(hci_core.c.obj)
 .text.hci_disconn_complete
                0x0000000008005be0       0xe4 zephyr/subsys/bluetooth/host/libsubsys__bluetooth__host.a(hci_core.c.obj)
 .text.le_data_len_change
                0x0000000008005cc4       0xa8 zephyr/subsys/bluetooth/host/libsubsys__bluetooth__host.a(hci_core.c.obj)
 .text.hci_num_completed_packets
                0x0000000008005d6c      0x2a0 zephyr/subsys/bluetooth/host/libsubsys__bluetooth__host.a(hci_core.c.obj)
 .text.hci_cmd_done
                0x000000000800600c      0x238 zephyr/subsys/bluetooth/host/libsubsys__bluetooth__host.a(hci_core.c.obj)
 .text.le_remote_feat_complete
                0x0000000008006244       0xe0 zephyr/subsys/bluetooth/host/libsubsys__bluetooth__host.a(hci_core.c.obj)
 .text.hci_cmd_status
                0x0000000008006324       0x28 zephyr/subsys/bluetooth/host/libsubsys__bluetooth__host.a(hci_core.c.obj)
 .text.hci_cmd_complete
                0x000000000800634c       0xc8 zephyr/subsys/bluetooth/host/libsubsys__bluetooth__host.a(hci_core.c.obj)
 .text.hci_hardware_error
                0x0000000008006414       0x9c zephyr/subsys/bluetooth/host/libsubsys__bluetooth__host.a(hci_core.c.obj)
 .text.handle_event
                0x00000000080064b0       0xf8 zephyr/subsys/bluetooth/host/libsubsys__bluetooth__host.a(hci_core.c.obj)
 .text.hci_event
                0x00000000080065a8       0xfc zephyr/subsys/bluetooth/host/libsubsys__bluetooth__host.a(hci_core.c.obj)
 .text.hci_le_meta_event
                0x00000000080066a4       0x20 zephyr/subsys/bluetooth/host/libsubsys__bluetooth__host.a(hci_core.c.obj)
 .text.rx_queue_put
                0x00000000080066c4       0xbc zephyr/subsys/bluetooth/host/libsubsys__bluetooth__host.a(hci_core.c.obj)
 .text.hci_acl  0x0000000008006780      0x214 zephyr/subsys/bluetooth/host/libsubsys__bluetooth__host.a(hci_core.c.obj)
 .text.rx_work_handler
                0x0000000008006994      0x164 zephyr/subsys/bluetooth/host/libsubsys__bluetooth__host.a(hci_core.c.obj)
 .text.le_conn_update_complete
                0x0000000008006af8      0x108 zephyr/subsys/bluetooth/host/libsubsys__bluetooth__host.a(hci_core.c.obj)
 .text.bt_hci_cmd_state_set_init
                0x0000000008006c00       0x24 zephyr/subsys/bluetooth/host/libsubsys__bluetooth__host.a(hci_core.c.obj)
                0x0000000008006c00                bt_hci_cmd_state_set_init
 .text.bt_hci_cmd_create
                0x0000000008006c24       0x7c zephyr/subsys/bluetooth/host/libsubsys__bluetooth__host.a(hci_core.c.obj)
                0x0000000008006c24                bt_hci_cmd_create
 .text.bt_hci_cmd_send_sync
                0x0000000008006ca0      0x198 zephyr/subsys/bluetooth/host/libsubsys__bluetooth__host.a(hci_core.c.obj)
                0x0000000008006ca0                bt_hci_cmd_send_sync
 .text.common_init
                0x0000000008006e38       0x9c zephyr/subsys/bluetooth/host/libsubsys__bluetooth__host.a(hci_core.c.obj)
 .text.hci_le_read_max_data_len
                0x0000000008006ed4       0xbc zephyr/subsys/bluetooth/host/libsubsys__bluetooth__host.a(hci_core.c.obj)
 .text.le_set_event_mask
                0x0000000008006f90       0xa0 zephyr/subsys/bluetooth/host/libsubsys__bluetooth__host.a(hci_core.c.obj)
 .text.le_init  0x0000000008007030      0x1e4 zephyr/subsys/bluetooth/host/libsubsys__bluetooth__host.a(hci_core.c.obj)
 .text.bt_br_init
                0x0000000008007214       0x38 zephyr/subsys/bluetooth/host/libsubsys__bluetooth__host.a(hci_core.c.obj)
 .text.hci_init
                0x000000000800724c       0xe0 zephyr/subsys/bluetooth/host/libsubsys__bluetooth__host.a(hci_core.c.obj)
 .text.bt_le_create_conn_legacy
                0x000000000800732c       0xc0 zephyr/subsys/bluetooth/host/libsubsys__bluetooth__host.a(hci_core.c.obj)
 .text.bt_hci_le_rand
                0x00000000080073ec       0x58 zephyr/subsys/bluetooth/host/libsubsys__bluetooth__host.a(hci_core.c.obj)
                0x00000000080073ec                bt_hci_le_rand
 .text.le_phy_update_complete
                0x0000000008007444       0xc8 zephyr/subsys/bluetooth/host/libsubsys__bluetooth__host.a(hci_core.c.obj)
 .text.bt_le_create_conn_cancel
                0x000000000800750c       0x34 zephyr/subsys/bluetooth/host/libsubsys__bluetooth__host.a(hci_core.c.obj)
                0x000000000800750c                bt_le_create_conn_cancel
 .text.conn_auto_initiate
                0x0000000008007540      0x188 zephyr/subsys/bluetooth/host/libsubsys__bluetooth__host.a(hci_core.c.obj)
 .text.bt_hci_le_enh_conn_complete
                0x00000000080076c8      0x254 zephyr/subsys/bluetooth/host/libsubsys__bluetooth__host.a(hci_core.c.obj)
                0x00000000080076c8                bt_hci_le_enh_conn_complete
 .text.le_legacy_conn_complete
                0x000000000800791c       0x70 zephyr/subsys/bluetooth/host/libsubsys__bluetooth__host.a(hci_core.c.obj)
 .text.hci_encrypt_key_refresh_complete
                0x000000000800798c      0x188 zephyr/subsys/bluetooth/host/libsubsys__bluetooth__host.a(hci_core.c.obj)
 .text.hci_encrypt_change
                0x0000000008007b14      0x190 zephyr/subsys/bluetooth/host/libsubsys__bluetooth__host.a(hci_core.c.obj)
 .text.bt_hci_get_ver_str
                0x0000000008007ca4       0x44 zephyr/subsys/bluetooth/host/libsubsys__bluetooth__host.a(hci_core.c.obj)
                0x0000000008007ca4                bt_hci_get_ver_str
 .text.bt_dev_show_info
                0x0000000008007ce8      0x3a8 zephyr/subsys/bluetooth/host/libsubsys__bluetooth__host.a(hci_core.c.obj)
 .text.bt_send  0x0000000008008090       0x14 zephyr/subsys/bluetooth/host/libsubsys__bluetooth__host.a(hci_core.c.obj)
                0x0000000008008090                bt_send
 .text.bt_hci_cmd_send
                0x00000000080080a4       0xe0 zephyr/subsys/bluetooth/host/libsubsys__bluetooth__host.a(hci_core.c.obj)
                0x00000000080080a4                bt_hci_cmd_send
 .text.le_ltk_reply
                0x0000000008008184       0xcc zephyr/subsys/bluetooth/host/libsubsys__bluetooth__host.a(hci_core.c.obj)
 .text.le_ltk_neg_reply
                0x0000000008008250       0xb4 zephyr/subsys/bluetooth/host/libsubsys__bluetooth__host.a(hci_core.c.obj)
 .text.le_ltk_request
                0x0000000008008304       0xd8 zephyr/subsys/bluetooth/host/libsubsys__bluetooth__host.a(hci_core.c.obj)
 .text.le_conn_param_neg_reply
                0x00000000080083dc       0xb8 zephyr/subsys/bluetooth/host/libsubsys__bluetooth__host.a(hci_core.c.obj)
 .text.le_conn_param_req
                0x0000000008008494       0xe4 zephyr/subsys/bluetooth/host/libsubsys__bluetooth__host.a(hci_core.c.obj)
 .text.send_cmd
                0x0000000008008578      0x1c4 zephyr/subsys/bluetooth/host/libsubsys__bluetooth__host.a(hci_core.c.obj)
 .text.process_events
                0x000000000800873c       0xd8 zephyr/subsys/bluetooth/host/libsubsys__bluetooth__host.a(hci_core.c.obj)
 .text.hci_tx_thread
                0x0000000008008814       0x64 zephyr/subsys/bluetooth/host/libsubsys__bluetooth__host.a(hci_core.c.obj)
 .text.hci_event_prio
                0x0000000008008878      0x124 zephyr/subsys/bluetooth/host/libsubsys__bluetooth__host.a(hci_core.c.obj)
                0x0000000008008878                hci_event_prio
 .text.bt_recv  0x000000000800899c       0xe0 zephyr/subsys/bluetooth/host/libsubsys__bluetooth__host.a(hci_core.c.obj)
                0x000000000800899c                bt_recv
 .text.bt_hci_driver_register
                0x0000000008008a7c       0x30 zephyr/subsys/bluetooth/host/libsubsys__bluetooth__host.a(hci_core.c.obj)
                0x0000000008008a7c                bt_hci_driver_register
 .text.bt_finalize_init
                0x0000000008008aac       0x2c zephyr/subsys/bluetooth/host/libsubsys__bluetooth__host.a(hci_core.c.obj)
                0x0000000008008aac                bt_finalize_init
 .text.init_work
                0x0000000008008ad8       0x14 zephyr/subsys/bluetooth/host/libsubsys__bluetooth__host.a(hci_core.c.obj)
 .text.bt_enable
                0x0000000008008aec      0x224 zephyr/subsys/bluetooth/host/libsubsys__bluetooth__host.a(hci_core.c.obj)
                0x0000000008008aec                bt_enable
 .text.bt_get_name
                0x0000000008008d10        0x8 zephyr/subsys/bluetooth/host/libsubsys__bluetooth__host.a(hci_core.c.obj)
                0x0000000008008d10                bt_get_name
 .text.id_find  0x0000000008008d18       0x38 zephyr/subsys/bluetooth/host/libsubsys__bluetooth__host.a(id.c.obj)
 .text.set_random_address
                0x0000000008008d50       0x5c zephyr/subsys/bluetooth/host/libsubsys__bluetooth__host.a(id.c.obj)
 .text.bt_id_pending_keys_update_set
                0x0000000008008dac       0x28 zephyr/subsys/bluetooth/host/libsubsys__bluetooth__host.a(id.c.obj)
 .text.le_set_privacy_mode
                0x0000000008008dd4       0xdc zephyr/subsys/bluetooth/host/libsubsys__bluetooth__host.a(id.c.obj)
 .text.id_create
                0x0000000008008eb0       0x78 zephyr/subsys/bluetooth/host/libsubsys__bluetooth__host.a(id.c.obj)
 .text.bt_id_pending_keys_update
                0x0000000008008f28       0x38 zephyr/subsys/bluetooth/host/libsubsys__bluetooth__host.a(id.c.obj)
                0x0000000008008f28                bt_id_pending_keys_update
 .text.bt_id_find_conflict
                0x0000000008008f60       0x24 zephyr/subsys/bluetooth/host/libsubsys__bluetooth__host.a(id.c.obj)
                0x0000000008008f60                bt_id_find_conflict
 .text.bt_id_add
                0x0000000008008f84      0x39c zephyr/subsys/bluetooth/host/libsubsys__bluetooth__host.a(id.c.obj)
                0x0000000008008f84                bt_id_add
 .text.bt_id_del
                0x0000000008009320      0x200 zephyr/subsys/bluetooth/host/libsubsys__bluetooth__host.a(id.c.obj)
                0x0000000008009320                bt_id_del
 .text.bt_id_create
                0x0000000008009520      0x140 zephyr/subsys/bluetooth/host/libsubsys__bluetooth__host.a(id.c.obj)
                0x0000000008009520                bt_id_create
 .text.bt_id_read_public_addr
                0x0000000008009660      0x174 zephyr/subsys/bluetooth/host/libsubsys__bluetooth__host.a(id.c.obj)
                0x0000000008009660                bt_id_read_public_addr
 .text.bt_setup_public_id_addr
                0x00000000080097d4       0x28 zephyr/subsys/bluetooth/host/libsubsys__bluetooth__host.a(id.c.obj)
                0x00000000080097d4                bt_setup_public_id_addr
 .text.bt_id_set_create_conn_own_addr
                0x00000000080097fc       0x34 zephyr/subsys/bluetooth/host/libsubsys__bluetooth__host.a(id.c.obj)
                0x00000000080097fc                bt_id_set_create_conn_own_addr
 .text.bt_id_set_scan_own_addr
                0x0000000008009830       0x30 zephyr/subsys/bluetooth/host/libsubsys__bluetooth__host.a(id.c.obj)
                0x0000000008009830                bt_id_set_scan_own_addr
 .text.bt_id_init
                0x0000000008009860      0x1bc zephyr/subsys/bluetooth/host/libsubsys__bluetooth__host.a(id.c.obj)
                0x0000000008009860                bt_id_init
 .text.bt_le_scan_set_enable_legacy
                0x0000000008009a1c       0x6c zephyr/subsys/bluetooth/host/libsubsys__bluetooth__host.a(scan.c.obj)
 .text.bt_scan_reset
                0x0000000008009a88        0xc zephyr/subsys/bluetooth/host/libsubsys__bluetooth__host.a(scan.c.obj)
                0x0000000008009a88                bt_scan_reset
 .text.start_le_scan_legacy
                0x0000000008009a94       0x80 zephyr/subsys/bluetooth/host/libsubsys__bluetooth__host.a(scan.c.obj)
 .text.bt_le_scan_update
                0x0000000008009b14       0x90 zephyr/subsys/bluetooth/host/libsubsys__bluetooth__host.a(scan.c.obj)
                0x0000000008009b14                bt_le_scan_update
 .text.check_pending_conn
                0x0000000008009ba4       0x90 zephyr/subsys/bluetooth/host/libsubsys__bluetooth__host.a(scan.c.obj)
 .text.le_adv_recv
                0x0000000008009c34      0x138 zephyr/subsys/bluetooth/host/libsubsys__bluetooth__host.a(scan.c.obj)
 .text.bt_hci_le_adv_report
                0x0000000008009d6c      0x178 zephyr/subsys/bluetooth/host/libsubsys__bluetooth__host.a(scan.c.obj)
                0x0000000008009d6c                bt_hci_le_adv_report
 .text.bt_le_scan_start
                0x0000000008009ee4      0x100 zephyr/subsys/bluetooth/host/libsubsys__bluetooth__host.a(scan.c.obj)
                0x0000000008009ee4                bt_le_scan_start
 .text.bt_le_scan_stop
                0x0000000008009fe4       0x38 zephyr/subsys/bluetooth/host/libsubsys__bluetooth__host.a(scan.c.obj)
                0x0000000008009fe4                bt_le_scan_stop
 .text.prng_reseed
                0x000000000800a01c      0x104 zephyr/subsys/bluetooth/host/libsubsys__bluetooth__host.a(crypto.c.obj)
 .text.prng_init
                0x000000000800a120       0xb8 zephyr/subsys/bluetooth/host/libsubsys__bluetooth__host.a(crypto.c.obj)
                0x000000000800a120                prng_init
 .text.bt_rand  0x000000000800a1d8       0x4c zephyr/subsys/bluetooth/host/libsubsys__bluetooth__host.a(crypto.c.obj)
                0x000000000800a1d8                bt_rand
 .text.bt_pub_key_is_debug
                0x000000000800a224       0x18 zephyr/subsys/bluetooth/host/libsubsys__bluetooth__host.a(ecc.c.obj)
                0x000000000800a224                bt_pub_key_is_debug
 .text.bt_pub_key_gen
                0x000000000800a23c      0x270 zephyr/subsys/bluetooth/host/libsubsys__bluetooth__host.a(ecc.c.obj)
                0x000000000800a23c                bt_pub_key_gen
 .text.bt_pub_key_get
                0x000000000800a4ac       0x24 zephyr/subsys/bluetooth/host/libsubsys__bluetooth__host.a(ecc.c.obj)
                0x000000000800a4ac                bt_pub_key_get
 .text.bt_dh_key_gen
                0x000000000800a4d0       0xf4 zephyr/subsys/bluetooth/host/libsubsys__bluetooth__host.a(ecc.c.obj)
                0x000000000800a4d0                bt_dh_key_gen
 .text.bt_hci_evt_le_pkey_complete
                0x000000000800a5c4       0xa0 zephyr/subsys/bluetooth/host/libsubsys__bluetooth__host.a(ecc.c.obj)
                0x000000000800a5c4                bt_hci_evt_le_pkey_complete
 .text.bt_hci_evt_le_dhkey_complete
                0x000000000800a664       0x24 zephyr/subsys/bluetooth/host/libsubsys__bluetooth__host.a(ecc.c.obj)
                0x000000000800a664                bt_hci_evt_le_dhkey_complete
 .text.state2str
                0x000000000800a688       0x64 zephyr/subsys/bluetooth/host/libsubsys__bluetooth__host.a(conn.c.obj)
 .text.notify_recycled_conn_slot
                0x000000000800a6ec       0x3c zephyr/subsys/bluetooth/host/libsubsys__bluetooth__host.a(conn.c.obj)
 .text.notify_connected
                0x000000000800a728       0x44 zephyr/subsys/bluetooth/host/libsubsys__bluetooth__host.a(conn.c.obj)
 .text.notify_disconnected
                0x000000000800a76c       0x44 zephyr/subsys/bluetooth/host/libsubsys__bluetooth__host.a(conn.c.obj)
 .text.create_param_setup
                0x000000000800a7b0       0x38 zephyr/subsys/bluetooth/host/libsubsys__bluetooth__host.a(conn.c.obj)
 .text.tx_free  0x000000000800a7e8       0x18 zephyr/subsys/bluetooth/host/libsubsys__bluetooth__host.a(conn.c.obj)
 .text.conn_tx_alloc
                0x000000000800a800       0x38 zephyr/subsys/bluetooth/host/libsubsys__bluetooth__host.a(conn.c.obj)
 .text.bt_conn_get_pkts
                0x000000000800a838       0x18 zephyr/subsys/bluetooth/host/libsubsys__bluetooth__host.a(conn.c.obj)
                0x000000000800a838                bt_conn_get_pkts
 .text.do_send_frag
                0x000000000800a850      0x15c zephyr/subsys/bluetooth/host/libsubsys__bluetooth__host.a(conn.c.obj)
 .text.send_frag
                0x000000000800a9ac       0x8c zephyr/subsys/bluetooth/host/libsubsys__bluetooth__host.a(conn.c.obj)
 .text.bt_conn_new
                0x000000000800aa38       0x68 zephyr/subsys/bluetooth/host/libsubsys__bluetooth__host.a(conn.c.obj)
                0x000000000800aa38                bt_conn_new
 .text.acl_conn_new
                0x000000000800aaa0       0x10 zephyr/subsys/bluetooth/host/libsubsys__bluetooth__host.a(conn.c.obj)
 .text.bt_acl_recv
                0x000000000800aab0      0x36c zephyr/subsys/bluetooth/host/libsubsys__bluetooth__host.a(conn.c.obj)
 .text.bt_conn_send_cb
                0x000000000800ae1c      0x20c zephyr/subsys/bluetooth/host/libsubsys__bluetooth__host.a(conn.c.obj)
                0x000000000800ae1c                bt_conn_send_cb
 .text.bt_conn_prepare_events
                0x000000000800b028       0x48 zephyr/subsys/bluetooth/host/libsubsys__bluetooth__host.a(conn.c.obj)
                0x000000000800b028                bt_conn_prepare_events
 .text.bt_conn_set_state
                0x000000000800b070      0x32c zephyr/subsys/bluetooth/host/libsubsys__bluetooth__host.a(conn.c.obj)
                0x000000000800b070                bt_conn_set_state
 .text.bt_conn_lookup_handle
                0x000000000800b39c       0xc4 zephyr/subsys/bluetooth/host/libsubsys__bluetooth__host.a(conn.c.obj)
                0x000000000800b39c                bt_conn_lookup_handle
 .text.bt_conn_foreach
                0x000000000800b460       0x44 zephyr/subsys/bluetooth/host/libsubsys__bluetooth__host.a(conn.c.obj)
                0x000000000800b460                bt_conn_foreach
 .text.bt_conn_index
                0x000000000800b4a4       0x18 zephyr/subsys/bluetooth/host/libsubsys__bluetooth__host.a(conn.c.obj)
                0x000000000800b4a4                bt_conn_index
 .text.bt_conn_create_pdu_timeout
                0x000000000800b4bc       0xb0 zephyr/subsys/bluetooth/host/libsubsys__bluetooth__host.a(conn.c.obj)
                0x000000000800b4bc                bt_conn_create_pdu_timeout
 .text.notify_le_param_updated
                0x000000000800b56c       0xa0 zephyr/subsys/bluetooth/host/libsubsys__bluetooth__host.a(conn.c.obj)
                0x000000000800b56c                notify_le_param_updated
 .text.notify_le_phy_updated
                0x000000000800b60c       0x48 zephyr/subsys/bluetooth/host/libsubsys__bluetooth__host.a(conn.c.obj)
                0x000000000800b60c                notify_le_phy_updated
 .text.le_param_req
                0x000000000800b654       0x74 zephyr/subsys/bluetooth/host/libsubsys__bluetooth__host.a(conn.c.obj)
                0x000000000800b654                le_param_req
 .text.bt_conn_identity_resolved
                0x000000000800b6c8       0x5c zephyr/subsys/bluetooth/host/libsubsys__bluetooth__host.a(conn.c.obj)
                0x000000000800b6c8                bt_conn_identity_resolved
 .text.bt_conn_security_changed
                0x000000000800b724       0x58 zephyr/subsys/bluetooth/host/libsubsys__bluetooth__host.a(conn.c.obj)
                0x000000000800b724                bt_conn_security_changed
 .text.bt_conn_lookup_addr_le
                0x000000000800b77c       0x48 zephyr/subsys/bluetooth/host/libsubsys__bluetooth__host.a(conn.c.obj)
                0x000000000800b77c                bt_conn_lookup_addr_le
 .text.bt_conn_exists_le
                0x000000000800b7c4      0x118 zephyr/subsys/bluetooth/host/libsubsys__bluetooth__host.a(conn.c.obj)
                0x000000000800b7c4                bt_conn_exists_le
 .text.conn_le_create_common_checks
                0x000000000800b8dc       0x84 zephyr/subsys/bluetooth/host/libsubsys__bluetooth__host.a(conn.c.obj)
 .text.bt_conn_lookup_state_le
                0x000000000800b960       0x64 zephyr/subsys/bluetooth/host/libsubsys__bluetooth__host.a(conn.c.obj)
                0x000000000800b960                bt_conn_lookup_state_le
 .text.bt_conn_le_create
                0x000000000800b9c4       0xac zephyr/subsys/bluetooth/host/libsubsys__bluetooth__host.a(conn.c.obj)
                0x000000000800b9c4                bt_conn_le_create
 .text.bt_le_set_auto_conn
                0x000000000800ba70       0xd0 zephyr/subsys/bluetooth/host/libsubsys__bluetooth__host.a(conn.c.obj)
                0x000000000800ba70                bt_le_set_auto_conn
 .text.send_conn_le_param_update
                0x000000000800bb40       0x70 zephyr/subsys/bluetooth/host/libsubsys__bluetooth__host.a(conn.c.obj)
 .text.deferred_work
                0x000000000800bbb0      0x138 zephyr/subsys/bluetooth/host/libsubsys__bluetooth__host.a(conn.c.obj)
 .text.bt_conn_create_frag_timeout
                0x000000000800bce8       0x10 zephyr/subsys/bluetooth/host/libsubsys__bluetooth__host.a(conn.c.obj)
                0x000000000800bce8                bt_conn_create_frag_timeout
 .text.send_buf
                0x000000000800bcf8       0x88 zephyr/subsys/bluetooth/host/libsubsys__bluetooth__host.a(conn.c.obj)
 .text.bt_conn_process_tx
                0x000000000800bd80       0x88 zephyr/subsys/bluetooth/host/libsubsys__bluetooth__host.a(conn.c.obj)
                0x000000000800bd80                bt_conn_process_tx
 .text.bt_conn_init
                0x000000000800be08       0x78 zephyr/subsys/bluetooth/host/libsubsys__bluetooth__host.a(conn.c.obj)
                0x000000000800be08                bt_conn_init
 .text.get_ident
                0x000000000800be80       0x1c zephyr/subsys/bluetooth/host/libsubsys__bluetooth__host.a(l2cap.c.obj)
 .text.l2cap_accept
                0x000000000800be9c       0xcc zephyr/subsys/bluetooth/host/libsubsys__bluetooth__host.a(l2cap.c.obj)
 .text.le_conn_param_rsp
                0x000000000800bf68       0x98 zephyr/subsys/bluetooth/host/libsubsys__bluetooth__host.a(l2cap.c.obj)
 .text.l2cap_chan_add
                0x000000000800c000       0xbc zephyr/subsys/bluetooth/host/libsubsys__bluetooth__host.a(l2cap.c.obj)
 .text.bt_l2cap_connected
                0x000000000800c0bc       0x74 zephyr/subsys/bluetooth/host/libsubsys__bluetooth__host.a(l2cap.c.obj)
                0x000000000800c0bc                bt_l2cap_connected
 .text.l2cap_create_le_sig_pdu
                0x000000000800c130       0xc0 zephyr/subsys/bluetooth/host/libsubsys__bluetooth__host.a(l2cap.c.obj)
 .text.le_conn_param_update_req
                0x000000000800c1f0      0x188 zephyr/subsys/bluetooth/host/libsubsys__bluetooth__host.a(l2cap.c.obj)
 .text.l2cap_recv
                0x000000000800c378      0x27c zephyr/subsys/bluetooth/host/libsubsys__bluetooth__host.a(l2cap.c.obj)
 .text.bt_l2cap_recv
                0x000000000800c5f4      0x150 zephyr/subsys/bluetooth/host/libsubsys__bluetooth__host.a(l2cap.c.obj)
                0x000000000800c5f4                bt_l2cap_recv
 .text.att_op_get_type
                0x000000000800c744       0xa4 zephyr/subsys/bluetooth/host/libsubsys__bluetooth__host.a(att.c.obj)
 .text.chan_req_notif_sent
                0x000000000800c7e8       0xc4 zephyr/subsys/bluetooth/host/libsubsys__bluetooth__host.a(att.c.obj)
 .text.chan_rebegin_att_timeout
                0x000000000800c8ac       0xb0 zephyr/subsys/bluetooth/host/libsubsys__bluetooth__host.a(att.c.obj)
 .text.att_get  0x000000000800c95c      0x1ac zephyr/subsys/bluetooth/host/libsubsys__bluetooth__host.a(att.c.obj)
 .text.att_chan_new
                0x000000000800cb08      0x144 zephyr/subsys/bluetooth/host/libsubsys__bluetooth__host.a(att.c.obj)
 .text.bt_att_accept
                0x000000000800cc4c       0xfc zephyr/subsys/bluetooth/host/libsubsys__bluetooth__host.a(att.c.obj)
 .text.bt_att_released
                0x000000000800cd48       0x10 zephyr/subsys/bluetooth/host/libsubsys__bluetooth__host.a(att.c.obj)
 .text.read_group_cb
                0x000000000800cd58       0xc0 zephyr/subsys/bluetooth/host/libsubsys__bluetooth__host.a(att.c.obj)
 .text.read_type_cb
                0x000000000800ce18       0xbc zephyr/subsys/bluetooth/host/libsubsys__bluetooth__host.a(att.c.obj)
 .text.find_type_cb
                0x000000000800ced4      0x298 zephyr/subsys/bluetooth/host/libsubsys__bluetooth__host.a(att.c.obj)
 .text.bt_att_connected
                0x000000000800d16c       0x3c zephyr/subsys/bluetooth/host/libsubsys__bluetooth__host.a(att.c.obj)
 .text.bt_addr_le_to_str
                0x000000000800d1a8       0xa8 zephyr/subsys/bluetooth/host/libsubsys__bluetooth__host.a(att.c.obj)
 .text.bt_att_get_tx_meta_data
                0x000000000800d250       0x18 zephyr/subsys/bluetooth/host/libsubsys__bluetooth__host.a(att.c.obj)
                0x000000000800d250                bt_att_get_tx_meta_data
 .text.chan_send
                0x000000000800d268      0x21c zephyr/subsys/bluetooth/host/libsubsys__bluetooth__host.a(att.c.obj)
 .text.att_on_sent_cb
                0x000000000800d484       0xe0 zephyr/subsys/bluetooth/host/libsubsys__bluetooth__host.a(att.c.obj)
 .text.bt_att_chan_create_pdu
                0x000000000800d564      0x180 zephyr/subsys/bluetooth/host/libsubsys__bluetooth__host.a(att.c.obj)
 .text.bt_att_recv
                0x000000000800d6e4      0x258 zephyr/subsys/bluetooth/host/libsubsys__bluetooth__host.a(att.c.obj)
 .text.att_write_rsp
                0x000000000800d93c       0xdc zephyr/subsys/bluetooth/host/libsubsys__bluetooth__host.a(att.c.obj)
 .text.bt_att_create_pdu
                0x000000000800da18      0x100 zephyr/subsys/bluetooth/host/libsubsys__bluetooth__host.a(att.c.obj)
                0x000000000800da18                bt_att_create_pdu
 .text.bt_att_create_rsp_pdu
                0x000000000800db18       0xe4 zephyr/subsys/bluetooth/host/libsubsys__bluetooth__host.a(att.c.obj)
                0x000000000800db18                bt_att_create_rsp_pdu
 .text.att_read_group_rsp
                0x000000000800dbfc       0x84 zephyr/subsys/bluetooth/host/libsubsys__bluetooth__host.a(att.c.obj)
 .text.att_read_mult_vl_req
                0x000000000800dc80       0xa0 zephyr/subsys/bluetooth/host/libsubsys__bluetooth__host.a(att.c.obj)
 .text.att_read_mult_req
                0x000000000800dd20       0xa0 zephyr/subsys/bluetooth/host/libsubsys__bluetooth__host.a(att.c.obj)
 .text.att_read_rsp
                0x000000000800ddc0       0xa4 zephyr/subsys/bluetooth/host/libsubsys__bluetooth__host.a(att.c.obj)
 .text.att_read_type_rsp
                0x000000000800de64       0x8c zephyr/subsys/bluetooth/host/libsubsys__bluetooth__host.a(att.c.obj)
 .text.att_find_type_rsp
                0x000000000800def0       0x88 zephyr/subsys/bluetooth/host/libsubsys__bluetooth__host.a(att.c.obj)
 .text.att_find_info_rsp
                0x000000000800df78       0x68 zephyr/subsys/bluetooth/host/libsubsys__bluetooth__host.a(att.c.obj)
 .text.bt_att_req_alloc
                0x000000000800dfe0       0x54 zephyr/subsys/bluetooth/host/libsubsys__bluetooth__host.a(att.c.obj)
                0x000000000800dfe0                bt_att_req_alloc
 .text.bt_att_req_free
                0x000000000800e034       0x20 zephyr/subsys/bluetooth/host/libsubsys__bluetooth__host.a(att.c.obj)
                0x000000000800e034                bt_att_req_free
 .text.att_handle_rsp
                0x000000000800e054       0xf8 zephyr/subsys/bluetooth/host/libsubsys__bluetooth__host.a(att.c.obj)
 .text.att_error_rsp
                0x000000000800e14c       0x58 zephyr/subsys/bluetooth/host/libsubsys__bluetooth__host.a(att.c.obj)
 .text.att_reset
                0x000000000800e1a4       0x68 zephyr/subsys/bluetooth/host/libsubsys__bluetooth__host.a(att.c.obj)
 .text.att_timeout
                0x000000000800e20c       0xec zephyr/subsys/bluetooth/host/libsubsys__bluetooth__host.a(att.c.obj)
 .text.bt_att_chan_req_cancel
                0x000000000800e2f8       0x20 zephyr/subsys/bluetooth/host/libsubsys__bluetooth__host.a(att.c.obj)
 .text.clear_ccc_cfg
                0x000000000800e318       0x20 zephyr/subsys/bluetooth/host/libsubsys__bluetooth__host.a(gatt.c.obj)
 .text.gatt_sub_free
                0x000000000800e338       0x18 zephyr/subsys/bluetooth/host/libsubsys__bluetooth__host.a(gatt.c.obj)
 .text.parse_read_std_char_desc
                0x000000000800e350       0xf8 zephyr/subsys/bluetooth/host/libsubsys__bluetooth__host.a(gatt.c.obj)
 .text.parse_service
                0x000000000800e448      0x18c zephyr/subsys/bluetooth/host/libsubsys__bluetooth__host.a(gatt.c.obj)
 .text.find_cf_cfg
                0x000000000800e5d4       0x4c zephyr/subsys/bluetooth/host/libsubsys__bluetooth__host.a(gatt.c.obj)
 .text.find_sc_cfg
                0x000000000800e620       0x48 zephyr/subsys/bluetooth/host/libsubsys__bluetooth__host.a(gatt.c.obj)
 .text.find_ccc_cfg
                0x000000000800e668       0x54 zephyr/subsys/bluetooth/host/libsubsys__bluetooth__host.a(gatt.c.obj)
 .text.gatt_sub_find
                0x000000000800e6bc       0x4c zephyr/subsys/bluetooth/host/libsubsys__bluetooth__host.a(gatt.c.obj)
 .text.bt_gatt_service_init
                0x000000000800e708       0x48 zephyr/subsys/bluetooth/host/libsubsys__bluetooth__host.a(gatt.c.obj)
 .text.sc_save  0x000000000800e750       0xf0 zephyr/subsys/bluetooth/host/libsubsys__bluetooth__host.a(gatt.c.obj)
 .text.bt_gatt_attr_write_ccc
                0x000000000800e840      0x14c zephyr/subsys/bluetooth/host/libsubsys__bluetooth__host.a(gatt.c.obj)
                0x000000000800e840                bt_gatt_attr_write_ccc
 .text.cf_write
                0x000000000800e98c      0x100 zephyr/subsys/bluetooth/host/libsubsys__bluetooth__host.a(gatt.c.obj)
 .text.gatt_write_ccc_rsp
                0x000000000800ea8c      0x130 zephyr/subsys/bluetooth/host/libsubsys__bluetooth__host.a(gatt.c.obj)
 .text.sc_clear
                0x000000000800ebbc       0xc0 zephyr/subsys/bluetooth/host/libsubsys__bluetooth__host.a(gatt.c.obj)
 .text.sc_indicate_rsp
                0x000000000800ec7c       0x68 zephyr/subsys/bluetooth/host/libsubsys__bluetooth__host.a(gatt.c.obj)
 .text.parse_characteristic
                0x000000000800ece4      0x198 zephyr/subsys/bluetooth/host/libsubsys__bluetooth__host.a(gatt.c.obj)
 .text.disconnected_cb
                0x000000000800ee7c       0xd8 zephyr/subsys/bluetooth/host/libsubsys__bluetooth__host.a(gatt.c.obj)
 .text.gatt_req_alloc
                0x000000000800ef54       0x2c zephyr/subsys/bluetooth/host/libsubsys__bluetooth__host.a(gatt.c.obj)
 .text.gatt_find_type
                0x000000000800ef80       0xcc zephyr/subsys/bluetooth/host/libsubsys__bluetooth__host.a(gatt.c.obj)
 .text.gatt_read_group
                0x000000000800f04c       0x28 zephyr/subsys/bluetooth/host/libsubsys__bluetooth__host.a(gatt.c.obj)
 .text.gatt_read_type
                0x000000000800f074       0x28 zephyr/subsys/bluetooth/host/libsubsys__bluetooth__host.a(gatt.c.obj)
 .text.read_included_uuid
                0x000000000800f09c       0x28 zephyr/subsys/bluetooth/host/libsubsys__bluetooth__host.a(gatt.c.obj)
 .text.parse_include
                0x000000000800f0c4      0x184 zephyr/subsys/bluetooth/host/libsubsys__bluetooth__host.a(gatt.c.obj)
 .text.gatt_find_info
                0x000000000800f248       0x28 zephyr/subsys/bluetooth/host/libsubsys__bluetooth__host.a(gatt.c.obj)
 .text.gatt_read_uuid
                0x000000000800f270       0x28 zephyr/subsys/bluetooth/host/libsubsys__bluetooth__host.a(gatt.c.obj)
 .text.gatt_read_mult_vl
                0x000000000800f298       0x2c zephyr/subsys/bluetooth/host/libsubsys__bluetooth__host.a(gatt.c.obj)
 .text.gatt_read_mult
                0x000000000800f2c4       0x2c zephyr/subsys/bluetooth/host/libsubsys__bluetooth__host.a(gatt.c.obj)
 .text.gatt_read_blob
                0x000000000800f2f0       0x28 zephyr/subsys/bluetooth/host/libsubsys__bluetooth__host.a(gatt.c.obj)
 .text.gatt_cancel_all_writes
                0x000000000800f318       0x28 zephyr/subsys/bluetooth/host/libsubsys__bluetooth__host.a(gatt.c.obj)
 .text.gatt_exec_write
                0x000000000800f340       0x28 zephyr/subsys/bluetooth/host/libsubsys__bluetooth__host.a(gatt.c.obj)
 .text.gatt_write_ccc
                0x000000000800f368       0x44 zephyr/subsys/bluetooth/host/libsubsys__bluetooth__host.a(gatt.c.obj)
 .text.gatt_resub_ccc
                0x000000000800f3ac       0x10 zephyr/subsys/bluetooth/host/libsubsys__bluetooth__host.a(gatt.c.obj)
 .text.add_subscriptions
                0x000000000800f3bc      0x108 zephyr/subsys/bluetooth/host/libsubsys__bluetooth__host.a(gatt.c.obj)
 .text.gatt_prepare_write
                0x000000000800f4c4       0x44 zephyr/subsys/bluetooth/host/libsubsys__bluetooth__host.a(gatt.c.obj)
 .text.clear_cf_cfg
                0x000000000800f508       0x34 zephyr/subsys/bluetooth/host/libsubsys__bluetooth__host.a(gatt.c.obj)
 .text.bt_gatt_init
                0x000000000800f53c       0x5c zephyr/subsys/bluetooth/host/libsubsys__bluetooth__host.a(gatt.c.obj)
                0x000000000800f53c                bt_gatt_init
 .text.bt_gatt_attr_get_handle
                0x000000000800f598       0x64 zephyr/subsys/bluetooth/host/libsubsys__bluetooth__host.a(gatt.c.obj)
                0x000000000800f598                bt_gatt_attr_get_handle
 .text.bt_gatt_foreach_attr_type
                0x000000000800f5fc       0x9c zephyr/subsys/bluetooth/host/libsubsys__bluetooth__host.a(gatt.c.obj)
                0x000000000800f5fc                bt_gatt_foreach_attr_type
 .text.db_hash_gen
                0x000000000800f698      0x188 zephyr/subsys/bluetooth/host/libsubsys__bluetooth__host.a(gatt.c.obj)
 .text.db_hash_read
                0x000000000800f820       0x98 zephyr/subsys/bluetooth/host/libsubsys__bluetooth__host.a(gatt.c.obj)
 .text.do_db_hash
                0x000000000800f8b8       0x20 zephyr/subsys/bluetooth/host/libsubsys__bluetooth__host.a(gatt.c.obj)
 .text.gatt_find_by_uuid
                0x000000000800f8d8       0x30 zephyr/subsys/bluetooth/host/libsubsys__bluetooth__host.a(gatt.c.obj)
 .text.bt_gatt_attr_next
                0x000000000800f908       0x30 zephyr/subsys/bluetooth/host/libsubsys__bluetooth__host.a(gatt.c.obj)
                0x000000000800f908                bt_gatt_attr_next
 .text.gatt_indicate
                0x000000000800f938      0x23c zephyr/subsys/bluetooth/host/libsubsys__bluetooth__host.a(gatt.c.obj)
 .text.bt_gatt_indicate
                0x000000000800fb74       0xec zephyr/subsys/bluetooth/host/libsubsys__bluetooth__host.a(gatt.c.obj)
                0x000000000800fb74                bt_gatt_indicate
 .text.sc_process
                0x000000000800fc60       0x84 zephyr/subsys/bluetooth/host/libsubsys__bluetooth__host.a(gatt.c.obj)
 .text.sc_restore
                0x000000000800fce4       0xf0 zephyr/subsys/bluetooth/host/libsubsys__bluetooth__host.a(gatt.c.obj)
 .text.update_ccc
                0x000000000800fdd4      0x138 zephyr/subsys/bluetooth/host/libsubsys__bluetooth__host.a(gatt.c.obj)
 .text.gatt_notify
                0x000000000800ff0c      0x1fc zephyr/subsys/bluetooth/host/libsubsys__bluetooth__host.a(gatt.c.obj)
 .text.notify_cb
                0x0000000008010108      0x200 zephyr/subsys/bluetooth/host/libsubsys__bluetooth__host.a(gatt.c.obj)
 .text.bt_gatt_discover
                0x0000000008010308      0x1b0 zephyr/subsys/bluetooth/host/libsubsys__bluetooth__host.a(gatt.c.obj)
                0x0000000008010308                bt_gatt_discover
 .text.read_included_uuid_cb
                0x00000000080104b8      0x118 zephyr/subsys/bluetooth/host/libsubsys__bluetooth__host.a(gatt.c.obj)
 .text.gatt_find_info_rsp
                0x00000000080105d0      0x1f4 zephyr/subsys/bluetooth/host/libsubsys__bluetooth__host.a(gatt.c.obj)
 .text.bt_gatt_read
                0x00000000080107c4       0x5c zephyr/subsys/bluetooth/host/libsubsys__bluetooth__host.a(gatt.c.obj)
                0x00000000080107c4                bt_gatt_read
 .text.parse_read_by_uuid
                0x0000000008010820      0x1d4 zephyr/subsys/bluetooth/host/libsubsys__bluetooth__host.a(gatt.c.obj)
 .text.bt_gatt_write
                0x00000000080109f4       0x54 zephyr/subsys/bluetooth/host/libsubsys__bluetooth__host.a(gatt.c.obj)
                0x00000000080109f4                bt_gatt_write
 .text.gatt_prepare_write_rsp
                0x0000000008010a48      0x1ac zephyr/subsys/bluetooth/host/libsubsys__bluetooth__host.a(gatt.c.obj)
 .text.bt_gatt_subscribe
                0x0000000008010bf4       0xa4 zephyr/subsys/bluetooth/host/libsubsys__bluetooth__host.a(gatt.c.obj)
                0x0000000008010bf4                bt_gatt_subscribe
 .text.bt_gatt_unsubscribe
                0x0000000008010c98       0xb0 zephyr/subsys/bluetooth/host/libsubsys__bluetooth__host.a(gatt.c.obj)
                0x0000000008010c98                bt_gatt_unsubscribe
 .text.bt_gatt_mult_notification
                0x0000000008010d48      0x148 zephyr/subsys/bluetooth/host/libsubsys__bluetooth__host.a(gatt.c.obj)
                0x0000000008010d48                bt_gatt_mult_notification
 .text.bt_gatt_connected
                0x0000000008010e90       0xd0 zephyr/subsys/bluetooth/host/libsubsys__bluetooth__host.a(gatt.c.obj)
                0x0000000008010e90                bt_gatt_connected
 .text.bt_gatt_att_max_mtu_changed
                0x0000000008010f60       0x38 zephyr/subsys/bluetooth/host/libsubsys__bluetooth__host.a(gatt.c.obj)
                0x0000000008010f60                bt_gatt_att_max_mtu_changed
 .text.bt_gatt_encrypt_change
                0x0000000008010f98       0x3c zephyr/subsys/bluetooth/host/libsubsys__bluetooth__host.a(gatt.c.obj)
                0x0000000008010f98                bt_gatt_encrypt_change
 .text.bt_gatt_disconnected
                0x0000000008010fd4       0x30 zephyr/subsys/bluetooth/host/libsubsys__bluetooth__host.a(gatt.c.obj)
                0x0000000008010fd4                bt_gatt_disconnected
 .text.bt_gatt_req_set_mtu
                0x0000000008011004       0x14 zephyr/subsys/bluetooth/host/libsubsys__bluetooth__host.a(gatt.c.obj)
                0x0000000008011004                bt_gatt_req_set_mtu
 .text.le_sc_supported
                0x0000000008011018       0x18 zephyr/subsys/bluetooth/host/libsubsys__bluetooth__host.a(smp.c.obj)
 .text.smp_chan_get
                0x0000000008011030       0xa0 zephyr/subsys/bluetooth/host/libsubsys__bluetooth__host.a(smp.c.obj)
 .text.bt_smp_accept
                0x00000000080110d0       0xd8 zephyr/subsys/bluetooth/host/libsubsys__bluetooth__host.a(smp.c.obj)
 .text.smp_find
                0x00000000080111a8       0x34 zephyr/subsys/bluetooth/host/libsubsys__bluetooth__host.a(smp.c.obj)
 .text.latch_auth_cb
                0x00000000080111dc       0x40 zephyr/subsys/bluetooth/host/libsubsys__bluetooth__host.a(smp.c.obj)
 .text.get_io_capa
                0x000000000801121c       0x50 zephyr/subsys/bluetooth/host/libsubsys__bluetooth__host.a(smp.c.obj)
 .text.legacy_get_pair_method
                0x000000000801126c       0x54 zephyr/subsys/bluetooth/host/libsubsys__bluetooth__host.a(smp.c.obj)
 .text.get_pair_method
                0x00000000080112c0       0x60 zephyr/subsys/bluetooth/host/libsubsys__bluetooth__host.a(smp.c.obj)
 .text.sec_level_reachable
                0x0000000008011320       0x7c zephyr/subsys/bluetooth/host/libsubsys__bluetooth__host.a(smp.c.obj)
 .text.latch_bondable
                0x000000000801139c       0x3c zephyr/subsys/bluetooth/host/libsubsys__bluetooth__host.a(smp.c.obj)
 .text.get_auth
                0x00000000080113d8       0x44 zephyr/subsys/bluetooth/host/libsubsys__bluetooth__host.a(smp.c.obj)
 .text.smp_create_pdu
                0x000000000801141c       0x54 zephyr/subsys/bluetooth/host/libsubsys__bluetooth__host.a(smp.c.obj)
 .text.smp_send
                0x0000000008011470       0xc8 zephyr/subsys/bluetooth/host/libsubsys__bluetooth__host.a(smp.c.obj)
 .text.sc_send_public_key
                0x0000000008011538       0x98 zephyr/subsys/bluetooth/host/libsubsys__bluetooth__host.a(smp.c.obj)
 .text.smp_send_pairing_confirm
                0x00000000080115d0      0x12c zephyr/subsys/bluetooth/host/libsubsys__bluetooth__host.a(smp.c.obj)
 .text.sc_smp_check_confirm
                0x00000000080116fc      0x174 zephyr/subsys/bluetooth/host/libsubsys__bluetooth__host.a(smp.c.obj)
 .text.compute_and_send_central_dhcheck
                0x0000000008011870      0x24c zephyr/subsys/bluetooth/host/libsubsys__bluetooth__host.a(smp.c.obj)
 .text.display_passkey
                0x0000000008011abc       0x70 zephyr/subsys/bluetooth/host/libsubsys__bluetooth__host.a(smp.c.obj)
 .text.smp_dhkey_check
                0x0000000008011b2c      0x1ec zephyr/subsys/bluetooth/host/libsubsys__bluetooth__host.a(smp.c.obj)
 .text.legacy_pairing_random
                0x0000000008011d18      0x140 zephyr/subsys/bluetooth/host/libsubsys__bluetooth__host.a(smp.c.obj)
 .text.smp_init
                0x0000000008011e58       0x48 zephyr/subsys/bluetooth/host/libsubsys__bluetooth__host.a(smp.c.obj)
 .text.smp_send_pairing_req
                0x0000000008011ea0      0x190 zephyr/subsys/bluetooth/host/libsubsys__bluetooth__host.a(smp.c.obj)
 .text.smp_security_request
                0x0000000008012030      0x354 zephyr/subsys/bluetooth/host/libsubsys__bluetooth__host.a(smp.c.obj)
 .text.legacy_distribute_keys
                0x0000000008012384      0x260 zephyr/subsys/bluetooth/host/libsubsys__bluetooth__host.a(smp.c.obj)
 .text.bt_smp_distribute_keys
                0x00000000080125e4       0xf8 zephyr/subsys/bluetooth/host/libsubsys__bluetooth__host.a(smp.c.obj)
 .text.smp_dhkey_generate
                0x00000000080126dc       0xd4 zephyr/subsys/bluetooth/host/libsubsys__bluetooth__host.a(smp.c.obj)
 .text.smp_public_key
                0x00000000080127b0      0x384 zephyr/subsys/bluetooth/host/libsubsys__bluetooth__host.a(smp.c.obj)
 .text.legacy_request_tk
                0x0000000008012b34      0x224 zephyr/subsys/bluetooth/host/libsubsys__bluetooth__host.a(smp.c.obj)
 .text.smp_pairing_rsp
                0x0000000008012d58      0x1d0 zephyr/subsys/bluetooth/host/libsubsys__bluetooth__host.a(smp.c.obj)
 .text.smp_ident_info
                0x0000000008012f28      0x124 zephyr/subsys/bluetooth/host/libsubsys__bluetooth__host.a(smp.c.obj)
 .text.smp_encrypt_info
                0x000000000801304c      0x124 zephyr/subsys/bluetooth/host/libsubsys__bluetooth__host.a(smp.c.obj)
 .text.smp_id_add_replace
                0x0000000008013170       0xa4 zephyr/subsys/bluetooth/host/libsubsys__bluetooth__host.a(smp.c.obj)
 .text.smp_pairing_random
                0x0000000008013214      0x1d0 zephyr/subsys/bluetooth/host/libsubsys__bluetooth__host.a(smp.c.obj)
 .text.bt_smp_connected
                0x00000000080133e4       0x54 zephyr/subsys/bluetooth/host/libsubsys__bluetooth__host.a(smp.c.obj)
 .text.smp_pairing_complete
                0x0000000008013438      0x198 zephyr/subsys/bluetooth/host/libsubsys__bluetooth__host.a(smp.c.obj)
 .text.smp_error
                0x00000000080135d0      0x12c zephyr/subsys/bluetooth/host/libsubsys__bluetooth__host.a(smp.c.obj)
 .text.bt_smp_recv
                0x00000000080136fc      0x3d8 zephyr/subsys/bluetooth/host/libsubsys__bluetooth__host.a(smp.c.obj)
 .text.bt_smp_pkey_ready
                0x0000000008013ad4      0x104 zephyr/subsys/bluetooth/host/libsubsys__bluetooth__host.a(smp.c.obj)
 .text.smp_ident_addr_info
                0x0000000008013bd8      0x390 zephyr/subsys/bluetooth/host/libsubsys__bluetooth__host.a(smp.c.obj)
 .text.smp_central_ident
                0x0000000008013f68      0x180 zephyr/subsys/bluetooth/host/libsubsys__bluetooth__host.a(smp.c.obj)
 .text.smp_pairing_failed
                0x00000000080140e8       0xe8 zephyr/subsys/bluetooth/host/libsubsys__bluetooth__host.a(smp.c.obj)
 .text.smp_timeout
                0x00000000080141d0       0xbc zephyr/subsys/bluetooth/host/libsubsys__bluetooth__host.a(smp.c.obj)
 .text.bt_smp_update_keys
                0x000000000801428c      0x1f8 zephyr/subsys/bluetooth/host/libsubsys__bluetooth__host.a(smp.c.obj)
                0x000000000801428c                bt_smp_update_keys
 .text.bt_smp_init
                0x0000000008014484       0x1c zephyr/subsys/bluetooth/host/libsubsys__bluetooth__host.a(smp.c.obj)
                0x0000000008014484                bt_smp_init
 .text.bt_keys_get_addr
                0x00000000080144a0       0x8c zephyr/subsys/bluetooth/host/libsubsys__bluetooth__host.a(keys.c.obj)
                0x00000000080144a0                bt_keys_get_addr
 .text.bt_keys_foreach_type
                0x000000000801452c       0x30 zephyr/subsys/bluetooth/host/libsubsys__bluetooth__host.a(keys.c.obj)
                0x000000000801452c                bt_keys_foreach_type
 .text.bt_keys_find
                0x000000000801455c       0x54 zephyr/subsys/bluetooth/host/libsubsys__bluetooth__host.a(keys.c.obj)
                0x000000000801455c                bt_keys_find
 .text.bt_keys_find_irk
                0x00000000080145b0       0xcc zephyr/subsys/bluetooth/host/libsubsys__bluetooth__host.a(keys.c.obj)
                0x00000000080145b0                bt_keys_find_irk
 .text.bt_keys_find_addr
                0x000000000801467c       0x44 zephyr/subsys/bluetooth/host/libsubsys__bluetooth__host.a(keys.c.obj)
                0x000000000801467c                bt_keys_find_addr
 .text.bt_crypto_f5
                0x00000000080146c0      0x118 zephyr/subsys/bluetooth/crypto/libsubsys__bluetooth__crypto.a(bt_crypto.c.obj)
                0x00000000080146c0                bt_crypto_f5
 .text.bt_crypto_g2
                0x00000000080147d8       0xa4 zephyr/subsys/bluetooth/crypto/libsubsys__bluetooth__crypto.a(bt_crypto.c.obj)
                0x00000000080147d8                bt_crypto_g2
 .text.pool_id  0x000000000801487c       0x18 zephyr/subsys/net/libsubsys__net.a(buf.c.obj)
 .text.net_buf_pool_get
                0x0000000008014894       0x10 zephyr/subsys/net/libsubsys__net.a(buf.c.obj)
                0x0000000008014894                net_buf_pool_get
 .text.timing_init
                0x00000000080148a4       0x1c zephyr/subsys/timing/libsubsys__timing.a(timing.c.obj)
                0x00000000080148a4                timing_init
 .text.timing_start
                0x00000000080148c0       0x28 zephyr/subsys/timing/libsubsys__timing.a(timing.c.obj)
                0x00000000080148c0                timing_start
 .text.z_stm32_hsem_lock
                0x00000000080148e8       0x34 zephyr/drivers/interrupt_controller/libdrivers__interrupt_controller.a(intc_exti_stm32.c.obj)
 .text.stm32_exti_isr
                0x000000000801491c       0x4c zephyr/drivers/interrupt_controller/libdrivers__interrupt_controller.a(intc_exti_stm32.c.obj)
 .text.stm32_fill_irq_table
                0x0000000008014968       0x24 zephyr/drivers/interrupt_controller/libdrivers__interrupt_controller.a(intc_exti_stm32.c.obj)
 .text.stm32_exti_enable
                0x000000000801498c       0x28 zephyr/drivers/interrupt_controller/libdrivers__interrupt_controller.a(intc_exti_stm32.c.obj)
                0x000000000801498c                stm32_exti_enable
 .text.stm32_exti_disable
                0x00000000080149b4       0x1c zephyr/drivers/interrupt_controller/libdrivers__interrupt_controller.a(intc_exti_stm32.c.obj)
                0x00000000080149b4                stm32_exti_disable
 .text.stm32_exti_trigger
                0x00000000080149d0       0x84 zephyr/drivers/interrupt_controller/libdrivers__interrupt_controller.a(intc_exti_stm32.c.obj)
                0x00000000080149d0                stm32_exti_trigger
 .text.stm32_exti_set_callback
                0x0000000008014a54       0x3c zephyr/drivers/interrupt_controller/libdrivers__interrupt_controller.a(intc_exti_stm32.c.obj)
                0x0000000008014a54                stm32_exti_set_callback
 .text.stm32_exti_unset_callback
                0x0000000008014a90       0x14 zephyr/drivers/interrupt_controller/libdrivers__interrupt_controller.a(intc_exti_stm32.c.obj)
                0x0000000008014a90                stm32_exti_unset_callback
 .text.TM_EvtReceivedCb
                0x0000000008014aa4       0x10 zephyr/drivers/bluetooth/libdrivers__bluetooth.a(ipm_stm32wb.c.obj)
                0x0000000008014aa4                TM_EvtReceivedCb
 .text.TM_AclDataAck
                0x0000000008014ab4       0x10 zephyr/drivers/bluetooth/libdrivers__bluetooth.a(ipm_stm32wb.c.obj)
 .text.sysevt_received
                0x0000000008014ac4       0x10 zephyr/drivers/bluetooth/libdrivers__bluetooth.a(ipm_stm32wb.c.obj)
 .text.bt_ipm_send
                0x0000000008014ad4      0x114 zephyr/drivers/bluetooth/libdrivers__bluetooth.a(ipm_stm32wb.c.obj)
 .text.bt_ipm_close
                0x0000000008014be8       0xd8 zephyr/drivers/bluetooth/libdrivers__bluetooth.a(ipm_stm32wb.c.obj)
 .text.tryfix_event
                0x0000000008014cc0      0x10c zephyr/drivers/bluetooth/libdrivers__bluetooth.a(ipm_stm32wb.c.obj)
 .text.bt_ipm_rx_thread
                0x0000000008014dcc      0x358 zephyr/drivers/bluetooth/libdrivers__bluetooth.a(ipm_stm32wb.c.obj)
 .text.shci_cmd_resp_release
                0x0000000008015124       0x10 zephyr/drivers/bluetooth/libdrivers__bluetooth.a(ipm_stm32wb.c.obj)
                0x0000000008015124                shci_cmd_resp_release
 .text.shci_cmd_resp_wait
                0x0000000008015134       0x1c zephyr/drivers/bluetooth/libdrivers__bluetooth.a(ipm_stm32wb.c.obj)
                0x0000000008015134                shci_cmd_resp_wait
 .text.ipcc_reset
                0x0000000008015150       0x44 zephyr/drivers/bluetooth/libdrivers__bluetooth.a(ipm_stm32wb.c.obj)
                0x0000000008015150                ipcc_reset
 .text.transport_init
                0x0000000008015194       0x78 zephyr/drivers/bluetooth/libdrivers__bluetooth.a(ipm_stm32wb.c.obj)
                0x0000000008015194                transport_init
 .text.c2_reset
                0x000000000801520c      0x1fc zephyr/drivers/bluetooth/libdrivers__bluetooth.a(ipm_stm32wb.c.obj)
 .text._bt_ipm_init
                0x0000000008015408       0x14 zephyr/drivers/bluetooth/libdrivers__bluetooth.a(ipm_stm32wb.c.obj)
 .text.bt_get_ble_addr
                0x000000000801541c       0x40 zephyr/drivers/bluetooth/libdrivers__bluetooth.a(ipm_stm32wb.c.obj)
                0x000000000801541c                bt_get_ble_addr
 .text.bt_ipm_ble_init
                0x000000000801545c       0xd4 zephyr/drivers/bluetooth/libdrivers__bluetooth.a(ipm_stm32wb.c.obj)
 .text.bt_ipm_open
                0x0000000008015530       0x6c zephyr/drivers/bluetooth/libdrivers__bluetooth.a(ipm_stm32wb.c.obj)
 .text.z_stm32_hsem_lock
                0x000000000801559c       0x34 zephyr/drivers/clock_control/libdrivers__clock_control.a(clock_stm32_ll_common.c.obj)
 .text.stm32_clock_control_get_subsys_rate
                0x00000000080155d0       0xec zephyr/drivers/clock_control/libdrivers__clock_control.a(clock_stm32_ll_common.c.obj)
 .text.set_up_fixed_clock_sources
                0x00000000080156bc       0xe8 zephyr/drivers/clock_control/libdrivers__clock_control.a(clock_stm32_ll_common.c.obj)
 .text.stm32_clock_control_init
                0x00000000080157a4       0xac zephyr/drivers/clock_control/libdrivers__clock_control.a(clock_stm32_ll_common.c.obj)
                0x00000000080157a4                stm32_clock_control_init
 .text.console_out
                0x0000000008015850       0x28 zephyr/drivers/console/libdrivers__console.a(uart_console.c.obj)
 .text.uart_console_hook_install
                0x0000000008015878       0x18 zephyr/drivers/console/libdrivers__console.a(uart_console.c.obj)
 .text.uart_console_init
                0x0000000008015890       0x1c zephyr/drivers/console/libdrivers__console.a(uart_console.c.obj)
 .text.z_stm32_hsem_lock
                0x00000000080158ac       0x34 zephyr/drivers/gpio/libdrivers__gpio.a(gpio_stm32.c.obj)
 .text.gpio_stm32_clock_request
                0x00000000080158e0       0x28 zephyr/drivers/gpio/libdrivers__gpio.a(gpio_stm32.c.obj)
 .text.gpio_stm32_port_set_masked_raw
                0x0000000008015908       0x30 zephyr/drivers/gpio/libdrivers__gpio.a(gpio_stm32.c.obj)
 .text.gpio_stm32_port_toggle_bits
                0x0000000008015938       0x28 zephyr/drivers/gpio/libdrivers__gpio.a(gpio_stm32.c.obj)
 .text.LL_SYSCFG_SetEXTISource
                0x0000000008015960       0x3c zephyr/drivers/gpio/libdrivers__gpio.a(gpio_stm32.c.obj)
 .text.gpio_stm32_set_exti_source
                0x000000000801599c       0x48 zephyr/drivers/gpio/libdrivers__gpio.a(gpio_stm32.c.obj)
 .text.LL_SYSCFG_GetEXTISource
                0x00000000080159e4       0x2c zephyr/drivers/gpio/libdrivers__gpio.a(gpio_stm32.c.obj)
 .text.gpio_stm32_configure_raw
                0x0000000008015a10       0x88 zephyr/drivers/gpio/libdrivers__gpio.a(gpio_stm32.c.obj)
 .text.gpio_stm32_pin_interrupt_configure
                0x0000000008015a98       0x94 zephyr/drivers/gpio/libdrivers__gpio.a(gpio_stm32.c.obj)
 .text.gpio_stm32_init
                0x0000000008015b2c       0x2c zephyr/drivers/gpio/libdrivers__gpio.a(gpio_stm32.c.obj)
 .text.stm32_pin_configure
                0x0000000008015b58       0x40 zephyr/drivers/pinctrl/libdrivers__pinctrl.a(pinctrl_stm32.c.obj)
 .text.LL_LPUART_SetBaudRate
                0x0000000008015b98       0x44 zephyr/drivers/serial/libdrivers__serial.a(uart_stm32.c.obj)
 .text.uart_stm32_cfg2ll_stopbits
                0x0000000008015bdc       0x40 zephyr/drivers/serial/libdrivers__serial.a(uart_stm32.c.obj)
 .text.uart_stm32_poll_in
                0x0000000008015c1c       0x10 zephyr/drivers/serial/libdrivers__serial.a(uart_stm32.c.obj)
 .text.uart_stm32_poll_out
                0x0000000008015c2c       0x1c zephyr/drivers/serial/libdrivers__serial.a(uart_stm32.c.obj)
 .text.uart_stm32_clocks_enable
                0x0000000008015c48      0x130 zephyr/drivers/serial/libdrivers__serial.a(uart_stm32.c.obj)
 .text.lpuartdiv_calc
                0x0000000008015d78       0x30 zephyr/drivers/serial/libdrivers__serial.a(uart_stm32.c.obj)
                0x0000000008015d78                lpuartdiv_calc
 .text.uart_stm32_set_baudrate
                0x0000000008015da8      0x1e8 zephyr/drivers/serial/libdrivers__serial.a(uart_stm32.c.obj)
 .text.uart_stm32_configure
                0x0000000008015f90      0x120 zephyr/drivers/serial/libdrivers__serial.a(uart_stm32.c.obj)
 .text.uart_stm32_registers_configure
                0x00000000080160b0      0x254 zephyr/drivers/serial/libdrivers__serial.a(uart_stm32.c.obj)
 .text.elapsed  0x0000000008016304       0x48 zephyr/drivers/timer/libdrivers__timer.a(cortex_m_systick.c.obj)
 .text.sys_clock_driver_init
                0x000000000801634c       0x38 zephyr/drivers/timer/libdrivers__timer.a(cortex_m_systick.c.obj)
 .text.sys_clock_isr
                0x0000000008016384       0x48 zephyr/drivers/timer/libdrivers__timer.a(cortex_m_systick.c.obj)
                0x0000000008016384                sys_clock_isr
 .text.sys_clock_set_timeout
                0x00000000080163cc      0x108 zephyr/drivers/timer/libdrivers__timer.a(cortex_m_systick.c.obj)
                0x00000000080163cc                sys_clock_set_timeout
 .text.sys_clock_elapsed
                0x00000000080164d4       0x40 zephyr/drivers/timer/libdrivers__timer.a(cortex_m_systick.c.obj)
                0x00000000080164d4                sys_clock_elapsed
 .text.sys_clock_cycle_get_32
                0x0000000008016514       0x2c zephyr/drivers/timer/libdrivers__timer.a(cortex_m_systick.c.obj)
                0x0000000008016514                sys_clock_cycle_get_32
 .text.HAL_RCC_GetSysClockFreq
                0x0000000008016540       0xc0 modules/stm32/stm32cube/lib..__modules__hal__stm32__stm32cube.a(stm32wbxx_hal_rcc.c.obj)
                0x0000000008016540                HAL_RCC_GetSysClockFreq
 .text.__NVIC_EnableIRQ
                0x0000000008016600       0x1c modules/stm32/stm32cube/lib..__modules__hal__stm32__stm32cube.a(stm32wbxx_hal_cortex.c.obj)
 .text.LL_SetFlashLatency
                0x000000000801661c       0xec modules/stm32/stm32cube/lib..__modules__hal__stm32__stm32cube.a(stm32wbxx_ll_utils.c.obj)
                0x000000000801661c                LL_SetFlashLatency
 .text.z_device_state_init
                0x0000000008016708       0x18 zephyr/kernel/libkernel.a(device.c.obj)
                0x0000000008016708                z_device_state_init
 .text.z_impl_device_get_binding
                0x0000000008016720       0x64 zephyr/kernel/libkernel.a(device.c.obj)
                0x0000000008016720                z_impl_device_get_binding
 .text.reason_to_str
                0x0000000008016784       0x40 zephyr/kernel/libkernel.a(fatal.c.obj)
 .text.thread_name_get
                0x00000000080167c4       0x20 zephyr/kernel/libkernel.a(fatal.c.obj)
 .text.k_sys_fatal_error_handler
                0x00000000080167e4       0x94 zephyr/kernel/libkernel.a(fatal.c.obj)
                0x00000000080167e4                k_sys_fatal_error_handler
 .text.z_fatal_error
                0x0000000008016878      0x284 zephyr/kernel/libkernel.a(fatal.c.obj)
                0x0000000008016878                z_fatal_error
 .text.z_sys_init_run_level
                0x0000000008016afc       0x58 zephyr/kernel/libkernel.a(init.c.obj)
 .text.init_idle_thread
                0x0000000008016b54       0x60 zephyr/kernel/libkernel.a(init.c.obj)
 .text.bg_thread_main
                0x0000000008016bb4       0x34 zephyr/kernel/libkernel.a(init.c.obj)
 .text.switch_to_main_thread
                0x0000000008016be8       0x14 zephyr/kernel/libkernel.a(init.c.obj)
 .text.z_bss_zero
                0x0000000008016bfc       0x18 zephyr/kernel/libkernel.a(init.c.obj)
                0x0000000008016bfc                z_bss_zero
 .text.z_init_cpu
                0x0000000008016c14       0x60 zephyr/kernel/libkernel.a(init.c.obj)
                0x0000000008016c14                z_init_cpu
 .text.prepare_multithreading
                0x0000000008016c74       0x60 zephyr/kernel/libkernel.a(init.c.obj)
 .text.z_cstart
                0x0000000008016cd4       0x8c zephyr/kernel/libkernel.a(init.c.obj)
                0x0000000008016cd4                z_cstart
 .text.statics_init
                0x0000000008016d60       0x24 zephyr/kernel/libkernel.a(kheap.c.obj)
 .text.init_mem_slab_obj_core_list
                0x0000000008016d84       0x24 zephyr/kernel/libkernel.a(mem_slab.c.obj)
 .text.k_mem_slab_alloc
                0x0000000008016da8       0x68 zephyr/kernel/libkernel.a(mem_slab.c.obj)
                0x0000000008016da8                k_mem_slab_alloc
 .text.z_thread_monitor_exit
                0x0000000008016e10       0x40 zephyr/kernel/libkernel.a(thread.c.obj)