Archive member included to satisfy reference by file (symbol)

app/libapp.a(main.c.obj)      (--whole-archive)
zephyr/libzephyr.a(heap.c.obj)
                              (--whole-archive)
zephyr/libzephyr.a(cbprintf_packaged.c.obj)
                              (--whole-archive)
zephyr/libzephyr.a(printk.c.obj)
                              (--whole-archive)
zephyr/libzephyr.a(sem.c.obj)
                              (--whole-archive)
zephyr/libzephyr.a(thread_entry.c.obj)
                              (--whole-archive)
zephyr/libzephyr.a(cbprintf_complete.c.obj)
                              (--whole-archive)
zephyr/libzephyr.a(assert.c.obj)
                              (--whole-archive)
zephyr/libzephyr.a(mpsc_pbuf.c.obj)
                              (--whole-archive)
zephyr/libzephyr.a(dec.c.obj)
                              (--whole-archive)
zephyr/libzephyr.a(hex.c.obj)
                              (--whole-archive)
zephyr/libzephyr.a(rb.c.obj)  (--whole-archive)
zephyr/libzephyr.a(timeutil.c.obj)
                              (--whole-archive)
zephyr/libzephyr.a(bitarray.c.obj)
                              (--whole-archive)
zephyr/libzephyr.a(configs.c.obj)
                              (--whole-archive)
zephyr/libzephyr.a(soc.c.obj)
                              (--whole-archive)
zephyr/libzephyr.a(stm32cube_hal.c.obj)
                              (--whole-archive)
zephyr/libzephyr.a(soc_config.c.obj)
                              (--whole-archive)
zephyr/libzephyr.a(thread_info.c.obj)
                              (--whole-archive)
zephyr/libzephyr.a(log_core.c.obj)
                              (--whole-archive)
zephyr/libzephyr.a(log_mgmt.c.obj)
                              (--whole-archive)
zephyr/libzephyr.a(log_cache.c.obj)
                              (--whole-archive)
zephyr/libzephyr.a(log_msg.c.obj)
                              (--whole-archive)
zephyr/libzephyr.a(log_output.c.obj)
                              (--whole-archive)
zephyr/libzephyr.a(log_backend_uart.c.obj)
                              (--whole-archive)
zephyr/libzephyr.a(mem_attr.c.obj)
                              (--whole-archive)
zephyr/libzephyr.a(tracing_none.c.obj)
                              (--whole-archive)
zephyr/libzephyr.a(addr_utils.c.obj)
                              (--whole-archive)
zephyr/libzephyr.a(hw_ipcc.c.obj)
                              (--whole-archive)
zephyr/libzephyr.a(shci.c.obj)
                              (--whole-archive)
zephyr/libzephyr.a(shci_tl.c.obj)
                              (--whole-archive)
zephyr/libzephyr.a(shci_tl_if.c.obj)
                              (--whole-archive)
zephyr/libzephyr.a(stm_list.c.obj)
                              (--whole-archive)
zephyr/libzephyr.a(tl_mbox.c.obj)
                              (--whole-archive)
zephyr/libzephyr.a(utils.c.obj)
                              (--whole-archive)
zephyr/libzephyr.a(aes_decrypt.c.obj)
                              (--whole-archive)
zephyr/libzephyr.a(aes_encrypt.c.obj)
                              (--whole-archive)
zephyr/libzephyr.a(cmac_mode.c.obj)
                              (--whole-archive)
zephyr/libzephyr.a(sha256.c.obj)
                              (--whole-archive)
zephyr/libzephyr.a(hmac.c.obj)
                              (--whole-archive)
zephyr/libzephyr.a(hmac_prng.c.obj)
                              (--whole-archive)
zephyr/arch/common/libarch__common.a(sw_isr_common.c.obj)
                              (--whole-archive)
zephyr/arch/arch/arm/core/libarch__arm__core.a(fatal.c.obj)
                              (--whole-archive)
zephyr/arch/arch/arm/core/libarch__arm__core.a(nmi.c.obj)
                              (--whole-archive)
zephyr/arch/arch/arm/core/libarch__arm__core.a(nmi_on_reset.S.obj)
                              (--whole-archive)
zephyr/arch/arch/arm/core/libarch__arm__core.a(tls.c.obj)
                              (--whole-archive)
zephyr/arch/arch/arm/core/cortex_m/libarch__arm__core__cortex_m.a(exc_exit.S.obj)
                              (--whole-archive)
zephyr/arch/arch/arm/core/cortex_m/libarch__arm__core__cortex_m.a(fault.c.obj)
                              (--whole-archive)
zephyr/arch/arch/arm/core/cortex_m/libarch__arm__core__cortex_m.a(fault_s.S.obj)
                              (--whole-archive)
zephyr/arch/arch/arm/core/cortex_m/libarch__arm__core__cortex_m.a(fpu.c.obj)
                              (--whole-archive)
zephyr/arch/arch/arm/core/cortex_m/libarch__arm__core__cortex_m.a(reset.S.obj)
                              (--whole-archive)
zephyr/arch/arch/arm/core/cortex_m/libarch__arm__core__cortex_m.a(scb.c.obj)
                              (--whole-archive)
zephyr/arch/arch/arm/core/cortex_m/libarch__arm__core__cortex_m.a(thread_abort.c.obj)
                              (--whole-archive)
zephyr/arch/arch/arm/core/cortex_m/libarch__arm__core__cortex_m.a(vector_table.S.obj)
                              (--whole-archive)
[...]
Memory Configuration

Name             Origin             Length             Attributes
FLASH            0x0000000008000000 0x00000000000ca000 xr
RAM              0x0000000020000000 0x0000000000030000 xw
SRAM1            0x0000000020030000 0x0000000000002800
SRAM2            0x0000000020038000 0x0000000000005000
IDT_LIST         0x00000000ffff7fff 0x0000000000008000 xw
*default*        0x0000000000000000 0xffffffffffffffff

Linker script and memory map

LOAD zephyr/CMakeFiles/zephyr_pre0.dir/misc/empty_file.c.obj
LOAD zephyr/CMakeFiles/offsets.dir/./arch/arm/core/offsets/offsets.c.obj
LOAD app/libapp.a
LOAD zephyr/libzephyr.a
LOAD zephyr/arch/common/libarch__common.a
LOAD zephyr/arch/arch/arm/core/libarch__arm__core.a
LOAD zephyr/arch/arch/arm/core/cortex_m/libarch__arm__core__cortex_m.a
LOAD zephyr/arch/arch/arm/core/mpu/libarch__arm__core__mpu.a
LOAD zephyr/lib/libc/picolibc/liblib__libc__picolibc.a
LOAD zephyr/lib/libc/common/liblib__libc__common.a
LOAD zephyr/subsys/bluetooth/common/libsubsys__bluetooth__common.a
LOAD zephyr/subsys/bluetooth/host/libsubsys__bluetooth__host.a
LOAD zephyr/subsys/bluetooth/crypto/libsubsys__bluetooth__crypto.a
LOAD zephyr/subsys/net/libsubsys__net.a
LOAD zephyr/subsys/timing/libsubsys__timing.a
LOAD zephyr/drivers/interrupt_controller/libdrivers__interrupt_controller.a
LOAD zephyr/drivers/bluetooth/libdrivers__bluetooth.a
LOAD zephyr/drivers/clock_control/libdrivers__clock_control.a
LOAD zephyr/drivers/console/libdrivers__console.a
LOAD zephyr/drivers/gpio/libdrivers__gpio.a
LOAD zephyr/drivers/pinctrl/libdrivers__pinctrl.a
LOAD zephyr/drivers/reset/libdrivers__reset.a
LOAD zephyr/drivers/serial/libdrivers__serial.a
LOAD zephyr/drivers/timer/libdrivers__timer.a
LOAD modules/stm32/stm32cube/lib..__modules__hal__stm32__stm32cube.a
LOAD zephyr/kernel/libkernel.a
LOAD c:/users/mis/.zephyr_ide/toolchains/zephyr-sdk-0.16.6/arm-zephyr-eabi/bin/../lib/gcc/arm-zephyr-eabi/12.2.0/thumb/v7e-m/nofp\libgcc.a
LOAD zephyr/arch/common/libisr_tables.a
LOAD modules/picolibc/libc.a
LOAD c:/users/mis/.zephyr_ide/toolchains/zephyr-sdk-0.16.6/arm-zephyr-eabi/bin/../lib/gcc/arm-zephyr-eabi/12.2.0/thumb/v7e-m/nofp\libgcc.a
                0x0000000000000020                _region_min_align = 0x20

.rel.plt        0x0000000008000000        0x0
 *(SORT_BY_ALIGNMENT(.rel.plt))
                [!provide]                        PROVIDE (__rel_iplt_start = .)
 *(SORT_BY_ALIGNMENT(.rel.iplt))
 .rel.iplt      0x0000000008000000        0x0 app/libapp.a(main.c.obj)
                [!provide]                        PROVIDE (__rel_iplt_end = .)

.rela.plt       0x0000000000000000        0x0
 *(SORT_BY_ALIGNMENT(.rela.plt))
                [!provide]                        PROVIDE (__rela_iplt_start = .)
 *(SORT_BY_ALIGNMENT(.rela.iplt))
                [!provide]                        PROVIDE (__rela_iplt_end = .)

.rel.dyn
 *(SORT_BY_ALIGNMENT(.rel.*))

.rela.dyn
 *(SORT_BY_ALIGNMENT(.rela.*))

/DISCARD/
 *(SORT_BY_ALIGNMENT(.plt))

/DISCARD/
 *(SORT_BY_ALIGNMENT(.iplt))
                0x0000000008000000                __rom_region_start = 0x8000000

rom_start       0x0000000008000000      0x13c
                0x0000000008000000                __rom_start_address = .
 FILL mask 0x00
                0x0000000008000000                . = (. + (0x0 - (. - __rom_start_address)))
                0x0000000008000000                . = ALIGN (0x4)
                0x0000000008000000                . = ALIGN (0x80)
                0x0000000008000000                . = ALIGN (0x200)
                0x0000000008000000                _vector_start = .
 *(SORT_BY_ALIGNMENT(.exc_vector_table))
 *(SORT_BY_ALIGNMENT(.exc_vector_table.*))
 .exc_vector_table._vector_table_section
                0x0000000008000000       0x40 zephyr/arch/arch/arm/core/cortex_m/libarch__arm__core__cortex_m.a(vector_table.S.obj)
                0x0000000008000000                _vector_table
 *(SORT_BY_ALIGNMENT(.vectors))
                0x000000000800013c                _vector_end = .
                0x0000000008000040                . = ALIGN (0x4)
 *(SORT_BY_ALIGNMENT(.gnu.linkonce.irq_vector_table*))
 .gnu.linkonce.irq_vector_table
                0x0000000008000040       0xfc zephyr/arch/common/libisr_tables.a(isr_tables.c.obj)
                0x0000000008000040                _irq_vector_table
                0x000000000800013c                _vector_end = .

text            0x0000000008000140    0x20958
                0x0000000008000140                __text_region_start = .
 *(SORT_BY_ALIGNMENT(.text))
 .text          0x0000000008000140       0xd8 modules/picolibc/libc.a(strlen.S.obj)
                0x0000000008000140                strlen
 *fill*         0x0000000008000218        0x8 
 .text          0x0000000008000220      0x2e0 modules/picolibc/libc.a(strcmp.S.obj)
                0x0000000008000220                strcmp
 .text          0x0000000008000500       0x30 c:/users/mis/.zephyr_ide/toolchains/zephyr-sdk-0.16.6/arm-zephyr-eabi/bin/../lib/gcc/arm-zephyr-eabi/12.2.0/thumb/v7e-m/nofp\libgcc.a(_aeabi_uldivmod.o)
                0x0000000008000500                __aeabi_uldivmod
 .text          0x0000000008000530        0x4 c:/users/mis/.zephyr_ide/toolchains/zephyr-sdk-0.16.6/arm-zephyr-eabi/bin/../lib/gcc/arm-zephyr-eabi/12.2.0/thumb/v7e-m/nofp\libgcc.a(_dvmd_tls.o)
                0x0000000008000530                __aeabi_idiv0
                0x0000000008000530                __aeabi_ldiv0
 .text          0x0000000008000534       0xbc modules/picolibc/libc.a(strcpy.S.obj)
                0x0000000008000534                strcpy
 .text          0x00000000080005f0      0x134 modules/picolibc/libc.a(memcpy.S.obj)
                0x00000000080005f0                __aeabi_memcpy
                0x00000000080005f0                __aeabi_memcpy4
                0x00000000080005f0                __aeabi_memcpy8
                0x00000000080005f0                memcpy
 .text          0x0000000008000724      0x2a0 c:/users/mis/.zephyr_ide/toolchains/zephyr-sdk-0.16.6/arm-zephyr-eabi/bin/../lib/gcc/arm-zephyr-eabi/12.2.0/thumb/v7e-m/nofp\libgcc.a(_udivmoddi4.o)
                0x0000000008000724                __udivmoddi4
 *(SORT_BY_ALIGNMENT(.text.*))
 *fill*         0x00000000080009c4        0x4 
 .text.set_event_mask
                0x00000000080009c8       0x60 zephyr/subsys/bluetooth/host/libsubsys__bluetooth__host.a(hci_core.c.obj)
 .text.write_func_cb
                0x0000000008000a28       0x30 app/libapp.a(main.c.obj)
 .text.gpio1pinCallback
                0x0000000008000a58       0x50 app/libapp.a(main.c.obj)
                0x0000000008000a58                gpio1pinCallback
 .text.bt_addr_le_to_str
                0x0000000008000aa8       0xa8 app/libapp.a(main.c.obj)
 .text.start_scan
                0x0000000008000b50       0x64 app/libapp.a(main.c.obj)
 .text.device_found
                0x0000000008000bb4      0x104 app/libapp.a(main.c.obj)
 .text.discover_write_characteristic_func
                0x0000000008000cb8      0x154 app/libapp.a(main.c.obj)
 .text.read     0x0000000008000e0c       0x74 app/libapp.a(main.c.obj)
 .text.writeScenarioIdx
                0x0000000008000e80       0x64 app/libapp.a(main.c.obj)
 .text.discover_func
                0x0000000008000ee4      0x34c app/libapp.a(main.c.obj)
 .text.configurePin
                0x0000000008001230       0x74 app/libapp.a(main.c.obj)
                0x0000000008001230                configurePin
 .text.convertUint64ToStr
                0x00000000080012a4       0xa8 app/libapp.a(main.c.obj)
                0x00000000080012a4                convertUint64ToStr
 .text.connected
                0x000000000800134c      0x19c app/libapp.a(main.c.obj)
 .text.SendUartData
                0x00000000080014e8       0x48 app/libapp.a(main.c.obj)
                0x00000000080014e8                SendUartData
 .text.disconnected
                0x0000000008001530       0xcc app/libapp.a(main.c.obj)
 .text.notify_func
                0x00000000080015fc      0x284 app/libapp.a(main.c.obj)
 .text.read_func_cb_sc2
                0x0000000008001880      0x150 app/libapp.a(main.c.obj)
 .text.configurePins
                0x00000000080019d0      0x108 app/libapp.a(main.c.obj)
                0x00000000080019d0                configurePins
 .text.main     0x0000000008001ad8       0x4c app/libapp.a(main.c.obj)
                0x0000000008001ad8                main
 .text.cbvprintf_package
                0x0000000008001b24      0x4b8 zephyr/libzephyr.a(cbprintf_packaged.c.obj)
                0x0000000008001b24                cbvprintf_package
 .text.cbprintf_package_convert
                0x0000000008001fdc      0x4c4 zephyr/libzephyr.a(cbprintf_packaged.c.obj)
                0x0000000008001fdc                cbprintf_package_convert
 .text.__printk_hook_install
                0x00000000080024a0        0xc zephyr/libzephyr.a(printk.c.obj)
                0x00000000080024a0                __printk_hook_install
 .text.z_thread_entry
                0x00000000080024ac       0x34 zephyr/libzephyr.a(thread_entry.c.obj)
                0x00000000080024ac                z_thread_entry
 .text.stm32wb_init
                0x00000000080024e0       0x28 zephyr/libzephyr.a(soc.c.obj)
 .text.st_stm32_common_config
                0x0000000008002508       0x14 zephyr/libzephyr.a(soc_config.c.obj)
 .text.msg_process
                0x000000000800251c       0x3c zephyr/libzephyr.a(log_core.c.obj)
 .text.log_backend_notify_all
                0x0000000008002558       0x30 zephyr/libzephyr.a(log_core.c.obj)
 .text.default_lf_get_timestamp
                0x0000000008002588       0x48 zephyr/libzephyr.a(log_core.c.obj)
 .text.activate_foreach_backend
                0x00000000080025d0       0x64 zephyr/libzephyr.a(log_core.c.obj)
 .text.z_log_init
                0x0000000008002634       0x98 zephyr/libzephyr.a(log_core.c.obj)
 .text.thread_set
                0x00000000080026cc       0x28 zephyr/libzephyr.a(log_core.c.obj)
 .text.log_process_thread_timer_expiry_fn
                0x00000000080026f4       0x10 zephyr/libzephyr.a(log_core.c.obj)
 .text.enable_logger
                0x0000000008002704       0x5c zephyr/libzephyr.a(log_core.c.obj)
 .text.log_format_func_t_get
                0x0000000008002760        0xc zephyr/libzephyr.a(log_core.c.obj)
                0x0000000008002760                log_format_func_t_get
 .text.log_set_timestamp_func
                0x000000000800276c       0x24 zephyr/libzephyr.a(log_core.c.obj)
                0x000000000800276c                log_set_timestamp_func
 .text.z_log_notify_backend_enabled
                0x0000000008002790       0x20 zephyr/libzephyr.a(log_core.c.obj)
                0x0000000008002790                z_log_notify_backend_enabled
 .text.z_log_dropped
                0x00000000080027b0       0x40 zephyr/libzephyr.a(log_core.c.obj)
                0x00000000080027b0                z_log_dropped
 .text.z_log_dropped_read_and_clear
                0x00000000080027f0       0x20 zephyr/libzephyr.a(log_core.c.obj)
                0x00000000080027f0                z_log_dropped_read_and_clear
 .text.dropped_notify
                0x0000000008002810       0x38 zephyr/libzephyr.a(log_core.c.obj)
                0x0000000008002810                dropped_notify
 .text.z_log_dropped_pending
                0x0000000008002848       0x14 zephyr/libzephyr.a(log_core.c.obj)
                0x0000000008002848                z_log_dropped_pending
 .text.z_log_msg_init
                0x000000000800285c       0x20 zephyr/libzephyr.a(log_core.c.obj)
                0x000000000800285c                z_log_msg_init
 .text.log_core_init
                0x000000000800287c       0x30 zephyr/libzephyr.a(log_core.c.obj)
                0x000000000800287c                log_core_init
 .text.z_log_msg_alloc
                0x00000000080028ac       0x10 zephyr/libzephyr.a(log_core.c.obj)
                0x00000000080028ac                z_log_msg_alloc
 .text.z_log_msg_local_claim
                0x00000000080028bc       0x10 zephyr/libzephyr.a(log_core.c.obj)
                0x00000000080028bc                z_log_msg_local_claim
 .text.z_log_msg_free
                0x00000000080028cc       0x14 zephyr/libzephyr.a(log_core.c.obj)
                0x00000000080028cc                z_log_msg_free
 .text.z_log_msg_pending
                0x00000000080028e0       0x10 zephyr/libzephyr.a(log_core.c.obj)
                0x00000000080028e0                z_log_msg_pending
 .text.z_impl_log_process
                0x00000000080028f0       0xd0 zephyr/libzephyr.a(log_core.c.obj)
                0x00000000080028f0                z_impl_log_process
 .text.z_impl_log_panic
                0x00000000080029c0       0x4c zephyr/libzephyr.a(log_core.c.obj)
                0x00000000080029c0                z_impl_log_panic
 .text.z_log_msg_post_finalize
                0x0000000008002a0c       0x88 zephyr/libzephyr.a(log_core.c.obj)
 .text.z_log_msg_commit
                0x0000000008002a94       0x20 zephyr/libzephyr.a(log_core.c.obj)
                0x0000000008002a94                z_log_msg_commit
 .text.log_process_thread_func
                0x0000000008002ab4       0x78 zephyr/libzephyr.a(log_core.c.obj)
 .text.log_src_cnt_get
                0x0000000008002b2c       0x14 zephyr/libzephyr.a(log_mgmt.c.obj)
                0x0000000008002b2c                log_src_cnt_get
 .text.log_source_name_get
                0x0000000008002b40       0x1c zephyr/libzephyr.a(log_mgmt.c.obj)
                0x0000000008002b40                log_source_name_get
 .text.log_backend_enable
                0x0000000008002b5c       0x2c zephyr/libzephyr.a(log_mgmt.c.obj)
                0x0000000008002b5c                log_backend_enable
 .text.cbprintf_package_copy
                0x0000000008002b88       0x30 zephyr/libzephyr.a(log_msg.c.obj)
 .text.z_impl_z_log_msg_static_create
                0x0000000008002bb8      0x168 zephyr/libzephyr.a(log_msg.c.obj)
                0x0000000008002bb8                z_impl_z_log_msg_static_create
 .text.print_formatted
                0x0000000008002d20       0x24 zephyr/libzephyr.a(log_output.c.obj)
 .text.timestamp_print
                0x0000000008002d44       0x8c zephyr/libzephyr.a(log_output.c.obj)
 .text.color_print
                0x0000000008002dd0       0x2c zephyr/libzephyr.a(log_output.c.obj)
 .text.ids_print
                0x0000000008002dfc       0x74 zephyr/libzephyr.a(log_output.c.obj)
 .text.prefix_print
                0x0000000008002e70       0x88 zephyr/libzephyr.a(log_output.c.obj)
 .text.newline_print
                0x0000000008002ef8       0x28 zephyr/libzephyr.a(log_output.c.obj)
 .text.hexdump_line_print
                0x0000000008002f20       0xc4 zephyr/libzephyr.a(log_output.c.obj)
 .text.log_output_process
                0x0000000008002fe4       0x88 zephyr/libzephyr.a(log_output.c.obj)
                0x0000000008002fe4                log_output_process
 .text.log_output_msg_process
                0x000000000800306c       0x70 zephyr/libzephyr.a(log_output.c.obj)
                0x000000000800306c                log_output_msg_process
 .text.log_output_dropped_process
                0x00000000080030dc       0x58 zephyr/libzephyr.a(log_output.c.obj)
                0x00000000080030dc                log_output_dropped_process
 .text.log_output_timestamp_freq_set
                0x0000000008003134       0x2c zephyr/libzephyr.a(log_output.c.obj)
                0x0000000008003134                log_output_timestamp_freq_set
 .text.char_out
                0x0000000008003160       0x24 zephyr/libzephyr.a(log_backend_uart.c.obj)
 .text.mem_attr_get_regions
                0x0000000008003184        0xc zephyr/libzephyr.a(mem_attr.c.obj)
                0x0000000008003184                mem_attr_get_regions
 .text.HW_IPCC_MM_FreeBufHandler
                0x0000000008003190       0x24 zephyr/libzephyr.a(hw_ipcc.c.obj)
 .text.HW_IPCC_Enable
                0x00000000080031b4       0x50 zephyr/libzephyr.a(hw_ipcc.c.obj)
                0x00000000080031b4                HW_IPCC_Enable
 .text.HW_IPCC_Init
                0x0000000008003204       0x44 zephyr/libzephyr.a(hw_ipcc.c.obj)
                0x0000000008003204                HW_IPCC_Init
 .text.HW_IPCC_BLE_Init
                0x0000000008003248       0x10 zephyr/libzephyr.a(hw_ipcc.c.obj)
                0x0000000008003248                HW_IPCC_BLE_Init
 .text.HW_IPCC_BLE_SendCmd
                0x0000000008003258       0x10 zephyr/libzephyr.a(hw_ipcc.c.obj)
                0x0000000008003258                HW_IPCC_BLE_SendCmd
 .text.HW_IPCC_BLE_SendAclData
                0x0000000008003268       0x18 zephyr/libzephyr.a(hw_ipcc.c.obj)
                0x0000000008003268                HW_IPCC_BLE_SendAclData
 .text.HW_IPCC_BLE_AclDataEvtHandler
                0x0000000008003280       0x18 zephyr/libzephyr.a(hw_ipcc.c.obj)
 .text.HW_IPCC_BLE_EvtHandler
                0x0000000008003298       0x14 zephyr/libzephyr.a(hw_ipcc.c.obj)
 .text.HW_IPCC_SYS_Init
                0x00000000080032ac       0x10 zephyr/libzephyr.a(hw_ipcc.c.obj)
                0x00000000080032ac                HW_IPCC_SYS_Init
 .text.HW_IPCC_SYS_SendCmd
                0x00000000080032bc       0x18 zephyr/libzephyr.a(hw_ipcc.c.obj)
                0x00000000080032bc                HW_IPCC_SYS_SendCmd
 .text.HW_IPCC_SYS_CmdEvtHandler
                0x00000000080032d4       0x18 zephyr/libzephyr.a(hw_ipcc.c.obj)
 .text.HW_IPCC_Tx_Handler
                0x00000000080032ec       0x58 zephyr/libzephyr.a(hw_ipcc.c.obj)
                0x00000000080032ec                HW_IPCC_Tx_Handler
 .text.HW_IPCC_SYS_EvtHandler
                0x0000000008003344       0x14 zephyr/libzephyr.a(hw_ipcc.c.obj)
 .text.HW_IPCC_MM_SendFreeBuf
                0x0000000008003358       0x30 zephyr/libzephyr.a(hw_ipcc.c.obj)
                0x0000000008003358                HW_IPCC_MM_SendFreeBuf
 .text.HW_IPCC_TRACES_EvtHandler
                0x0000000008003388       0x14 zephyr/libzephyr.a(hw_ipcc.c.obj)
 .text.HW_IPCC_Rx_Handler
                0x000000000800339c       0x58 zephyr/libzephyr.a(hw_ipcc.c.obj)
                0x000000000800339c                HW_IPCC_Rx_Handler
 .text.Cmd_SetStatus
                0x00000000080033f4       0x30 zephyr/libzephyr.a(shci_tl.c.obj)
 .text.TlInit   0x0000000008003424       0x4c zephyr/libzephyr.a(shci_tl.c.obj)
 .text.TlUserEvtReceived
                0x0000000008003470       0x18 zephyr/libzephyr.a(shci_tl.c.obj)
 .text.shci_init
                0x0000000008003488       0x24 zephyr/libzephyr.a(shci_tl.c.obj)
                0x0000000008003488                shci_init
 .text.shci_user_evt_proc
                0x00000000080034ac       0x80 zephyr/libzephyr.a(shci_tl.c.obj)
                0x00000000080034ac                shci_user_evt_proc
 .text.shci_send
                0x000000000800352c       0x68 zephyr/libzephyr.a(shci_tl.c.obj)
                0x000000000800352c                shci_send
 .text.shci_register_io_bus
                0x0000000008003594       0x14 zephyr/libzephyr.a(shci_tl_if.c.obj)
                0x0000000008003594                shci_register_io_bus
 .text.SendFreeBuf
                0x00000000080035a8       0x34 zephyr/libzephyr.a(tl_mbox.c.obj)
 .text.TL_Init  0x00000000080035dc       0x60 zephyr/libzephyr.a(tl_mbox.c.obj)
                0x00000000080035dc                TL_Init
 .text.TL_BLE_Init
                0x000000000800363c       0x48 zephyr/libzephyr.a(tl_mbox.c.obj)
                0x000000000800363c                TL_BLE_Init
 .text.TL_BLE_SendCmd
                0x0000000008003684       0x1c zephyr/libzephyr.a(tl_mbox.c.obj)
                0x0000000008003684                TL_BLE_SendCmd
 .text.HW_IPCC_BLE_RxEvtNot
                0x00000000080036a0       0x30 zephyr/libzephyr.a(tl_mbox.c.obj)
                0x00000000080036a0                HW_IPCC_BLE_RxEvtNot
 .text.TL_BLE_SendAclData
                0x00000000080036d0       0x18 zephyr/libzephyr.a(tl_mbox.c.obj)
                0x00000000080036d0                TL_BLE_SendAclData
 .text.HW_IPCC_BLE_AclDataAckNot
                0x00000000080036e8       0x10 zephyr/libzephyr.a(tl_mbox.c.obj)
                0x00000000080036e8                HW_IPCC_BLE_AclDataAckNot
 .text.TL_SYS_Init
                0x00000000080036f8       0x3c zephyr/libzephyr.a(tl_mbox.c.obj)
                0x00000000080036f8                TL_SYS_Init
 .text.TL_SYS_SendCmd
                0x0000000008003734       0x1c zephyr/libzephyr.a(tl_mbox.c.obj)
                0x0000000008003734                TL_SYS_SendCmd
 .text.HW_IPCC_SYS_CmdEvtNot
                0x0000000008003750       0x1c zephyr/libzephyr.a(tl_mbox.c.obj)
                0x0000000008003750                HW_IPCC_SYS_CmdEvtNot
 .text.HW_IPCC_SYS_EvtNot
                0x000000000800376c       0x30 zephyr/libzephyr.a(tl_mbox.c.obj)
                0x000000000800376c                HW_IPCC_SYS_EvtNot
 .text.TL_MM_Init
                0x000000000800379c       0x48 zephyr/libzephyr.a(tl_mbox.c.obj)
                0x000000000800379c                TL_MM_Init
 .text.TL_MM_EvtDone
                0x00000000080037e4       0x1c zephyr/libzephyr.a(tl_mbox.c.obj)
                0x00000000080037e4                TL_MM_EvtDone
 .text.HW_IPCC_TRACES_EvtNot
                0x0000000008003800       0x28 zephyr/libzephyr.a(tl_mbox.c.obj)
                0x0000000008003800                HW_IPCC_TRACES_EvtNot
 .text.tc_aes128_set_encrypt_key
                0x0000000008003828       0xc4 zephyr/libzephyr.a(aes_encrypt.c.obj)
                0x0000000008003828                tc_aes128_set_encrypt_key
 .text.tc_aes_encrypt
                0x00000000080038ec       0xb4 zephyr/libzephyr.a(aes_encrypt.c.obj)
                0x00000000080038ec                tc_aes_encrypt
 .text.compress
                0x00000000080039a0      0x198 zephyr/libzephyr.a(sha256.c.obj)
 .text.tc_sha256_init
                0x0000000008003b38       0x5c zephyr/libzephyr.a(sha256.c.obj)
                0x0000000008003b38                tc_sha256_init
 .text.esf_dump
                0x0000000008003b94      0x26c zephyr/arch/arch/arm/core/libarch__arm__core.a(fatal.c.obj)
 .text.z_SysNmiOnReset
                0x0000000008003e00        0x8 zephyr/arch/arch/arm/core/libarch__arm__core.a(nmi_on_reset.S.obj)
                0x0000000008003e00                z_SysNmiOnReset
 .text.z_tls_copy
                0x0000000008003e08       0x38 zephyr/arch/arch/arm/core/libarch__arm__core.a(tls.c.obj)
 .text.arch_tls_stack_setup
                0x0000000008003e40       0x48 zephyr/arch/arch/arm/core/libarch__arm__core.a(tls.c.obj)
                0x0000000008003e40                arch_tls_stack_setup
 .text._HandlerModeExit
                0x0000000008003e88       0x1c zephyr/arch/arch/arm/core/cortex_m/libarch__arm__core__cortex_m.a(exc_exit.S.obj)
                0x0000000008003e88                z_arm_int_exit
                0x0000000008003e88                z_arm_exc_exit
 .text.z_arm_is_synchronous_svc
                0x0000000008003ea4       0x3c zephyr/arch/arch/arm/core/cortex_m/libarch__arm__core__cortex_m.a(fault.c.obj)
 .text.get_esf  0x0000000008003ee0       0xc0 zephyr/arch/arch/arm/core/cortex_m/libarch__arm__core__cortex_m.a(fault.c.obj)
 .text.bus_fault
                0x0000000008003fa0      0x4c8 zephyr/arch/arch/arm/core/cortex_m/libarch__arm__core__cortex_m.a(fault.c.obj)
 .text.usage_fault
                0x0000000008004468      0x3dc zephyr/arch/arch/arm/core/cortex_m/libarch__arm__core__cortex_m.a(fault.c.obj)
 .text.debug_monitor
                0x0000000008004844       0x90 zephyr/arch/arch/arm/core/cortex_m/libarch__arm__core__cortex_m.a(fault.c.obj)
 .text.reserved_exception
                0x00000000080048d4       0xe8 zephyr/arch/arch/arm/core/cortex_m/libarch__arm__core__cortex_m.a(fault.c.obj)
 .text.mem_manage_fault
                0x00000000080049bc      0x4a8 zephyr/arch/arch/arm/core/cortex_m/libarch__arm__core__cortex_m.a(fault.c.obj)
 .text.hard_fault
                0x0000000008004e64      0x314 zephyr/arch/arch/arm/core/cortex_m/libarch__arm__core__cortex_m.a(fault.c.obj)
 .text.z_arm_fault
                0x0000000008005178       0x88 zephyr/arch/arch/arm/core/cortex_m/libarch__arm__core__cortex_m.a(fault.c.obj)
                0x0000000008005178                z_arm_fault
 .text.z_arm_fault_init
                0x0000000008005200       0x10 zephyr/arch/arch/arm/core/cortex_m/libarch__arm__core__cortex_m.a(fault.c.obj)
                0x0000000008005200                z_arm_fault_init
 .text.__fault  0x0000000008005210       0x14 zephyr/arch/arch/arm/core/cortex_m/libarch__arm__core__cortex_m.a(fault_s.S.obj)
                0x0000000008005210                z_arm_usage_fault
                0x0000000008005210                z_arm_mpu_fault
                0x0000000008005210                z_arm_exc_spurious
                0x0000000008005210                z_arm_debug_monitor
                0x0000000008005210                z_arm_hard_fault
                0x0000000008005210                z_arm_bus_fault
 .text._reset_section
                0x0000000008005224       0x34 zephyr/arch/arch/arm/core/cortex_m/libarch__arm__core__cortex_m.a(reset.S.obj)
                0x0000000008005224                __start
                0x0000000008005224                z_arm_reset
 .text.z_impl_k_thread_abort
                0x0000000008005258       0x34 zephyr/arch/arch/arm/core/cortex_m/libarch__arm__core__cortex_m.a(thread_abort.c.obj)
                0x0000000008005258                z_impl_k_thread_abort
 .text.arch_swap
                0x000000000800528c       0x34 zephyr/arch/arch/arm/core/cortex_m/libarch__arm__core__cortex_m.a(swap.c.obj)
                0x000000000800528c                arch_swap
 .text.z_arm_pendsv
                0x00000000080052c0       0x68 zephyr/arch/arch/arm/core/cortex_m/libarch__arm__core__cortex_m.a(swap_helper.S.obj)
                0x00000000080052c0                z_arm_pendsv
 .text.z_arm_svc
                0x0000000008005328       0x20 zephyr/arch/arch/arm/core/cortex_m/libarch__arm__core__cortex_m.a(swap_helper.S.obj)
                0x0000000008005328                z_arm_svc
 .text.__NVIC_EnableIRQ
                0x0000000008005348       0x1c zephyr/arch/arch/arm/core/cortex_m/libarch__arm__core__cortex_m.a(irq_manage.c.obj)
 .text.__NVIC_SetPriority
                0x0000000008005364       0x28 zephyr/arch/arch/arm/core/cortex_m/libarch__arm__core__cortex_m.a(irq_manage.c.obj)
 .text.z_prep_c
                0x000000000800538c       0x48 zephyr/arch/arch/arm/core/cortex_m/libarch__arm__core__cortex_m.a(prep_c.c.obj)
                0x000000000800538c                z_prep_c
 .text.arch_new_thread
                0x00000000080053d4       0x44 zephyr/arch/arch/arm/core/cortex_m/libarch__arm__core__cortex_m.a(thread.c.obj)
                0x00000000080053d4                arch_new_thread
 .text.z_check_thread_stack_fail
                0x0000000008005418       0x48 zephyr/arch/arch/arm/core/cortex_m/libarch__arm__core__cortex_m.a(thread.c.obj)
                0x0000000008005418                z_check_thread_stack_fail
 .text.arch_switch_to_main_thread
                0x0000000008005460       0x38 zephyr/arch/arch/arm/core/cortex_m/libarch__arm__core__cortex_m.a(thread.c.obj)
                0x0000000008005460                arch_switch_to_main_thread
 .text.z_arm_cpu_idle_init
                0x0000000008005498        0xc zephyr/arch/arch/arm/core/cortex_m/libarch__arm__core__cortex_m.a(cpu_idle.S.obj)
                0x0000000008005498                z_arm_cpu_idle_init
 .text.arch_cpu_idle
                0x00000000080054a4       0x1c zephyr/arch/arch/arm/core/cortex_m/libarch__arm__core__cortex_m.a(cpu_idle.S.obj)
                0x00000000080054a4                arch_cpu_idle
 .text.z_arm_interrupt_init
                0x00000000080054c0       0x34 zephyr/arch/arch/arm/core/cortex_m/libarch__arm__core__cortex_m.a(irq_init.c.obj)
                0x00000000080054c0                z_arm_interrupt_init
 .text._isr_wrapper
                0x00000000080054f4       0x28 zephyr/arch/arch/arm/core/cortex_m/libarch__arm__core__cortex_m.a(isr_wrapper.S.obj)
                0x00000000080054f4                _isr_wrapper
 .text.arch_timing_init
                0x000000000800551c       0x28 zephyr/arch/arch/arm/core/cortex_m/libarch__arm__core__cortex_m.a(timing.c.obj)
                0x000000000800551c                arch_timing_init
 .text.arch_timing_start
                0x0000000008005544       0x14 zephyr/arch/arch/arm/core/cortex_m/libarch__arm__core__cortex_m.a(timing.c.obj)
                0x0000000008005544                arch_timing_start
 .text.arch_timing_counter_get
                0x0000000008005558        0xc zephyr/arch/arch/arm/core/cortex_m/libarch__arm__core__cortex_m.a(timing.c.obj)
                0x0000000008005558                arch_timing_counter_get
 .text.arch_timing_freq_get
                0x0000000008005564        0xc zephyr/arch/arch/arm/core/cortex_m/libarch__arm__core__cortex_m.a(timing.c.obj)
                0x0000000008005564                arch_timing_freq_get
 .text.arch_timing_freq_get_mhz
                0x0000000008005570       0x14 zephyr/arch/arch/arm/core/cortex_m/libarch__arm__core__cortex_m.a(timing.c.obj)
                0x0000000008005570                arch_timing_freq_get_mhz
 .text.z_arm_configure_static_mpu_regions
                0x0000000008005584       0x1c zephyr/arch/arch/arm/core/mpu/libarch__arm__core__mpu.a(arm_core_mpu.c.obj)
                0x0000000008005584                z_arm_configure_static_mpu_regions
 .text.z_arm_configure_dynamic_mpu_regions
                0x00000000080055a0       0x24 zephyr/arch/arch/arm/core/mpu/libarch__arm__core__mpu.a(arm_core_mpu.c.obj)
                0x00000000080055a0                z_arm_configure_dynamic_mpu_regions
 .text.region_init
                0x00000000080055c4       0x28 zephyr/arch/arch/arm/core/mpu/libarch__arm__core__mpu.a(arm_mpu.c.obj)
 .text.region_allocate_and_init
                0x00000000080055ec       0xb4 zephyr/arch/arch/arm/core/mpu/libarch__arm__core__mpu.a(arm_mpu.c.obj)
 .text.mpu_configure_regions
                0x00000000080056a0       0xe0 zephyr/arch/arch/arm/core/mpu/libarch__arm__core__mpu.a(arm_mpu.c.obj)
 .text.mpu_configure_static_mpu_regions
                0x0000000008005780       0x14 zephyr/arch/arch/arm/core/mpu/libarch__arm__core__mpu.a(arm_mpu.c.obj)
 .text.mpu_configure_dynamic_mpu_regions
                0x0000000008005794       0x3c zephyr/arch/arch/arm/core/mpu/libarch__arm__core__mpu.a(arm_mpu.c.obj)
 .text.mpu_configure_regions_from_dt
                0x00000000080057d0      0x248 zephyr/arch/arch/arm/core/mpu/libarch__arm__core__mpu.a(arm_mpu.c.obj)
 .text.arm_core_mpu_enable
                0x0000000008005a18       0x18 zephyr/arch/arch/arm/core/mpu/libarch__arm__core__mpu.a(arm_mpu.c.obj)
                0x0000000008005a18                arm_core_mpu_enable
 .text.arm_core_mpu_disable
                0x0000000008005a30       0x14 zephyr/arch/arch/arm/core/mpu/libarch__arm__core__mpu.a(arm_mpu.c.obj)
                0x0000000008005a30                arm_core_mpu_disable
 .text.z_arm_mpu_init
                0x0000000008005a44       0x80 zephyr/arch/arch/arm/core/mpu/libarch__arm__core__mpu.a(arm_mpu.c.obj)
                0x0000000008005a44                z_arm_mpu_init
 .text.z_impl_zephyr_fputc
                0x0000000008005ac4       0x10 zephyr/lib/libc/picolibc/liblib__libc__picolibc.a(libc-hooks.c.obj)
                0x0000000008005ac4                z_impl_zephyr_fputc
 .text.__stdout_hook_install
                0x0000000008005ad4       0x18 zephyr/lib/libc/picolibc/liblib__libc__picolibc.a(libc-hooks.c.obj)
                0x0000000008005ad4                __stdout_hook_install
 .text.cbvprintf
                0x0000000008005aec       0x34 zephyr/lib/libc/picolibc/liblib__libc__picolibc.a(libc-hooks.c.obj)
                0x0000000008005aec                cbvprintf
 .text.malloc_prepare
                0x0000000008005b20       0x24 zephyr/lib/libc/common/liblib__libc__common.a(malloc.c.obj)
 .text.bt_addr_le_to_str
                0x0000000008005b44       0xa8 zephyr/subsys/bluetooth/common/libsubsys__bluetooth__common.a(bt_str.c.obj)
 .text.bt_hex   0x0000000008005bec       0x58 zephyr/subsys/bluetooth/common/libsubsys__bluetooth__common.a(bt_str.c.obj)
                0x0000000008005bec                bt_hex
 .text.bt_addr_le_str
                0x0000000008005c44       0x14 zephyr/subsys/bluetooth/common/libsubsys__bluetooth__common.a(bt_str.c.obj)
                0x0000000008005c44                bt_addr_le_str
 .text.long_wq_init
                0x0000000008005c58       0x3c zephyr/subsys/bluetooth/host/libsubsys__bluetooth__host.a(long_wq.c.obj)
 .text.bt_long_wq_schedule
                0x0000000008005c94       0x10 zephyr/subsys/bluetooth/host/libsubsys__bluetooth__host.a(long_wq.c.obj)
                0x0000000008005c94                bt_long_wq_schedule
 .text.uuid_to_uuid128
                0x0000000008005ca4       0xa4 zephyr/subsys/bluetooth/host/libsubsys__bluetooth__host.a(uuid.c.obj)
 .text.bt_buf_get_rx
                0x0000000008005d48       0x20 zephyr/subsys/bluetooth/host/libsubsys__bluetooth__host.a(buf.c.obj)
                0x0000000008005d48                bt_buf_get_rx
 .text.bt_buf_get_evt
                0x0000000008005d68       0x40 zephyr/subsys/bluetooth/host/libsubsys__bluetooth__host.a(buf.c.obj)
                0x0000000008005d68                bt_buf_get_evt
 .text.conn_handle_disconnected
                0x0000000008005da8       0x20 zephyr/subsys/bluetooth/host/libsubsys__bluetooth__host.a(hci_core.c.obj)
 .text.conn_handle_is_disconnected
                0x0000000008005dc8       0x2c zephyr/subsys/bluetooth/host/libsubsys__bluetooth__host.a(hci_core.c.obj)
 .text.read_local_ver_complete
                0x0000000008005df4       0x2c zephyr/subsys/bluetooth/host/libsubsys__bluetooth__host.a(hci_core.c.obj)
 .text.read_le_features_complete
                0x0000000008005e20       0x14 zephyr/subsys/bluetooth/host/libsubsys__bluetooth__host.a(hci_core.c.obj)
 .text.read_supported_commands_complete
                0x0000000008005e34       0x34 zephyr/subsys/bluetooth/host/libsubsys__bluetooth__host.a(hci_core.c.obj)
 .text.read_local_features_complete
                0x0000000008005e68       0x14 zephyr/subsys/bluetooth/host/libsubsys__bluetooth__host.a(hci_core.c.obj)
 .text.le_read_supp_states_complete
                0x0000000008005e7c       0x18 zephyr/subsys/bluetooth/host/libsubsys__bluetooth__host.a(hci_core.c.obj)
 .text.le_read_resolving_list_size_complete
                0x0000000008005e94       0x10 zephyr/subsys/bluetooth/host/libsubsys__bluetooth__host.a(hci_core.c.obj)
 .text.hci_reset_complete
                0x0000000008005ea4       0x38 zephyr/subsys/bluetooth/host/libsubsys__bluetooth__host.a(hci_core.c.obj)
 .text.le_read_buffer_size_complete
                0x0000000008005edc       0x2c zephyr/subsys/bluetooth/host/libsubsys__bluetooth__host.a(hci_core.c.obj)
 .text.read_buffer_size_complete
                0x0000000008005f08       0x2c zephyr/subsys/bluetooth/host/libsubsys__bluetooth__host.a(hci_core.c.obj)
 .text.hci_data_buf_overflow
                0x0000000008005f34       0x94 zephyr/subsys/bluetooth/host/libsubsys__bluetooth__host.a(hci_core.c.obj)
 .text.handle_event_common
                0x0000000008005fc8       0xd8 zephyr/subsys/bluetooth/host/libsubsys__bluetooth__host.a(hci_core.c.obj)
 .text.le_conn_complete_cancel
                0x00000000080060a0       0xc0 zephyr/subsys/bluetooth/host/libsubsys__bluetooth__host.a(hci_core.c.obj)
 .text.hci_disconn_complete
                0x0000000008006160       0xe4 zephyr/subsys/bluetooth/host/libsubsys__bluetooth__host.a(hci_core.c.obj)
 .text.le_data_len_change
                0x0000000008006244       0xa8 zephyr/subsys/bluetooth/host/libsubsys__bluetooth__host.a(hci_core.c.obj)
 .text.hci_num_completed_packets
                0x00000000080062ec      0x2a0 zephyr/subsys/bluetooth/host/libsubsys__bluetooth__host.a(hci_core.c.obj)
 .text.hci_cmd_done
                0x000000000800658c      0x238 zephyr/subsys/bluetooth/host/libsubsys__bluetooth__host.a(hci_core.c.obj)
 .text.le_remote_feat_complete
                0x00000000080067c4       0xe0 zephyr/subsys/bluetooth/host/libsubsys__bluetooth__host.a(hci_core.c.obj)
 .text.hci_cmd_status
                0x00000000080068a4       0x28 zephyr/subsys/bluetooth/host/libsubsys__bluetooth__host.a(hci_core.c.obj)
 .text.hci_cmd_complete
                0x00000000080068cc       0xc8 zephyr/subsys/bluetooth/host/libsubsys__bluetooth__host.a(hci_core.c.obj)
 .text.hci_hardware_error
                0x0000000008006994       0x9c zephyr/subsys/bluetooth/host/libsubsys__bluetooth__host.a(hci_core.c.obj)
 .text.handle_event
                0x0000000008006a30       0xf8 zephyr/subsys/bluetooth/host/libsubsys__bluetooth__host.a(hci_core.c.obj)
 .text.hci_event
                0x0000000008006b28       0xfc zephyr/subsys/bluetooth/host/libsubsys__bluetooth__host.a(hci_core.c.obj)
 .text.hci_le_meta_event
                0x0000000008006c24       0x20 zephyr/subsys/bluetooth/host/libsubsys__bluetooth__host.a(hci_core.c.obj)
 .text.rx_queue_put
                0x0000000008006c44       0xbc zephyr/subsys/bluetooth/host/libsubsys__bluetooth__host.a(hci_core.c.obj)
 .text.hci_acl  0x0000000008006d00      0x214 zephyr/subsys/bluetooth/host/libsubsys__bluetooth__host.a(hci_core.c.obj)
 .text.rx_work_handler
                0x0000000008006f14      0x164 zephyr/subsys/bluetooth/host/libsubsys__bluetooth__host.a(hci_core.c.obj)
 .text.le_conn_update_complete
                0x0000000008007078      0x108 zephyr/subsys/bluetooth/host/libsubsys__bluetooth__host.a(hci_core.c.obj)
 .text.bt_hci_cmd_state_set_init
                0x0000000008007180       0x24 zephyr/subsys/bluetooth/host/libsubsys__bluetooth__host.a(hci_core.c.obj)
                0x0000000008007180                bt_hci_cmd_state_set_init
 .text.bt_hci_cmd_create
                0x00000000080071a4       0x7c zephyr/subsys/bluetooth/host/libsubsys__bluetooth__host.a(hci_core.c.obj)
                0x00000000080071a4                bt_hci_cmd_create
 .text.bt_hci_cmd_send_sync
                0x0000000008007220      0x198 zephyr/subsys/bluetooth/host/libsubsys__bluetooth__host.a(hci_core.c.obj)
                0x0000000008007220                bt_hci_cmd_send_sync
 .text.common_init
                0x00000000080073b8       0x9c zephyr/subsys/bluetooth/host/libsubsys__bluetooth__host.a(hci_core.c.obj)
 .text.hci_le_read_max_data_len
                0x0000000008007454       0xbc zephyr/subsys/bluetooth/host/libsubsys__bluetooth__host.a(hci_core.c.obj)
 .text.le_set_event_mask
                0x0000000008007510       0xa0 zephyr/subsys/bluetooth/host/libsubsys__bluetooth__host.a(hci_core.c.obj)
 .text.le_init  0x00000000080075b0      0x1e4 zephyr/subsys/bluetooth/host/libsubsys__bluetooth__host.a(hci_core.c.obj)
 .text.bt_br_init
                0x0000000008007794       0x38 zephyr/subsys/bluetooth/host/libsubsys__bluetooth__host.a(hci_core.c.obj)
 .text.hci_init
                0x00000000080077cc       0xe0 zephyr/subsys/bluetooth/host/libsubsys__bluetooth__host.a(hci_core.c.obj)
 .text.bt_le_create_conn_legacy
                0x00000000080078ac       0xc0 zephyr/subsys/bluetooth/host/libsubsys__bluetooth__host.a(hci_core.c.obj)
 .text.bt_hci_le_rand
                0x000000000800796c       0x58 zephyr/subsys/bluetooth/host/libsubsys__bluetooth__host.a(hci_core.c.obj)
                0x000000000800796c                bt_hci_le_rand
 .text.le_phy_update_complete
                0x00000000080079c4       0xc8 zephyr/subsys/bluetooth/host/libsubsys__bluetooth__host.a(hci_core.c.obj)
 .text.bt_le_create_conn_cancel
                0x0000000008007a8c       0x34 zephyr/subsys/bluetooth/host/libsubsys__bluetooth__host.a(hci_core.c.obj)
                0x0000000008007a8c                bt_le_create_conn_cancel
 .text.conn_auto_initiate
                0x0000000008007ac0      0x188 zephyr/subsys/bluetooth/host/libsubsys__bluetooth__host.a(hci_core.c.obj)
 .text.bt_hci_le_enh_conn_complete
                0x0000000008007c48      0x254 zephyr/subsys/bluetooth/host/libsubsys__bluetooth__host.a(hci_core.c.obj)
                0x0000000008007c48                bt_hci_le_enh_conn_complete
 .text.le_legacy_conn_complete
                0x0000000008007e9c       0x70 zephyr/subsys/bluetooth/host/libsubsys__bluetooth__host.a(hci_core.c.obj)
 .text.hci_encrypt_key_refresh_complete
                0x0000000008007f0c      0x188 zephyr/subsys/bluetooth/host/libsubsys__bluetooth__host.a(hci_core.c.obj)
 .text.hci_encrypt_change
                0x0000000008008094      0x190 zephyr/subsys/bluetooth/host/libsubsys__bluetooth__host.a(hci_core.c.obj)
 .text.bt_hci_get_ver_str
                0x0000000008008224       0x44 zephyr/subsys/bluetooth/host/libsubsys__bluetooth__host.a(hci_core.c.obj)
                0x0000000008008224                bt_hci_get_ver_str
 .text.bt_dev_show_info
                0x0000000008008268      0x3a8 zephyr/subsys/bluetooth/host/libsubsys__bluetooth__host.a(hci_core.c.obj)
 .text.bt_send  0x0000000008008610       0x14 zephyr/subsys/bluetooth/host/libsubsys__bluetooth__host.a(hci_core.c.obj)
                0x0000000008008610                bt_send
 .text.bt_hci_cmd_send
                0x0000000008008624       0xe0 zephyr/subsys/bluetooth/host/libsubsys__bluetooth__host.a(hci_core.c.obj)
                0x0000000008008624                bt_hci_cmd_send
 .text.le_ltk_reply
                0x0000000008008704       0xcc zephyr/subsys/bluetooth/host/libsubsys__bluetooth__host.a(hci_core.c.obj)
 .text.le_ltk_neg_reply
                0x00000000080087d0       0xb4 zephyr/subsys/bluetooth/host/libsubsys__bluetooth__host.a(hci_core.c.obj)
 .text.le_ltk_request
                0x0000000008008884       0xd8 zephyr/subsys/bluetooth/host/libsubsys__bluetooth__host.a(hci_core.c.obj)
 .text.le_conn_param_neg_reply
                0x000000000800895c       0xb8 zephyr/subsys/bluetooth/host/libsubsys__bluetooth__host.a(hci_core.c.obj)
 .text.le_conn_param_req
                0x0000000008008a14       0xe4 zephyr/subsys/bluetooth/host/libsubsys__bluetooth__host.a(hci_core.c.obj)
 .text.send_cmd
                0x0000000008008af8      0x1c4 zephyr/subsys/bluetooth/host/libsubsys__bluetooth__host.a(hci_core.c.obj)
 .text.process_events
                0x0000000008008cbc       0xd8 zephyr/subsys/bluetooth/host/libsubsys__bluetooth__host.a(hci_core.c.obj)
 .text.hci_tx_thread
                0x0000000008008d94       0x64 zephyr/subsys/bluetooth/host/libsubsys__bluetooth__host.a(hci_core.c.obj)
 .text.hci_event_prio
                0x0000000008008df8      0x124 zephyr/subsys/bluetooth/host/libsubsys__bluetooth__host.a(hci_core.c.obj)
                0x0000000008008df8                hci_event_prio
 .text.bt_recv  0x0000000008008f1c       0xe0 zephyr/subsys/bluetooth/host/libsubsys__bluetooth__host.a(hci_core.c.obj)
                0x0000000008008f1c                bt_recv
 .text.bt_hci_driver_register
                0x0000000008008ffc       0x30 zephyr/subsys/bluetooth/host/libsubsys__bluetooth__host.a(hci_core.c.obj)
                0x0000000008008ffc                bt_hci_driver_register
 .text.bt_finalize_init
                0x000000000800902c       0x2c zephyr/subsys/bluetooth/host/libsubsys__bluetooth__host.a(hci_core.c.obj)
                0x000000000800902c                bt_finalize_init
 .text.init_work
                0x0000000008009058       0x14 zephyr/subsys/bluetooth/host/libsubsys__bluetooth__host.a(hci_core.c.obj)
 .text.bt_enable
                0x000000000800906c      0x224 zephyr/subsys/bluetooth/host/libsubsys__bluetooth__host.a(hci_core.c.obj)
                0x000000000800906c                bt_enable
 .text.bt_get_name
                0x0000000008009290        0x8 zephyr/subsys/bluetooth/host/libsubsys__bluetooth__host.a(hci_core.c.obj)
                0x0000000008009290                bt_get_name
 .text.id_find  0x0000000008009298       0x38 zephyr/subsys/bluetooth/host/libsubsys__bluetooth__host.a(id.c.obj)
 .text.set_random_address
                0x00000000080092d0       0x5c zephyr/subsys/bluetooth/host/libsubsys__bluetooth__host.a(id.c.obj)
 .text.bt_id_pending_keys_update_set
                0x000000000800932c       0x28 zephyr/subsys/bluetooth/host/libsubsys__bluetooth__host.a(id.c.obj)
 .text.le_set_privacy_mode
                0x0000000008009354       0xdc zephyr/subsys/bluetooth/host/libsubsys__bluetooth__host.a(id.c.obj)
 .text.id_create
                0x0000000008009430       0x78 zephyr/subsys/bluetooth/host/libsubsys__bluetooth__host.a(id.c.obj)
 .text.bt_id_pending_keys_update
                0x00000000080094a8       0x38 zephyr/subsys/bluetooth/host/libsubsys__bluetooth__host.a(id.c.obj)
                0x00000000080094a8                bt_id_pending_keys_update
 .text.bt_id_find_conflict
                0x00000000080094e0       0x24 zephyr/subsys/bluetooth/host/libsubsys__bluetooth__host.a(id.c.obj)
                0x00000000080094e0                bt_id_find_conflict
 .text.bt_id_add
                0x0000000008009504      0x39c zephyr/subsys/bluetooth/host/libsubsys__bluetooth__host.a(id.c.obj)
                0x0000000008009504                bt_id_add
 .text.bt_id_del
                0x00000000080098a0      0x200 zephyr/subsys/bluetooth/host/libsubsys__bluetooth__host.a(id.c.obj)
                0x00000000080098a0                bt_id_del
 .text.bt_id_create
                0x0000000008009aa0      0x140 zephyr/subsys/bluetooth/host/libsubsys__bluetooth__host.a(id.c.obj)
                0x0000000008009aa0                bt_id_create
 .text.bt_id_read_public_addr
                0x0000000008009be0      0x174 zephyr/subsys/bluetooth/host/libsubsys__bluetooth__host.a(id.c.obj)
                0x0000000008009be0                bt_id_read_public_addr
 .text.bt_setup_public_id_addr
                0x0000000008009d54       0x28 zephyr/subsys/bluetooth/host/libsubsys__bluetooth__host.a(id.c.obj)
                0x0000000008009d54                bt_setup_public_id_addr
 .text.bt_id_set_create_conn_own_addr
                0x0000000008009d7c       0x34 zephyr/subsys/bluetooth/host/libsubsys__bluetooth__host.a(id.c.obj)
                0x0000000008009d7c                bt_id_set_create_conn_own_addr
 .text.bt_id_set_scan_own_addr
                0x0000000008009db0       0x30 zephyr/subsys/bluetooth/host/libsubsys__bluetooth__host.a(id.c.obj)
                0x0000000008009db0                bt_id_set_scan_own_addr
 .text.bt_id_init
                0x0000000008009de0      0x1bc zephyr/subsys/bluetooth/host/libsubsys__bluetooth__host.a(id.c.obj)
                0x0000000008009de0                bt_id_init
 .text.bt_le_scan_set_enable_legacy
                0x0000000008009f9c       0x6c zephyr/subsys/bluetooth/host/libsubsys__bluetooth__host.a(scan.c.obj)
 .text.bt_scan_reset
                0x000000000800a008        0xc zephyr/subsys/bluetooth/host/libsubsys__bluetooth__host.a(scan.c.obj)
                0x000000000800a008                bt_scan_reset
 .text.start_le_scan_legacy
                0x000000000800a014       0x80 zephyr/subsys/bluetooth/host/libsubsys__bluetooth__host.a(scan.c.obj)
 .text.bt_le_scan_update
                0x000000000800a094       0x90 zephyr/subsys/bluetooth/host/libsubsys__bluetooth__host.a(scan.c.obj)
                0x000000000800a094                bt_le_scan_update
 .text.check_pending_conn
                0x000000000800a124       0x90 zephyr/subsys/bluetooth/host/libsubsys__bluetooth__host.a(scan.c.obj)
 .text.le_adv_recv
                0x000000000800a1b4      0x138 zephyr/subsys/bluetooth/host/libsubsys__bluetooth__host.a(scan.c.obj)
 .text.bt_hci_le_adv_report
                0x000000000800a2ec      0x178 zephyr/subsys/bluetooth/host/libsubsys__bluetooth__host.a(scan.c.obj)
                0x000000000800a2ec                bt_hci_le_adv_report
 .text.bt_le_scan_start
                0x000000000800a464      0x100 zephyr/subsys/bluetooth/host/libsubsys__bluetooth__host.a(scan.c.obj)
                0x000000000800a464                bt_le_scan_start
 .text.bt_le_scan_stop
                0x000000000800a564       0x38 zephyr/subsys/bluetooth/host/libsubsys__bluetooth__host.a(scan.c.obj)
                0x000000000800a564                bt_le_scan_stop
 .text.prng_reseed
                0x000000000800a59c      0x104 zephyr/subsys/bluetooth/host/libsubsys__bluetooth__host.a(crypto.c.obj)
 .text.prng_init
                0x000000000800a6a0       0xb8 zephyr/subsys/bluetooth/host/libsubsys__bluetooth__host.a(crypto.c.obj)
                0x000000000800a6a0                prng_init
 .text.bt_rand  0x000000000800a758       0x4c zephyr/subsys/bluetooth/host/libsubsys__bluetooth__host.a(crypto.c.obj)
                0x000000000800a758                bt_rand
 .text.bt_pub_key_is_debug
                0x000000000800a7a4       0x18 zephyr/subsys/bluetooth/host/libsubsys__bluetooth__host.a(ecc.c.obj)
                0x000000000800a7a4                bt_pub_key_is_debug
 .text.bt_pub_key_gen
                0x000000000800a7bc      0x270 zephyr/subsys/bluetooth/host/libsubsys__bluetooth__host.a(ecc.c.obj)
                0x000000000800a7bc                bt_pub_key_gen
 .text.bt_pub_key_get
                0x000000000800aa2c       0x24 zephyr/subsys/bluetooth/host/libsubsys__bluetooth__host.a(ecc.c.obj)
                0x000000000800aa2c                bt_pub_key_get
 .text.bt_dh_key_gen
                0x000000000800aa50       0xf4 zephyr/subsys/bluetooth/host/libsubsys__bluetooth__host.a(ecc.c.obj)
                0x000000000800aa50                bt_dh_key_gen
 .text.bt_hci_evt_le_pkey_complete
                0x000000000800ab44       0xa0 zephyr/subsys/bluetooth/host/libsubsys__bluetooth__host.a(ecc.c.obj)
                0x000000000800ab44                bt_hci_evt_le_pkey_complete
 .text.bt_hci_evt_le_dhkey_complete
                0x000000000800abe4       0x24 zephyr/subsys/bluetooth/host/libsubsys__bluetooth__host.a(ecc.c.obj)
                0x000000000800abe4                bt_hci_evt_le_dhkey_complete
 .text.state2str
                0x000000000800ac08       0x64 zephyr/subsys/bluetooth/host/libsubsys__bluetooth__host.a(conn.c.obj)
 .text.notify_recycled_conn_slot
                0x000000000800ac6c       0x3c zephyr/subsys/bluetooth/host/libsubsys__bluetooth__host.a(conn.c.obj)
 .text.notify_connected
                0x000000000800aca8       0x44 zephyr/subsys/bluetooth/host/libsubsys__bluetooth__host.a(conn.c.obj)
 .text.notify_disconnected
                0x000000000800acec       0x44 zephyr/subsys/bluetooth/host/libsubsys__bluetooth__host.a(conn.c.obj)
 .text.create_param_setup
                0x000000000800ad30       0x38 zephyr/subsys/bluetooth/host/libsubsys__bluetooth__host.a(conn.c.obj)
 .text.tx_free  0x000000000800ad68       0x18 zephyr/subsys/bluetooth/host/libsubsys__bluetooth__host.a(conn.c.obj)
 .text.conn_tx_alloc
                0x000000000800ad80       0x38 zephyr/subsys/bluetooth/host/libsubsys__bluetooth__host.a(conn.c.obj)
 .text.bt_conn_get_pkts
                0x000000000800adb8       0x18 zephyr/subsys/bluetooth/host/libsubsys__bluetooth__host.a(conn.c.obj)
                0x000000000800adb8                bt_conn_get_pkts
 .text.do_send_frag
                0x000000000800add0      0x15c zephyr/subsys/bluetooth/host/libsubsys__bluetooth__host.a(conn.c.obj)
 .text.send_frag
                0x000000000800af2c       0x8c zephyr/subsys/bluetooth/host/libsubsys__bluetooth__host.a(conn.c.obj)
 .text.bt_conn_new
                0x000000000800afb8       0x68 zephyr/subsys/bluetooth/host/libsubsys__bluetooth__host.a(conn.c.obj)
                0x000000000800afb8                bt_conn_new
 .text.acl_conn_new
                0x000000000800b020       0x10 zephyr/subsys/bluetooth/host/libsubsys__bluetooth__host.a(conn.c.obj)
 .text.bt_acl_recv
                0x000000000800b030      0x36c zephyr/subsys/bluetooth/host/libsubsys__bluetooth__host.a(conn.c.obj)
 .text.bt_conn_send_cb
                0x000000000800b39c      0x20c zephyr/subsys/bluetooth/host/libsubsys__bluetooth__host.a(conn.c.obj)
                0x000000000800b39c                bt_conn_send_cb
 .text.bt_conn_prepare_events
                0x000000000800b5a8       0x48 zephyr/subsys/bluetooth/host/libsubsys__bluetooth__host.a(conn.c.obj)
                0x000000000800b5a8                bt_conn_prepare_events
 .text.bt_conn_set_state
                0x000000000800b5f0      0x32c zephyr/subsys/bluetooth/host/libsubsys__bluetooth__host.a(conn.c.obj)
                0x000000000800b5f0                bt_conn_set_state
 .text.bt_conn_lookup_handle
                0x000000000800b91c       0xc4 zephyr/subsys/bluetooth/host/libsubsys__bluetooth__host.a(conn.c.obj)
                0x000000000800b91c                bt_conn_lookup_handle
 .text.bt_conn_foreach
                0x000000000800b9e0       0x44 zephyr/subsys/bluetooth/host/libsubsys__bluetooth__host.a(conn.c.obj)
                0x000000000800b9e0                bt_conn_foreach
 .text.bt_conn_index
                0x000000000800ba24       0x18 zephyr/subsys/bluetooth/host/libsubsys__bluetooth__host.a(conn.c.obj)
                0x000000000800ba24                bt_conn_index
 .text.bt_conn_create_pdu_timeout
                0x000000000800ba3c       0xb0 zephyr/subsys/bluetooth/host/libsubsys__bluetooth__host.a(conn.c.obj)
                0x000000000800ba3c                bt_conn_create_pdu_timeout
 .text.notify_le_param_updated
                0x000000000800baec       0xa0 zephyr/subsys/bluetooth/host/libsubsys__bluetooth__host.a(conn.c.obj)
                0x000000000800baec                notify_le_param_updated
 .text.notify_le_phy_updated
                0x000000000800bb8c       0x48 zephyr/subsys/bluetooth/host/libsubsys__bluetooth__host.a(conn.c.obj)
                0x000000000800bb8c                notify_le_phy_updated
 .text.le_param_req
                0x000000000800bbd4       0x74 zephyr/subsys/bluetooth/host/libsubsys__bluetooth__host.a(conn.c.obj)
                0x000000000800bbd4                le_param_req
 .text.bt_conn_identity_resolved
                0x000000000800bc48       0x5c zephyr/subsys/bluetooth/host/libsubsys__bluetooth__host.a(conn.c.obj)
                0x000000000800bc48                bt_conn_identity_resolved
 .text.bt_conn_security_changed
                0x000000000800bca4       0x58 zephyr/subsys/bluetooth/host/libsubsys__bluetooth__host.a(conn.c.obj)
                0x000000000800bca4                bt_conn_security_changed
 .text.bt_conn_lookup_addr_le
                0x000000000800bcfc       0x48 zephyr/subsys/bluetooth/host/libsubsys__bluetooth__host.a(conn.c.obj)
                0x000000000800bcfc                bt_conn_lookup_addr_le
 .text.bt_conn_exists_le
                0x000000000800bd44      0x118 zephyr/subsys/bluetooth/host/libsubsys__bluetooth__host.a(conn.c.obj)
                0x000000000800bd44                bt_conn_exists_le
 .text.conn_le_create_common_checks
                0x000000000800be5c       0x84 zephyr/subsys/bluetooth/host/libsubsys__bluetooth__host.a(conn.c.obj)
 .text.bt_conn_lookup_state_le
                0x000000000800bee0       0x64 zephyr/subsys/bluetooth/host/libsubsys__bluetooth__host.a(conn.c.obj)
                0x000000000800bee0                bt_conn_lookup_state_le
 .text.bt_conn_le_create
                0x000000000800bf44       0xac zephyr/subsys/bluetooth/host/libsubsys__bluetooth__host.a(conn.c.obj)
                0x000000000800bf44                bt_conn_le_create
 .text.bt_le_set_auto_conn
                0x000000000800bff0       0xd0 zephyr/subsys/bluetooth/host/libsubsys__bluetooth__host.a(conn.c.obj)
                0x000000000800bff0                bt_le_set_auto_conn
 .text.send_conn_le_param_update
                0x000000000800c0c0       0x70 zephyr/subsys/bluetooth/host/libsubsys__bluetooth__host.a(conn.c.obj)
 .text.deferred_work
                0x000000000800c130      0x138 zephyr/subsys/bluetooth/host/libsubsys__bluetooth__host.a(conn.c.obj)
 .text.bt_conn_create_frag_timeout
                0x000000000800c268       0x10 zephyr/subsys/bluetooth/host/libsubsys__bluetooth__host.a(conn.c.obj)
                0x000000000800c268                bt_conn_create_frag_timeout
 .text.send_buf
                0x000000000800c278       0x88 zephyr/subsys/bluetooth/host/libsubsys__bluetooth__host.a(conn.c.obj)
 .text.bt_conn_process_tx
                0x000000000800c300       0x88 zephyr/subsys/bluetooth/host/libsubsys__bluetooth__host.a(conn.c.obj)
                0x000000000800c300                bt_conn_process_tx
 .text.bt_conn_init
                0x000000000800c388       0x78 zephyr/subsys/bluetooth/host/libsubsys__bluetooth__host.a(conn.c.obj)
                0x000000000800c388                bt_conn_init
 .text.get_ident
                0x000000000800c400       0x1c zephyr/subsys/bluetooth/host/libsubsys__bluetooth__host.a(l2cap.c.obj)
 .text.l2cap_accept
                0x000000000800c41c       0xcc zephyr/subsys/bluetooth/host/libsubsys__bluetooth__host.a(l2cap.c.obj)
 .text.le_conn_param_rsp
                0x000000000800c4e8       0x98 zephyr/subsys/bluetooth/host/libsubsys__bluetooth__host.a(l2cap.c.obj)
 .text.l2cap_chan_add
                0x000000000800c580       0xbc zephyr/subsys/bluetooth/host/libsubsys__bluetooth__host.a(l2cap.c.obj)
 .text.bt_l2cap_connected
                0x000000000800c63c       0x74 zephyr/subsys/bluetooth/host/libsubsys__bluetooth__host.a(l2cap.c.obj)
                0x000000000800c63c                bt_l2cap_connected
 .text.l2cap_create_le_sig_pdu
                0x000000000800c6b0       0xc0 zephyr/subsys/bluetooth/host/libsubsys__bluetooth__host.a(l2cap.c.obj)
 .text.le_conn_param_update_req
                0x000000000800c770      0x188 zephyr/subsys/bluetooth/host/libsubsys__bluetooth__host.a(l2cap.c.obj)
 .text.l2cap_recv
                0x000000000800c8f8      0x27c zephyr/subsys/bluetooth/host/libsubsys__bluetooth__host.a(l2cap.c.obj)
 .text.bt_l2cap_recv
                0x000000000800cb74      0x150 zephyr/subsys/bluetooth/host/libsubsys__bluetooth__host.a(l2cap.c.obj)
                0x000000000800cb74                bt_l2cap_recv
 .text.att_op_get_type
                0x000000000800ccc4       0xa4 zephyr/subsys/bluetooth/host/libsubsys__bluetooth__host.a(att.c.obj)
 .text.chan_req_notif_sent
                0x000000000800cd68       0xc4 zephyr/subsys/bluetooth/host/libsubsys__bluetooth__host.a(att.c.obj)
 .text.chan_rebegin_att_timeout
                0x000000000800ce2c       0xb0 zephyr/subsys/bluetooth/host/libsubsys__bluetooth__host.a(att.c.obj)
 .text.att_get  0x000000000800cedc      0x1ac zephyr/subsys/bluetooth/host/libsubsys__bluetooth__host.a(att.c.obj)
 .text.att_chan_new
                0x000000000800d088      0x144 zephyr/subsys/bluetooth/host/libsubsys__bluetooth__host.a(att.c.obj)
 .text.bt_att_accept
                0x000000000800d1cc       0xfc zephyr/subsys/bluetooth/host/libsubsys__bluetooth__host.a(att.c.obj)
 .text.bt_att_released
                0x000000000800d2c8       0x10 zephyr/subsys/bluetooth/host/libsubsys__bluetooth__host.a(att.c.obj)
 .text.read_group_cb
                0x000000000800d2d8       0xc0 zephyr/subsys/bluetooth/host/libsubsys__bluetooth__host.a(att.c.obj)
 .text.read_type_cb
                0x000000000800d398       0xbc zephyr/subsys/bluetooth/host/libsubsys__bluetooth__host.a(att.c.obj)
 .text.find_type_cb
                0x000000000800d454      0x298 zephyr/subsys/bluetooth/host/libsubsys__bluetooth__host.a(att.c.obj)
 .text.bt_att_connected
                0x000000000800d6ec       0x3c zephyr/subsys/bluetooth/host/libsubsys__bluetooth__host.a(att.c.obj)
 .text.bt_addr_le_to_str
                0x000000000800d728       0xa8 zephyr/subsys/bluetooth/host/libsubsys__bluetooth__host.a(att.c.obj)
 .text.bt_att_get_tx_meta_data
                0x000000000800d7d0       0x18 zephyr/subsys/bluetooth/host/libsubsys__bluetooth__host.a(att.c.obj)
                0x000000000800d7d0                bt_att_get_tx_meta_data
 .text.chan_send
                0x000000000800d7e8      0x21c zephyr/subsys/bluetooth/host/libsubsys__bluetooth__host.a(att.c.obj)
 .text.att_on_sent_cb
                0x000000000800da04       0xe0 zephyr/subsys/bluetooth/host/libsubsys__bluetooth__host.a(att.c.obj)
 .text.bt_att_chan_create_pdu
                0x000000000800dae4      0x180 zephyr/subsys/bluetooth/host/libsubsys__bluetooth__host.a(att.c.obj)
 .text.bt_att_recv
                0x000000000800dc64      0x258 zephyr/subsys/bluetooth/host/libsubsys__bluetooth__host.a(att.c.obj)
 .text.att_write_rsp
                0x000000000800debc       0xdc zephyr/subsys/bluetooth/host/libsubsys__bluetooth__host.a(att.c.obj)
 .text.bt_att_create_pdu
                0x000000000800df98      0x100 zephyr/subsys/bluetooth/host/libsubsys__bluetooth__host.a(att.c.obj)
                0x000000000800df98                bt_att_create_pdu
 .text.bt_att_create_rsp_pdu
                0x000000000800e098       0xe4 zephyr/subsys/bluetooth/host/libsubsys__bluetooth__host.a(att.c.obj)
                0x000000000800e098                bt_att_create_rsp_pdu
 .text.att_read_group_rsp
                0x000000000800e17c       0x84 zephyr/subsys/bluetooth/host/libsubsys__bluetooth__host.a(att.c.obj)
 .text.att_read_mult_vl_req
                0x000000000800e200       0xa0 zephyr/subsys/bluetooth/host/libsubsys__bluetooth__host.a(att.c.obj)
 .text.att_read_mult_req
                0x000000000800e2a0       0xa0 zephyr/subsys/bluetooth/host/libsubsys__bluetooth__host.a(att.c.obj)
 .text.att_read_rsp
                0x000000000800e340       0xa4 zephyr/subsys/bluetooth/host/libsubsys__bluetooth__host.a(att.c.obj)
 .text.att_read_type_rsp
                0x000000000800e3e4       0x8c zephyr/subsys/bluetooth/host/libsubsys__bluetooth__host.a(att.c.obj)
 .text.att_find_type_rsp
                0x000000000800e470       0x88 zephyr/subsys/bluetooth/host/libsubsys__bluetooth__host.a(att.c.obj)
 .text.att_find_info_rsp
                0x000000000800e4f8       0x68 zephyr/subsys/bluetooth/host/libsubsys__bluetooth__host.a(att.c.obj)
 .text.bt_att_req_alloc
                0x000000000800e560       0x54 zephyr/subsys/bluetooth/host/libsubsys__bluetooth__host.a(att.c.obj)
                0x000000000800e560                bt_att_req_alloc
 .text.bt_att_req_free
                0x000000000800e5b4       0x20 zephyr/subsys/bluetooth/host/libsubsys__bluetooth__host.a(att.c.obj)
                0x000000000800e5b4                bt_att_req_free
 .text.att_handle_rsp
                0x000000000800e5d4       0xf8 zephyr/subsys/bluetooth/host/libsubsys__bluetooth__host.a(att.c.obj)
 .text.att_error_rsp
                0x000000000800e6cc       0x58 zephyr/subsys/bluetooth/host/libsubsys__bluetooth__host.a(att.c.obj)
 .text.att_reset
                0x000000000800e724       0x68 zephyr/subsys/bluetooth/host/libsubsys__bluetooth__host.a(att.c.obj)
 .text.att_timeout
                0x000000000800e78c       0xec zephyr/subsys/bluetooth/host/libsubsys__bluetooth__host.a(att.c.obj)
 .text.bt_att_chan_req_cancel
                0x000000000800e878       0x20 zephyr/subsys/bluetooth/host/libsubsys__bluetooth__host.a(att.c.obj)
 .text.clear_ccc_cfg
                0x000000000800e898       0x20 zephyr/subsys/bluetooth/host/libsubsys__bluetooth__host.a(gatt.c.obj)
 .text.gatt_sub_free
                0x000000000800e8b8       0x18 zephyr/subsys/bluetooth/host/libsubsys__bluetooth__host.a(gatt.c.obj)
 .text.parse_read_std_char_desc
                0x000000000800e8d0       0xf8 zephyr/subsys/bluetooth/host/libsubsys__bluetooth__host.a(gatt.c.obj)
 .text.parse_service
                0x000000000800e9c8      0x18c zephyr/subsys/bluetooth/host/libsubsys__bluetooth__host.a(gatt.c.obj)
 .text.find_cf_cfg
                0x000000000800eb54       0x4c zephyr/subsys/bluetooth/host/libsubsys__bluetooth__host.a(gatt.c.obj)
 .text.find_sc_cfg
                0x000000000800eba0       0x48 zephyr/subsys/bluetooth/host/libsubsys__bluetooth__host.a(gatt.c.obj)
 .text.find_ccc_cfg
                0x000000000800ebe8       0x54 zephyr/subsys/bluetooth/host/libsubsys__bluetooth__host.a(gatt.c.obj)
 .text.gatt_sub_find
                0x000000000800ec3c       0x4c zephyr/subsys/bluetooth/host/libsubsys__bluetooth__host.a(gatt.c.obj)
 .text.bt_gatt_service_init
                0x000000000800ec88       0x48 zephyr/subsys/bluetooth/host/libsubsys__bluetooth__host.a(gatt.c.obj)
 .text.sc_save  0x000000000800ecd0       0xf0 zephyr/subsys/bluetooth/host/libsubsys__bluetooth__host.a(gatt.c.obj)
 .text.bt_gatt_attr_write_ccc
                0x000000000800edc0      0x14c zephyr/subsys/bluetooth/host/libsubsys__bluetooth__host.a(gatt.c.obj)
                0x000000000800edc0                bt_gatt_attr_write_ccc
 .text.cf_write
                0x000000000800ef0c      0x100 zephyr/subsys/bluetooth/host/libsubsys__bluetooth__host.a(gatt.c.obj)
 .text.gatt_write_ccc_rsp
                0x000000000800f00c      0x130 zephyr/subsys/bluetooth/host/libsubsys__bluetooth__host.a(gatt.c.obj)
 .text.sc_clear
                0x000000000800f13c       0xc0 zephyr/subsys/bluetooth/host/libsubsys__bluetooth__host.a(gatt.c.obj)
 .text.sc_indicate_rsp
                0x000000000800f1fc       0x68 zephyr/subsys/bluetooth/host/libsubsys__bluetooth__host.a(gatt.c.obj)
 .text.parse_characteristic
                0x000000000800f264      0x198 zephyr/subsys/bluetooth/host/libsubsys__bluetooth__host.a(gatt.c.obj)
 .text.disconnected_cb
                0x000000000800f3fc       0xd8 zephyr/subsys/bluetooth/host/libsubsys__bluetooth__host.a(gatt.c.obj)
 .text.gatt_req_alloc
                0x000000000800f4d4       0x2c zephyr/subsys/bluetooth/host/libsubsys__bluetooth__host.a(gatt.c.obj)
 .text.gatt_find_type
                0x000000000800f500       0xcc zephyr/subsys/bluetooth/host/libsubsys__bluetooth__host.a(gatt.c.obj)
 .text.gatt_read_group
                0x000000000800f5cc       0x28 zephyr/subsys/bluetooth/host/libsubsys__bluetooth__host.a(gatt.c.obj)
 .text.gatt_read_type
                0x000000000800f5f4       0x28 zephyr/subsys/bluetooth/host/libsubsys__bluetooth__host.a(gatt.c.obj)
 .text.read_included_uuid
                0x000000000800f61c       0x28 zephyr/subsys/bluetooth/host/libsubsys__bluetooth__host.a(gatt.c.obj)
 .text.parse_include
                0x000000000800f644      0x184 zephyr/subsys/bluetooth/host/libsubsys__bluetooth__host.a(gatt.c.obj)
 .text.gatt_find_info
                0x000000000800f7c8       0x28 zephyr/subsys/bluetooth/host/libsubsys__bluetooth__host.a(gatt.c.obj)
 .text.gatt_read_uuid
                0x000000000800f7f0       0x28 zephyr/subsys/bluetooth/host/libsubsys__bluetooth__host.a(gatt.c.obj)
 .text.gatt_read_mult_vl
                0x000000000800f818       0x2c zephyr/subsys/bluetooth/host/libsubsys__bluetooth__host.a(gatt.c.obj)
 .text.gatt_read_mult
                0x000000000800f844       0x2c zephyr/subsys/bluetooth/host/libsubsys__bluetooth__host.a(gatt.c.obj)
 .text.gatt_read_blob
                0x000000000800f870       0x28 zephyr/subsys/bluetooth/host/libsubsys__bluetooth__host.a(gatt.c.obj)
 .text.gatt_cancel_all_writes
                0x000000000800f898       0x28 zephyr/subsys/bluetooth/host/libsubsys__bluetooth__host.a(gatt.c.obj)
 .text.gatt_exec_write
                0x000000000800f8c0       0x28 zephyr/subsys/bluetooth/host/libsubsys__bluetooth__host.a(gatt.c.obj)
 .text.gatt_write_ccc
                0x000000000800f8e8       0x44 zephyr/subsys/bluetooth/host/libsubsys__bluetooth__host.a(gatt.c.obj)
 .text.gatt_resub_ccc
                0x000000000800f92c       0x10 zephyr/subsys/bluetooth/host/libsubsys__bluetooth__host.a(gatt.c.obj)
 .text.add_subscriptions
                0x000000000800f93c      0x108 zephyr/subsys/bluetooth/host/libsubsys__bluetooth__host.a(gatt.c.obj)
 .text.gatt_prepare_write
                0x000000000800fa44       0x44 zephyr/subsys/bluetooth/host/libsubsys__bluetooth__host.a(gatt.c.obj)
 .text.clear_cf_cfg
                0x000000000800fa88       0x34 zephyr/subsys/bluetooth/host/libsubsys__bluetooth__host.a(gatt.c.obj)
 .text.bt_gatt_init
                0x000000000800fabc       0x5c zephyr/subsys/bluetooth/host/libsubsys__bluetooth__host.a(gatt.c.obj)
                0x000000000800fabc                bt_gatt_init
 .text.bt_gatt_attr_get_handle
                0x000000000800fb18       0x64 zephyr/subsys/bluetooth/host/libsubsys__bluetooth__host.a(gatt.c.obj)
                0x000000000800fb18                bt_gatt_attr_get_handle
 .text.bt_gatt_foreach_attr_type
                0x000000000800fb7c       0x9c zephyr/subsys/bluetooth/host/libsubsys__bluetooth__host.a(gatt.c.obj)
                0x000000000800fb7c                bt_gatt_foreach_attr_type
 .text.db_hash_gen
                0x000000000800fc18      0x188 zephyr/subsys/bluetooth/host/libsubsys__bluetooth__host.a(gatt.c.obj)
 .text.db_hash_read
                0x000000000800fda0       0x98 zephyr/subsys/bluetooth/host/libsubsys__bluetooth__host.a(gatt.c.obj)
 .text.do_db_hash
                0x000000000800fe38       0x20 zephyr/subsys/bluetooth/host/libsubsys__bluetooth__host.a(gatt.c.obj)
 .text.gatt_find_by_uuid
                0x000000000800fe58       0x30 zephyr/subsys/bluetooth/host/libsubsys__bluetooth__host.a(gatt.c.obj)
 .text.bt_gatt_attr_next
                0x000000000800fe88       0x30 zephyr/subsys/bluetooth/host/libsubsys__bluetooth__host.a(gatt.c.obj)
                0x000000000800fe88                bt_gatt_attr_next
 .text.gatt_indicate
                0x000000000800feb8      0x23c zephyr/subsys/bluetooth/host/libsubsys__bluetooth__host.a(gatt.c.obj)
 .text.bt_gatt_indicate
                0x00000000080100f4       0xec zephyr/subsys/bluetooth/host/libsubsys__bluetooth__host.a(gatt.c.obj)
                0x00000000080100f4                bt_gatt_indicate
 .text.sc_process
                0x00000000080101e0       0x84 zephyr/subsys/bluetooth/host/libsubsys__bluetooth__host.a(gatt.c.obj)
 .text.sc_restore
                0x0000000008010264       0xf0 zephyr/subsys/bluetooth/host/libsubsys__bluetooth__host.a(gatt.c.obj)
 .text.update_ccc
                0x0000000008010354      0x138 zephyr/subsys/bluetooth/host/libsubsys__bluetooth__host.a(gatt.c.obj)
 .text.gatt_notify
                0x000000000801048c      0x1fc zephyr/subsys/bluetooth/host/libsubsys__bluetooth__host.a(gatt.c.obj)
 .text.notify_cb
                0x0000000008010688      0x200 zephyr/subsys/bluetooth/host/libsubsys__bluetooth__host.a(gatt.c.obj)
 .text.bt_gatt_discover
                0x0000000008010888      0x1b0 zephyr/subsys/bluetooth/host/libsubsys__bluetooth__host.a(gatt.c.obj)
                0x0000000008010888                bt_gatt_discover
 .text.read_included_uuid_cb
                0x0000000008010a38      0x118 zephyr/subsys/bluetooth/host/libsubsys__bluetooth__host.a(gatt.c.obj)
 .text.gatt_find_info_rsp
                0x0000000008010b50      0x1f4 zephyr/subsys/bluetooth/host/libsubsys__bluetooth__host.a(gatt.c.obj)
 .text.bt_gatt_read
                0x0000000008010d44       0x5c zephyr/subsys/bluetooth/host/libsubsys__bluetooth__host.a(gatt.c.obj)
                0x0000000008010d44                bt_gatt_read
 .text.parse_read_by_uuid
                0x0000000008010da0      0x1d4 zephyr/subsys/bluetooth/host/libsubsys__bluetooth__host.a(gatt.c.obj)
 .text.bt_gatt_write
                0x0000000008010f74       0x54 zephyr/subsys/bluetooth/host/libsubsys__bluetooth__host.a(gatt.c.obj)
                0x0000000008010f74                bt_gatt_write
 .text.gatt_prepare_write_rsp
                0x0000000008010fc8      0x1ac zephyr/subsys/bluetooth/host/libsubsys__bluetooth__host.a(gatt.c.obj)
 .text.bt_gatt_subscribe
                0x0000000008011174       0xa4 zephyr/subsys/bluetooth/host/libsubsys__bluetooth__host.a(gatt.c.obj)
                0x0000000008011174                bt_gatt_subscribe
 .text.bt_gatt_unsubscribe
                0x0000000008011218       0xb0 zephyr/subsys/bluetooth/host/libsubsys__bluetooth__host.a(gatt.c.obj)
                0x0000000008011218                bt_gatt_unsubscribe
 .text.bt_gatt_mult_notification
                0x00000000080112c8      0x148 zephyr/subsys/bluetooth/host/libsubsys__bluetooth__host.a(gatt.c.obj)
                0x00000000080112c8                bt_gatt_mult_notification
 .text.bt_gatt_connected
                0x0000000008011410       0xd0 zephyr/subsys/bluetooth/host/libsubsys__bluetooth__host.a(gatt.c.obj)
                0x0000000008011410                bt_gatt_connected
 .text.bt_gatt_att_max_mtu_changed
                0x00000000080114e0       0x38 zephyr/subsys/bluetooth/host/libsubsys__bluetooth__host.a(gatt.c.obj)
                0x00000000080114e0                bt_gatt_att_max_mtu_changed
 .text.bt_gatt_encrypt_change
                0x0000000008011518       0x3c zephyr/subsys/bluetooth/host/libsubsys__bluetooth__host.a(gatt.c.obj)
                0x0000000008011518                bt_gatt_encrypt_change
 .text.bt_gatt_disconnected
                0x0000000008011554       0x30 zephyr/subsys/bluetooth/host/libsubsys__bluetooth__host.a(gatt.c.obj)
                0x0000000008011554                bt_gatt_disconnected
 .text.bt_gatt_req_set_mtu
                0x0000000008011584       0x14 zephyr/subsys/bluetooth/host/libsubsys__bluetooth__host.a(gatt.c.obj)
                0x0000000008011584                bt_gatt_req_set_mtu
 .text.le_sc_supported
                0x0000000008011598       0x18 zephyr/subsys/bluetooth/host/libsubsys__bluetooth__host.a(smp.c.obj)
 .text.smp_chan_get
                0x00000000080115b0       0xa0 zephyr/subsys/bluetooth/host/libsubsys__bluetooth__host.a(smp.c.obj)
 .text.bt_smp_accept
                0x0000000008011650       0xd8 zephyr/subsys/bluetooth/host/libsubsys__bluetooth__host.a(smp.c.obj)
 .text.smp_find
                0x0000000008011728       0x34 zephyr/subsys/bluetooth/host/libsubsys__bluetooth__host.a(smp.c.obj)
 .text.latch_auth_cb
                0x000000000801175c       0x40 zephyr/subsys/bluetooth/host/libsubsys__bluetooth__host.a(smp.c.obj)
 .text.get_io_capa
                0x000000000801179c       0x50 zephyr/subsys/bluetooth/host/libsubsys__bluetooth__host.a(smp.c.obj)
 .text.legacy_get_pair_method
                0x00000000080117ec       0x54 zephyr/subsys/bluetooth/host/libsubsys__bluetooth__host.a(smp.c.obj)
 .text.get_pair_method
                0x0000000008011840       0x60 zephyr/subsys/bluetooth/host/libsubsys__bluetooth__host.a(smp.c.obj)
 .text.sec_level_reachable
                0x00000000080118a0       0x7c zephyr/subsys/bluetooth/host/libsubsys__bluetooth__host.a(smp.c.obj)
 .text.latch_bondable
                0x000000000801191c       0x3c zephyr/subsys/bluetooth/host/libsubsys__bluetooth__host.a(smp.c.obj)
 .text.get_auth
                0x0000000008011958       0x44 zephyr/subsys/bluetooth/host/libsubsys__bluetooth__host.a(smp.c.obj)
 .text.smp_create_pdu
                0x000000000801199c       0x54 zephyr/subsys/bluetooth/host/libsubsys__bluetooth__host.a(smp.c.obj)
 .text.smp_send
                0x00000000080119f0       0xc8 zephyr/subsys/bluetooth/host/libsubsys__bluetooth__host.a(smp.c.obj)
 .text.sc_send_public_key
                0x0000000008011ab8       0x98 zephyr/subsys/bluetooth/host/libsubsys__bluetooth__host.a(smp.c.obj)
 .text.smp_send_pairing_confirm
                0x0000000008011b50      0x12c zephyr/subsys/bluetooth/host/libsubsys__bluetooth__host.a(smp.c.obj)
 .text.sc_smp_check_confirm
                0x0000000008011c7c      0x174 zephyr/subsys/bluetooth/host/libsubsys__bluetooth__host.a(smp.c.obj)
 .text.compute_and_send_central_dhcheck
                0x0000000008011df0      0x24c zephyr/subsys/bluetooth/host/libsubsys__bluetooth__host.a(smp.c.obj)
 .text.display_passkey
                0x000000000801203c       0x70 zephyr/subsys/bluetooth/host/libsubsys__bluetooth__host.a(smp.c.obj)
 .text.smp_dhkey_check
                0x00000000080120ac      0x1ec zephyr/subsys/bluetooth/host/libsubsys__bluetooth__host.a(smp.c.obj)
 .text.legacy_pairing_random
                0x0000000008012298      0x140 zephyr/subsys/bluetooth/host/libsubsys__bluetooth__host.a(smp.c.obj)
 .text.smp_init
                0x00000000080123d8       0x48 zephyr/subsys/bluetooth/host/libsubsys__bluetooth__host.a(smp.c.obj)
 .text.smp_send_pairing_req
                0x0000000008012420      0x190 zephyr/subsys/bluetooth/host/libsubsys__bluetooth__host.a(smp.c.obj)
 .text.smp_security_request
                0x00000000080125b0      0x354 zephyr/subsys/bluetooth/host/libsubsys__bluetooth__host.a(smp.c.obj)
 .text.legacy_distribute_keys
                0x0000000008012904      0x260 zephyr/subsys/bluetooth/host/libsubsys__bluetooth__host.a(smp.c.obj)
 .text.bt_smp_distribute_keys
                0x0000000008012b64       0xf8 zephyr/subsys/bluetooth/host/libsubsys__bluetooth__host.a(smp.c.obj)
 .text.smp_dhkey_generate
                0x0000000008012c5c       0xd4 zephyr/subsys/bluetooth/host/libsubsys__bluetooth__host.a(smp.c.obj)
 .text.smp_public_key
                0x0000000008012d30      0x384 zephyr/subsys/bluetooth/host/libsubsys__bluetooth__host.a(smp.c.obj)
 .text.legacy_request_tk
                0x00000000080130b4      0x224 zephyr/subsys/bluetooth/host/libsubsys__bluetooth__host.a(smp.c.obj)
 .text.smp_pairing_rsp
                0x00000000080132d8      0x1d0 zephyr/subsys/bluetooth/host/libsubsys__bluetooth__host.a(smp.c.obj)
 .text.smp_ident_info
                0x00000000080134a8      0x124 zephyr/subsys/bluetooth/host/libsubsys__bluetooth__host.a(smp.c.obj)
 .text.smp_encrypt_info
                0x00000000080135cc      0x124 zephyr/subsys/bluetooth/host/libsubsys__bluetooth__host.a(smp.c.obj)
 .text.smp_id_add_replace
                0x00000000080136f0       0xa4 zephyr/subsys/bluetooth/host/libsubsys__bluetooth__host.a(smp.c.obj)
 .text.smp_pairing_random
                0x0000000008013794      0x1d0 zephyr/subsys/bluetooth/host/libsubsys__bluetooth__host.a(smp.c.obj)
 .text.bt_smp_connected
                0x0000000008013964       0x54 zephyr/subsys/bluetooth/host/libsubsys__bluetooth__host.a(smp.c.obj)
 .text.smp_pairing_complete
                0x00000000080139b8      0x198 zephyr/subsys/bluetooth/host/libsubsys__bluetooth__host.a(smp.c.obj)
 .text.smp_error
                0x0000000008013b50      0x12c zephyr/subsys/bluetooth/host/libsubsys__bluetooth__host.a(smp.c.obj)
 .text.bt_smp_recv
                0x0000000008013c7c      0x3d8 zephyr/subsys/bluetooth/host/libsubsys__bluetooth__host.a(smp.c.obj)
 .text.bt_smp_pkey_ready
                0x0000000008014054      0x104 zephyr/subsys/bluetooth/host/libsubsys__bluetooth__host.a(smp.c.obj)
 .text.smp_ident_addr_info
                0x0000000008014158      0x390 zephyr/subsys/bluetooth/host/libsubsys__bluetooth__host.a(smp.c.obj)
 .text.smp_central_ident
                0x00000000080144e8      0x180 zephyr/subsys/bluetooth/host/libsubsys__bluetooth__host.a(smp.c.obj)
 .text.smp_pairing_failed
                0x0000000008014668       0xe8 zephyr/subsys/bluetooth/host/libsubsys__bluetooth__host.a(smp.c.obj)
 .text.smp_timeout
                0x0000000008014750       0xbc zephyr/subsys/bluetooth/host/libsubsys__bluetooth__host.a(smp.c.obj)
 .text.bt_smp_update_keys
                0x000000000801480c      0x1f8 zephyr/subsys/bluetooth/host/libsubsys__bluetooth__host.a(smp.c.obj)
                0x000000000801480c                bt_smp_update_keys
 .text.bt_smp_init
                0x0000000008014a04       0x1c zephyr/subsys/bluetooth/host/libsubsys__bluetooth__host.a(smp.c.obj)
                0x0000000008014a04                bt_smp_init
 .text.bt_keys_get_addr
                0x0000000008014a20       0x8c zephyr/subsys/bluetooth/host/libsubsys__bluetooth__host.a(keys.c.obj)
                0x0000000008014a20                bt_keys_get_addr
 .text.bt_keys_foreach_type
                0x0000000008014aac       0x30 zephyr/subsys/bluetooth/host/libsubsys__bluetooth__host.a(keys.c.obj)
                0x0000000008014aac                bt_keys_foreach_type
 .text.bt_keys_find
                0x0000000008014adc       0x54 zephyr/subsys/bluetooth/host/libsubsys__bluetooth__host.a(keys.c.obj)
                0x0000000008014adc                bt_keys_find
 .text.bt_keys_find_irk
                0x0000000008014b30       0xcc zephyr/subsys/bluetooth/host/libsubsys__bluetooth__host.a(keys.c.obj)
                0x0000000008014b30                bt_keys_find_irk
 .text.bt_keys_find_addr
                0x0000000008014bfc       0x44 zephyr/subsys/bluetooth/host/libsubsys__bluetooth__host.a(keys.c.obj)
                0x0000000008014bfc                bt_keys_find_addr
 .text.bt_crypto_f5
                0x0000000008014c40      0x118 zephyr/subsys/bluetooth/crypto/libsubsys__bluetooth__crypto.a(bt_crypto.c.obj)
                0x0000000008014c40                bt_crypto_f5
 .text.bt_crypto_g2
                0x0000000008014d58       0xa4 zephyr/subsys/bluetooth/crypto/libsubsys__bluetooth__crypto.a(bt_crypto.c.obj)
                0x0000000008014d58                bt_crypto_g2
 .text.pool_id  0x0000000008014dfc       0x18 zephyr/subsys/net/libsubsys__net.a(buf.c.obj)
 .text.net_buf_pool_get
                0x0000000008014e14       0x10 zephyr/subsys/net/libsubsys__net.a(buf.c.obj)
                0x0000000008014e14                net_buf_pool_get
 .text.timing_init
                0x0000000008014e24       0x1c zephyr/subsys/timing/libsubsys__timing.a(timing.c.obj)
                0x0000000008014e24                timing_init
 .text.timing_start
                0x0000000008014e40       0x28 zephyr/subsys/timing/libsubsys__timing.a(timing.c.obj)
                0x0000000008014e40                timing_start
 .text.z_stm32_hsem_lock
                0x0000000008014e68       0x34 zephyr/drivers/interrupt_controller/libdrivers__interrupt_controller.a(intc_exti_stm32.c.obj)
 .text.stm32_exti_isr
                0x0000000008014e9c       0x4c zephyr/drivers/interrupt_controller/libdrivers__interrupt_controller.a(intc_exti_stm32.c.obj)
 .text.stm32_fill_irq_table
                0x0000000008014ee8       0x24 zephyr/drivers/interrupt_controller/libdrivers__interrupt_controller.a(intc_exti_stm32.c.obj)
 .text.stm32_exti_enable
                0x0000000008014f0c       0x28 zephyr/drivers/interrupt_controller/libdrivers__interrupt_controller.a(intc_exti_stm32.c.obj)
                0x0000000008014f0c                stm32_exti_enable
 .text.stm32_exti_disable
                0x0000000008014f34       0x1c zephyr/drivers/interrupt_controller/libdrivers__interrupt_controller.a(intc_exti_stm32.c.obj)
                0x0000000008014f34                stm32_exti_disable
 .text.stm32_exti_trigger
                0x0000000008014f50       0x84 zephyr/drivers/interrupt_controller/libdrivers__interrupt_controller.a(intc_exti_stm32.c.obj)
                0x0000000008014f50                stm32_exti_trigger
 .text.stm32_exti_set_callback
                0x0000000008014fd4       0x3c zephyr/drivers/interrupt_controller/libdrivers__interrupt_controller.a(intc_exti_stm32.c.obj)
                0x0000000008014fd4                stm32_exti_set_callback
 .text.stm32_exti_unset_callback
                0x0000000008015010       0x14 zephyr/drivers/interrupt_controller/libdrivers__interrupt_controller.a(intc_exti_stm32.c.obj)
                0x0000000008015010                stm32_exti_unset_callback
 .text.TM_EvtReceivedCb
                0x0000000008015024       0x10 zephyr/drivers/bluetooth/libdrivers__bluetooth.a(ipm_stm32wb.c.obj)
                0x0000000008015024                TM_EvtReceivedCb
 .text.TM_AclDataAck
                0x0000000008015034       0x10 zephyr/drivers/bluetooth/libdrivers__bluetooth.a(ipm_stm32wb.c.obj)
 .text.sysevt_received
                0x0000000008015044       0x10 zephyr/drivers/bluetooth/libdrivers__bluetooth.a(ipm_stm32wb.c.obj)
 .text.bt_ipm_send
                0x0000000008015054      0x114 zephyr/drivers/bluetooth/libdrivers__bluetooth.a(ipm_stm32wb.c.obj)
 .text.bt_ipm_close
                0x0000000008015168       0xd8 zephyr/drivers/bluetooth/libdrivers__bluetooth.a(ipm_stm32wb.c.obj)
 .text.tryfix_event
                0x0000000008015240      0x10c zephyr/drivers/bluetooth/libdrivers__bluetooth.a(ipm_stm32wb.c.obj)
 .text.bt_ipm_rx_thread
                0x000000000801534c      0x358 zephyr/drivers/bluetooth/libdrivers__bluetooth.a(ipm_stm32wb.c.obj)
 .text.shci_cmd_resp_release
                0x00000000080156a4       0x10 zephyr/drivers/bluetooth/libdrivers__bluetooth.a(ipm_stm32wb.c.obj)
                0x00000000080156a4                shci_cmd_resp_release
 .text.shci_cmd_resp_wait
                0x00000000080156b4       0x1c zephyr/drivers/bluetooth/libdrivers__bluetooth.a(ipm_stm32wb.c.obj)
                0x00000000080156b4                shci_cmd_resp_wait
 .text.ipcc_reset
                0x00000000080156d0       0x44 zephyr/drivers/bluetooth/libdrivers__bluetooth.a(ipm_stm32wb.c.obj)
                0x00000000080156d0                ipcc_reset
 .text.transport_init
                0x0000000008015714       0x78 zephyr/drivers/bluetooth/libdrivers__bluetooth.a(ipm_stm32wb.c.obj)
                0x0000000008015714                transport_init
 .text.c2_reset
                0x000000000801578c      0x1fc zephyr/drivers/bluetooth/libdrivers__bluetooth.a(ipm_stm32wb.c.obj)
 .text._bt_ipm_init
                0x0000000008015988       0x14 zephyr/drivers/bluetooth/libdrivers__bluetooth.a(ipm_stm32wb.c.obj)
 .text.bt_get_ble_addr
                0x000000000801599c       0x40 zephyr/drivers/bluetooth/libdrivers__bluetooth.a(ipm_stm32wb.c.obj)
                0x000000000801599c                bt_get_ble_addr
 .text.bt_ipm_ble_init
                0x00000000080159dc       0xd4 zephyr/drivers/bluetooth/libdrivers__bluetooth.a(ipm_stm32wb.c.obj)
 .text.bt_ipm_open
                0x0000000008015ab0       0x6c zephyr/drivers/bluetooth/libdrivers__bluetooth.a(ipm_stm32wb.c.obj)
 .text.z_stm32_hsem_lock
                0x0000000008015b1c       0x34 zephyr/drivers/clock_control/libdrivers__clock_control.a(clock_stm32_ll_common.c.obj)
 .text.stm32_clock_control_get_subsys_rate
                0x0000000008015b50       0xec zephyr/drivers/clock_control/libdrivers__clock_control.a(clock_stm32_ll_common.c.obj)
 .text.set_up_fixed_clock_sources
                0x0000000008015c3c       0xe8 zephyr/drivers/clock_control/libdrivers__clock_control.a(clock_stm32_ll_common.c.obj)
 .text.stm32_clock_control_init
                0x0000000008015d24       0xac zephyr/drivers/clock_control/libdrivers__clock_control.a(clock_stm32_ll_common.c.obj)
                0x0000000008015d24                stm32_clock_control_init
 .text.console_out
                0x0000000008015dd0       0x28 zephyr/drivers/console/libdrivers__console.a(uart_console.c.obj)
 .text.uart_console_hook_install
                0x0000000008015df8       0x18 zephyr/drivers/console/libdrivers__console.a(uart_console.c.obj)
 .text.uart_console_init
                0x0000000008015e10       0x1c zephyr/drivers/console/libdrivers__console.a(uart_console.c.obj)
 .text.z_stm32_hsem_lock
                0x0000000008015e2c       0x34 zephyr/drivers/gpio/libdrivers__gpio.a(gpio_stm32.c.obj)
 .text.gpio_stm32_clock_request
                0x0000000008015e60       0x28 zephyr/drivers/gpio/libdrivers__gpio.a(gpio_stm32.c.obj)
 .text.gpio_stm32_port_set_masked_raw
                0x0000000008015e88       0x30 zephyr/drivers/gpio/libdrivers__gpio.a(gpio_stm32.c.obj)
 .text.gpio_stm32_port_toggle_bits
                0x0000000008015eb8       0x28 zephyr/drivers/gpio/libdrivers__gpio.a(gpio_stm32.c.obj)
 .text.LL_SYSCFG_SetEXTISource
                0x0000000008015ee0       0x3c zephyr/drivers/gpio/libdrivers__gpio.a(gpio_stm32.c.obj)
 .text.gpio_stm32_set_exti_source
                0x0000000008015f1c       0x48 zephyr/drivers/gpio/libdrivers__gpio.a(gpio_stm32.c.obj)
 .text.LL_SYSCFG_GetEXTISource
                0x0000000008015f64       0x2c zephyr/drivers/gpio/libdrivers__gpio.a(gpio_stm32.c.obj)
 .text.gpio_stm32_configure_raw
                0x0000000008015f90       0x88 zephyr/drivers/gpio/libdrivers__gpio.a(gpio_stm32.c.obj)
 .text.gpio_stm32_pin_interrupt_configure
                0x0000000008016018       0x94 zephyr/drivers/gpio/libdrivers__gpio.a(gpio_stm32.c.obj)
 .text.gpio_stm32_init
                0x00000000080160ac       0x2c zephyr/drivers/gpio/libdrivers__gpio.a(gpio_stm32.c.obj)
 .text.stm32_pin_configure
                0x00000000080160d8       0x40 zephyr/drivers/pinctrl/libdrivers__pinctrl.a(pinctrl_stm32.c.obj)
 .text.LL_LPUART_SetBaudRate
                0x0000000008016118       0x44 zephyr/drivers/serial/libdrivers__serial.a(uart_stm32.c.obj)
 .text.uart_stm32_cfg2ll_stopbits
                0x000000000801615c       0x40 zephyr/drivers/serial/libdrivers__serial.a(uart_stm32.c.obj)
 .text.uart_stm32_poll_in
                0x000000000801619c       0x10 zephyr/drivers/serial/libdrivers__serial.a(uart_stm32.c.obj)
 .text.uart_stm32_poll_out
                0x00000000080161ac       0x1c zephyr/drivers/serial/libdrivers__serial.a(uart_stm32.c.obj)
 .text.uart_stm32_clocks_enable
                0x00000000080161c8      0x130 zephyr/drivers/serial/libdrivers__serial.a(uart_stm32.c.obj)
 .text.lpuartdiv_calc
                0x00000000080162f8       0x30 zephyr/drivers/serial/libdrivers__serial.a(uart_stm32.c.obj)
                0x00000000080162f8                lpuartdiv_calc
 .text.uart_stm32_set_baudrate
                0x0000000008016328      0x1e8 zephyr/drivers/serial/libdrivers__serial.a(uart_stm32.c.obj)
 .text.uart_stm32_configure
                0x0000000008016510      0x120 zephyr/drivers/serial/libdrivers__serial.a(uart_stm32.c.obj)
 .text.uart_stm32_registers_configure
                0x0000000008016630      0x254 zephyr/drivers/serial/libdrivers__serial.a(uart_stm32.c.obj)
 .text.elapsed  0x0000000008016884       0x48 zephyr/drivers/timer/libdrivers__timer.a(cortex_m_systick.c.obj)
 .text.sys_clock_driver_init
                0x00000000080168cc       0x38 zephyr/drivers/timer/libdrivers__timer.a(cortex_m_systick.c.obj)
 .text.sys_clock_isr
                0x0000000008016904       0x48 zephyr/drivers/timer/libdrivers__timer.a(cortex_m_systick.c.obj)
                0x0000000008016904                sys_clock_isr
 .text.sys_clock_set_timeout
                0x000000000801694c      0x108 zephyr/drivers/timer/libdrivers__timer.a(cortex_m_systick.c.obj)
                0x000000000801694c                sys_clock_set_timeout
 .text.sys_clock_elapsed
                0x0000000008016a54       0x40 zephyr/drivers/timer/libdrivers__timer.a(cortex_m_systick.c.obj)
                0x0000000008016a54                sys_clock_elapsed
 .text.sys_clock_cycle_get_32
                0x0000000008016a94       0x2c zephyr/drivers/timer/libdrivers__timer.a(cortex_m_systick.c.obj)
                0x0000000008016a94                sys_clock_cycle_get_32
 .text.HAL_RCC_GetSysClockFreq
                0x0000000008016ac0       0xc0 modules/stm32/stm32cube/lib..__modules__hal__stm32__stm32cube.a(stm32wbxx_hal_rcc.c.obj)
                0x0000000008016ac0                HAL_RCC_GetSysClockFreq
 .text.__NVIC_EnableIRQ
                0x0000000008016b80       0x1c modules/stm32/stm32cube/lib..__modules__hal__stm32__stm32cube.a(stm32wbxx_hal_cortex.c.obj)
 .text.LL_SetFlashLatency
                0x0000000008016b9c       0xec modules/stm32/stm32cube/lib..__modules__hal__stm32__stm32cube.a(stm32wbxx_ll_utils.c.obj)
                0x0000000008016b9c                LL_SetFlashLatency
 .text.z_device_state_init
                0x0000000008016c88       0x18 zephyr/kernel/libkernel.a(device.c.obj)
                0x0000000008016c88                z_device_state_init
 .text.z_impl_device_get_binding
                0x0000000008016ca0       0x64 zephyr/kernel/libkernel.a(device.c.obj)
                0x0000000008016ca0                z_impl_device_get_binding
 .text.reason_to_str
                0x0000000008016d04       0x40 zephyr/kernel/libkernel.a(fatal.c.obj)
 .text.thread_name_get
                0x0000000008016d44       0x20 zephyr/kernel/libkernel.a(fatal.c.obj)
 .text.k_sys_fatal_error_handler
                0x0000000008016d64       0x94 zephyr/kernel/libkernel.a(fatal.c.obj)
                0x0000000008016d64                k_sys_fatal_error_handler
 .text.z_fatal_error
                0x0000000008016df8      0x284 zephyr/kernel/libkernel.a(fatal.c.obj)
                0x0000000008016df8                z_fatal_error
 .text.z_sys_init_run_level
                0x000000000801707c       0x58 zephyr/kernel/libkernel.a(init.c.obj)
 .text.init_idle_thread
                0x00000000080170d4       0x60 zephyr/kernel/libkernel.a(init.c.obj)
 .text.bg_thread_main
                0x0000000008017134       0x34 zephyr/kernel/libkernel.a(init.c.obj)
 .text.switch_to_main_thread
                0x0000000008017168       0x14 zephyr/kernel/libkernel.a(init.c.obj)
 .text.z_bss_zero
                0x000000000801717c       0x18 zephyr/kernel/libkernel.a(init.c.obj)
                0x000000000801717c                z_bss_zero
 .text.z_init_cpu
                0x0000000008017194       0x60 zephyr/kernel/libkernel.a(init.c.obj)
                0x0000000008017194                z_init_cpu
 .text.prepare_multithreading
                0x00000000080171f4       0x60 zephyr/kernel/libkernel.a(init.c.obj)
 .text.z_cstart
                0x0000000008017254       0x8c zephyr/kernel/libkernel.a(init.c.obj)
                0x0000000008017254                z_cstart
 .text.statics_init
                0x00000000080172e0       0x24 zephyr/kernel/libkernel.a(kheap.c.obj)
 .text.init_mem_slab_obj_core_list
                0x0000000008017304       0x24 zephyr/kernel/libkernel.a(mem_slab.c.obj)
 .text.k_mem_slab_alloc
                0x0000000008017328       0x68 zephyr/kernel/libkernel.a(mem_slab.c.obj)
                0x0000000008017328                k_mem_slab_alloc
 .text.z_thread_monitor_exit
                0x0000000008017390       0x40 zephyr/kernel/libkernel.a(thread.c.obj)
                0x0000000008017390                z_thread_monitor_exit
 .text.z_impl_k_thread_name_set
                0x00000000080173d0       0x24 zephyr/kernel/libkernel.a(thread.c.obj)