Archive member included to satisfy reference by file (symbol)

app/libapp.a(main.c.obj)      (--whole-archive)
zephyr/libzephyr.a(heap.c.obj)
                              (--whole-archive)
zephyr/libzephyr.a(cbprintf_packaged.c.obj)
                              (--whole-archive)
zephyr/libzephyr.a(printk.c.obj)
                              (--whole-archive)
zephyr/libzephyr.a(sem.c.obj)
                              (--whole-archive)
zephyr/libzephyr.a(thread_entry.c.obj)
                              (--whole-archive)
zephyr/libzephyr.a(cbprintf_complete.c.obj)
                              (--whole-archive)
zephyr/libzephyr.a(assert.c.obj)
                              (--whole-archive)
zephyr/libzephyr.a(dec.c.obj)
                              (--whole-archive)
zephyr/libzephyr.a(hex.c.obj)
                              (--whole-archive)
zephyr/libzephyr.a(rb.c.obj)  (--whole-archive)
zephyr/libzephyr.a(timeutil.c.obj)
                              (--whole-archive)
zephyr/libzephyr.a(bitarray.c.obj)
                              (--whole-archive)
zephyr/libzephyr.a(configs.c.obj)
                              (--whole-archive)
zephyr/libzephyr.a(soc.c.obj)
                              (--whole-archive)
zephyr/libzephyr.a(stm32cube_hal.c.obj)
                              (--whole-archive)
zephyr/libzephyr.a(soc_config.c.obj)
                              (--whole-archive)
zephyr/libzephyr.a(thread_info.c.obj)
                              (--whole-archive)
zephyr/libzephyr.a(mem_attr.c.obj)
                              (--whole-archive)
zephyr/libzephyr.a(tracing_none.c.obj)
                              (--whole-archive)
zephyr/libzephyr.a(addr_utils.c.obj)
                              (--whole-archive)
zephyr/libzephyr.a(hw_ipcc.c.obj)
                              (--whole-archive)
zephyr/libzephyr.a(shci.c.obj)
                              (--whole-archive)
zephyr/libzephyr.a(shci_tl.c.obj)
                              (--whole-archive)
zephyr/libzephyr.a(shci_tl_if.c.obj)
                              (--whole-archive)
zephyr/libzephyr.a(stm_list.c.obj)
                              (--whole-archive)
zephyr/libzephyr.a(tl_mbox.c.obj)
                              (--whole-archive)
zephyr/libzephyr.a(utils.c.obj)
                              (--whole-archive)
zephyr/libzephyr.a(aes_decrypt.c.obj)
                              (--whole-archive)
zephyr/libzephyr.a(aes_encrypt.c.obj)
                              (--whole-archive)
zephyr/libzephyr.a(cmac_mode.c.obj)
                              (--whole-archive)
zephyr/libzephyr.a(sha256.c.obj)
                              (--whole-archive)
zephyr/libzephyr.a(hmac.c.obj)
                              (--whole-archive)
zephyr/libzephyr.a(hmac_prng.c.obj)
                              (--whole-archive)
zephyr/arch/common/libarch__common.a(sw_isr_common.c.obj)
                              (--whole-archive)
zephyr/arch/arch/arm/core/libarch__arm__core.a(fatal.c.obj)
                              (--whole-archive)
zephyr/arch/arch/arm/core/libarch__arm__core.a(nmi.c.obj)
                              (--whole-archive)
zephyr/arch/arch/arm/core/libarch__arm__core.a(nmi_on_reset.S.obj)
                              (--whole-archive)
zephyr/arch/arch/arm/core/libarch__arm__core.a(tls.c.obj)
                              (--whole-archive)
zephyr/arch/arch/arm/core/cortex_m/libarch__arm__core__cortex_m.a(exc_exit.S.obj)
                              (--whole-archive)
zephyr/arch/arch/arm/core/cortex_m/libarch__arm__core__cortex_m.a(fault.c.obj)
                              (--whole-archive)
zephyr/arch/arch/arm/core/cortex_m/libarch__arm__core__cortex_m.a(fault_s.S.obj)
                              (--whole-archive)
zephyr/arch/arch/arm/core/cortex_m/libarch__arm__core__cortex_m.a(fpu.c.obj)
                              (--whole-archive)
zephyr/arch/arch/arm/core/cortex_m/libarch__arm__core__cortex_m.a(reset.S.obj)
                              (--whole-archive)
zephyr/arch/arch/arm/core/cortex_m/libarch__arm__core__cortex_m.a(scb.c.obj)
                              (--whole-archive)
zephyr/arch/arch/arm/core/cortex_m/libarch__arm__core__cortex_m.a(thread_abort.c.obj)
                              (--whole-archive)
zephyr/arch/arch/arm/core/cortex_m/libarch__arm__core__cortex_m.a(vector_table.S.obj)
                              (--whole-archive)
zephyr/arch/arch/arm/core/cortex_m/libarch__arm__core__cortex_m.a(swap.c.obj)
                              (--whole-archive)
zephyr/arch/arch/arm/core/cortex_m/libarch__arm__core__cortex_m.a(swap_helper.S.obj)
                              (--whole-archive)
zephyr/arch/arch/arm/core/cortex_m/libarch__arm__core__cortex_m.a(irq_manage.c.obj)
                              (--whole-archive)
zephyr/arch/arch/arm/core/cortex_m/libarch__arm__core__cortex_m.a(prep_c.c.obj)
                              (--whole-archive)
zephyr/arch/arch/arm/core/cortex_m/libarch__arm__core__cortex_m.a(thread.c.obj)
[...]
Memory Configuration

Name             Origin             Length             Attributes
FLASH            0x0000000008000000 0x00000000000ca000 xr
RAM              0x0000000020000000 0x0000000000030000 xw
SRAM1            0x0000000020030000 0x0000000000002800
SRAM2            0x0000000020038000 0x0000000000005000
IDT_LIST         0x00000000ffff7fff 0x0000000000008000 xw
*default*        0x0000000000000000 0xffffffffffffffff

Linker script and memory map

                0x0000000008007af4                vfprintf = __l_vfprintf
                0x0000000000000000                vfscanf = __l_vfscanf
LOAD zephyr/CMakeFiles/zephyr_final.dir/misc/empty_file.c.obj
LOAD zephyr/CMakeFiles/zephyr_final.dir/isr_tables.c.obj
LOAD zephyr/CMakeFiles/offsets.dir/./arch/arm/core/offsets/offsets.c.obj
LOAD app/libapp.a
LOAD zephyr/libzephyr.a
LOAD zephyr/arch/common/libarch__common.a
LOAD zephyr/arch/arch/arm/core/libarch__arm__core.a
LOAD zephyr/arch/arch/arm/core/cortex_m/libarch__arm__core__cortex_m.a
LOAD zephyr/arch/arch/arm/core/mpu/libarch__arm__core__mpu.a
LOAD zephyr/lib/libc/picolibc/liblib__libc__picolibc.a
LOAD zephyr/lib/libc/common/liblib__libc__common.a
LOAD zephyr/subsys/bluetooth/common/libsubsys__bluetooth__common.a
LOAD zephyr/subsys/bluetooth/host/libsubsys__bluetooth__host.a
LOAD zephyr/subsys/net/libsubsys__net.a
LOAD zephyr/drivers/interrupt_controller/libdrivers__interrupt_controller.a
LOAD zephyr/drivers/bluetooth/libdrivers__bluetooth.a
LOAD zephyr/drivers/clock_control/libdrivers__clock_control.a
LOAD zephyr/drivers/console/libdrivers__console.a
LOAD zephyr/drivers/gpio/libdrivers__gpio.a
LOAD zephyr/drivers/pinctrl/libdrivers__pinctrl.a
LOAD zephyr/drivers/reset/libdrivers__reset.a
LOAD zephyr/drivers/serial/libdrivers__serial.a
LOAD zephyr/drivers/timer/libdrivers__timer.a
LOAD modules/stm32/stm32cube/lib..__modules__hal__stm32__stm32cube.a
LOAD zephyr/kernel/libkernel.a
LOAD c:/users/mis/.zephyr_ide/toolchains/zephyr-sdk-0.16.6/arm-zephyr-eabi/bin/../lib/gcc/arm-zephyr-eabi/12.2.0/thumb/v7e-m/nofp\libgcc.a
LOAD zephyr/arch/common/libisr_tables.a
LOAD c:\users\mis\.zephyr_ide\toolchains\zephyr-sdk-0.16.6\arm-zephyr-eabi\bin\../lib/gcc/../../picolibc/arm-zephyr-eabi/lib/thumb/v7e-m/nofp\libc.a
LOAD c:/users/mis/.zephyr_ide/toolchains/zephyr-sdk-0.16.6/arm-zephyr-eabi/bin/../lib/gcc/arm-zephyr-eabi/12.2.0/thumb/v7e-m/nofp\libgcc.a
                0x0000000000000020                _region_min_align = 0x20

.rel.plt        0x0000000008000000        0x0
 *(SORT_BY_ALIGNMENT(.rel.plt))
                [!provide]                        PROVIDE (__rel_iplt_start = .)
 *(SORT_BY_ALIGNMENT(.rel.iplt))
 .rel.iplt      0x0000000008000000        0x0 zephyr/CMakeFiles/zephyr_final.dir/isr_tables.c.obj
                [!provide]                        PROVIDE (__rel_iplt_end = .)

.rela.plt       0x0000000000000000        0x0
 *(SORT_BY_ALIGNMENT(.rela.plt))
                [!provide]                        PROVIDE (__rela_iplt_start = .)
 *(SORT_BY_ALIGNMENT(.rela.iplt))
                [!provide]                        PROVIDE (__rela_iplt_end = .)

.rel.dyn
 *(SORT_BY_ALIGNMENT(.rel.*))

.rela.dyn
 *(SORT_BY_ALIGNMENT(.rela.*))

/DISCARD/
 *(SORT_BY_ALIGNMENT(.plt))

/DISCARD/
 *(SORT_BY_ALIGNMENT(.iplt))
                0x0000000008000000                __rom_region_start = 0x8000000

rom_start       0x0000000008000000      0x13c
                0x0000000008000000                __rom_start_address = .
 FILL mask 0x00
                0x0000000008000000                . = (. + (0x0 - (. - __rom_start_address)))
                0x0000000008000000                . = ALIGN (0x4)
                0x0000000008000000                . = ALIGN (0x80)
                0x0000000008000000                . = ALIGN (0x200)
                0x0000000008000000                _vector_start = .
 *(SORT_BY_ALIGNMENT(.exc_vector_table))
 *(SORT_BY_ALIGNMENT(.exc_vector_table.*))
 .exc_vector_table._vector_table_section
                0x0000000008000000       0x40 zephyr/arch/arch/arm/core/cortex_m/libarch__arm__core__cortex_m.a(vector_table.S.obj)
                0x0000000008000000                _vector_table
 *(SORT_BY_ALIGNMENT(.vectors))
                0x000000000800013c                _vector_end = .
                0x0000000008000040                . = ALIGN (0x4)
 *(SORT_BY_ALIGNMENT(.gnu.linkonce.irq_vector_table*))
 .gnu.linkonce.irq_vector_table
                0x0000000008000040       0xfc zephyr/CMakeFiles/zephyr_final.dir/isr_tables.c.obj
                0x0000000008000040                _irq_vector_table
                0x000000000800013c                _vector_end = .

text            0x000000000800013c     0xde3c
                0x000000000800013c                __text_region_start = .
 *(SORT_BY_ALIGNMENT(.text))
 .text          0x000000000800013c       0x30 c:/users/mis/.zephyr_ide/toolchains/zephyr-sdk-0.16.6/arm-zephyr-eabi/bin/../lib/gcc/arm-zephyr-eabi/12.2.0/thumb/v7e-m/nofp\libgcc.a(_aeabi_uldivmod.o)
                0x000000000800013c                __aeabi_uldivmod
 .text          0x000000000800016c        0x4 c:/users/mis/.zephyr_ide/toolchains/zephyr-sdk-0.16.6/arm-zephyr-eabi/bin/../lib/gcc/arm-zephyr-eabi/12.2.0/thumb/v7e-m/nofp\libgcc.a(_dvmd_tls.o)
                0x000000000800016c                __aeabi_idiv0
                0x000000000800016c                __aeabi_ldiv0
 .text          0x0000000008000170      0x2a0 c:/users/mis/.zephyr_ide/toolchains/zephyr-sdk-0.16.6/arm-zephyr-eabi/bin/../lib/gcc/arm-zephyr-eabi/12.2.0/thumb/v7e-m/nofp\libgcc.a(_udivmoddi4.o)
                0x0000000008000170                __udivmoddi4
 .text          0x0000000008000410       0x10 c:\users\mis\.zephyr_ide\toolchains\zephyr-sdk-0.16.6\arm-zephyr-eabi\bin\../lib/gcc/../../picolibc/arm-zephyr-eabi/lib/thumb/v7e-m/nofp\libc.a(strlen.S.o)
                0x0000000008000410                strlen
 *(SORT_BY_ALIGNMENT(.text.*))
 .text.bt_addr_le_to_str
                0x0000000008000420       0xa8 app/libapp.a(main.c.obj)
 .text.start_scan
                0x00000000080004c8       0x44 app/libapp.a(main.c.obj)
 .text.disconnected
                0x000000000800050c       0x44 app/libapp.a(main.c.obj)
 .text.device_found
                0x0000000008000550       0x80 app/libapp.a(main.c.obj)
 .text.connected
                0x00000000080005d0       0x5c app/libapp.a(main.c.obj)
 .text.main     0x000000000800062c       0x2c app/libapp.a(main.c.obj)
                0x000000000800062c                main
 .text.char_out
                0x0000000008000658       0x10 zephyr/libzephyr.a(printk.c.obj)
 .text.vprintk  0x0000000008000668       0x2c zephyr/libzephyr.a(printk.c.obj)
                0x0000000008000668                vprintk
 .text.__printk_hook_install
                0x0000000008000694        0xc zephyr/libzephyr.a(printk.c.obj)
                0x0000000008000694                __printk_hook_install
 .text.z_thread_entry
                0x00000000080006a0       0x34 zephyr/libzephyr.a(thread_entry.c.obj)
                0x00000000080006a0                z_thread_entry
 .text.stm32wb_init
                0x00000000080006d4       0x28 zephyr/libzephyr.a(soc.c.obj)
 .text.st_stm32_common_config
                0x00000000080006fc       0x14 zephyr/libzephyr.a(soc_config.c.obj)
 .text.mem_attr_get_regions
                0x0000000008000710        0xc zephyr/libzephyr.a(mem_attr.c.obj)
                0x0000000008000710                mem_attr_get_regions
 .text.HW_IPCC_MM_FreeBufHandler
                0x000000000800071c       0x24 zephyr/libzephyr.a(hw_ipcc.c.obj)
 .text.HW_IPCC_Enable
                0x0000000008000740       0x50 zephyr/libzephyr.a(hw_ipcc.c.obj)
                0x0000000008000740                HW_IPCC_Enable
 .text.HW_IPCC_Init
                0x0000000008000790       0x44 zephyr/libzephyr.a(hw_ipcc.c.obj)
                0x0000000008000790                HW_IPCC_Init
 .text.HW_IPCC_BLE_Init
                0x00000000080007d4       0x10 zephyr/libzephyr.a(hw_ipcc.c.obj)
                0x00000000080007d4                HW_IPCC_BLE_Init
 .text.HW_IPCC_BLE_SendCmd
                0x00000000080007e4       0x10 zephyr/libzephyr.a(hw_ipcc.c.obj)
                0x00000000080007e4                HW_IPCC_BLE_SendCmd
 .text.HW_IPCC_BLE_SendAclData
                0x00000000080007f4       0x18 zephyr/libzephyr.a(hw_ipcc.c.obj)
                0x00000000080007f4                HW_IPCC_BLE_SendAclData
 .text.HW_IPCC_BLE_AclDataEvtHandler
                0x000000000800080c       0x18 zephyr/libzephyr.a(hw_ipcc.c.obj)
 .text.HW_IPCC_BLE_EvtHandler
                0x0000000008000824       0x14 zephyr/libzephyr.a(hw_ipcc.c.obj)
 .text.HW_IPCC_SYS_Init
                0x0000000008000838       0x10 zephyr/libzephyr.a(hw_ipcc.c.obj)
                0x0000000008000838                HW_IPCC_SYS_Init
 .text.HW_IPCC_SYS_SendCmd
                0x0000000008000848       0x18 zephyr/libzephyr.a(hw_ipcc.c.obj)
                0x0000000008000848                HW_IPCC_SYS_SendCmd
 .text.HW_IPCC_SYS_CmdEvtHandler
                0x0000000008000860       0x18 zephyr/libzephyr.a(hw_ipcc.c.obj)
 .text.HW_IPCC_Tx_Handler
                0x0000000008000878       0x58 zephyr/libzephyr.a(hw_ipcc.c.obj)
                0x0000000008000878                HW_IPCC_Tx_Handler
 .text.HW_IPCC_SYS_EvtHandler
                0x00000000080008d0       0x14 zephyr/libzephyr.a(hw_ipcc.c.obj)
 .text.HW_IPCC_MM_SendFreeBuf
                0x00000000080008e4       0x30 zephyr/libzephyr.a(hw_ipcc.c.obj)
                0x00000000080008e4                HW_IPCC_MM_SendFreeBuf
 .text.HW_IPCC_TRACES_EvtHandler
                0x0000000008000914       0x14 zephyr/libzephyr.a(hw_ipcc.c.obj)
 .text.HW_IPCC_Rx_Handler
                0x0000000008000928       0x58 zephyr/libzephyr.a(hw_ipcc.c.obj)
                0x0000000008000928                HW_IPCC_Rx_Handler
 .text.Cmd_SetStatus
                0x0000000008000980       0x30 zephyr/libzephyr.a(shci_tl.c.obj)
 .text.TlInit   0x00000000080009b0       0x4c zephyr/libzephyr.a(shci_tl.c.obj)
 .text.TlUserEvtReceived
                0x00000000080009fc       0x18 zephyr/libzephyr.a(shci_tl.c.obj)
 .text.shci_init
                0x0000000008000a14       0x24 zephyr/libzephyr.a(shci_tl.c.obj)
                0x0000000008000a14                shci_init
 .text.shci_user_evt_proc
                0x0000000008000a38       0x80 zephyr/libzephyr.a(shci_tl.c.obj)
                0x0000000008000a38                shci_user_evt_proc
 .text.shci_send
                0x0000000008000ab8       0x68 zephyr/libzephyr.a(shci_tl.c.obj)
                0x0000000008000ab8                shci_send
 .text.shci_register_io_bus
                0x0000000008000b20       0x14 zephyr/libzephyr.a(shci_tl_if.c.obj)
                0x0000000008000b20                shci_register_io_bus
 .text.SendFreeBuf
                0x0000000008000b34       0x34 zephyr/libzephyr.a(tl_mbox.c.obj)
 .text.TL_Init  0x0000000008000b68       0x60 zephyr/libzephyr.a(tl_mbox.c.obj)
                0x0000000008000b68                TL_Init
 .text.TL_BLE_Init
                0x0000000008000bc8       0x48 zephyr/libzephyr.a(tl_mbox.c.obj)
                0x0000000008000bc8                TL_BLE_Init
 .text.TL_BLE_SendCmd
                0x0000000008000c10       0x1c zephyr/libzephyr.a(tl_mbox.c.obj)
                0x0000000008000c10                TL_BLE_SendCmd
 .text.HW_IPCC_BLE_RxEvtNot
                0x0000000008000c2c       0x30 zephyr/libzephyr.a(tl_mbox.c.obj)
                0x0000000008000c2c                HW_IPCC_BLE_RxEvtNot
 .text.TL_BLE_SendAclData
                0x0000000008000c5c       0x18 zephyr/libzephyr.a(tl_mbox.c.obj)
                0x0000000008000c5c                TL_BLE_SendAclData
 .text.HW_IPCC_BLE_AclDataAckNot
                0x0000000008000c74       0x10 zephyr/libzephyr.a(tl_mbox.c.obj)
                0x0000000008000c74                HW_IPCC_BLE_AclDataAckNot
 .text.TL_SYS_Init
                0x0000000008000c84       0x3c zephyr/libzephyr.a(tl_mbox.c.obj)
                0x0000000008000c84                TL_SYS_Init
 .text.TL_SYS_SendCmd
                0x0000000008000cc0       0x1c zephyr/libzephyr.a(tl_mbox.c.obj)
                0x0000000008000cc0                TL_SYS_SendCmd
 .text.HW_IPCC_SYS_CmdEvtNot
                0x0000000008000cdc       0x1c zephyr/libzephyr.a(tl_mbox.c.obj)
                0x0000000008000cdc                HW_IPCC_SYS_CmdEvtNot
 .text.HW_IPCC_SYS_EvtNot
                0x0000000008000cf8       0x30 zephyr/libzephyr.a(tl_mbox.c.obj)
                0x0000000008000cf8                HW_IPCC_SYS_EvtNot
 .text.TL_MM_Init
                0x0000000008000d28       0x48 zephyr/libzephyr.a(tl_mbox.c.obj)
                0x0000000008000d28                TL_MM_Init
 .text.TL_MM_EvtDone
                0x0000000008000d70       0x1c zephyr/libzephyr.a(tl_mbox.c.obj)
                0x0000000008000d70                TL_MM_EvtDone
 .text.HW_IPCC_TRACES_EvtNot
                0x0000000008000d8c       0x28 zephyr/libzephyr.a(tl_mbox.c.obj)
                0x0000000008000d8c                HW_IPCC_TRACES_EvtNot
 .text.tc_aes128_set_encrypt_key
                0x0000000008000db4       0xc4 zephyr/libzephyr.a(aes_encrypt.c.obj)
                0x0000000008000db4                tc_aes128_set_encrypt_key
 .text.tc_aes_encrypt
                0x0000000008000e78       0xb4 zephyr/libzephyr.a(aes_encrypt.c.obj)
                0x0000000008000e78                tc_aes_encrypt
 .text.compress
                0x0000000008000f2c      0x198 zephyr/libzephyr.a(sha256.c.obj)
 .text.tc_sha256_init
                0x00000000080010c4       0x5c zephyr/libzephyr.a(sha256.c.obj)
                0x00000000080010c4                tc_sha256_init
 .text.z_SysNmiOnReset
                0x0000000008001120        0x8 zephyr/arch/arch/arm/core/libarch__arm__core.a(nmi_on_reset.S.obj)
                0x0000000008001120                z_SysNmiOnReset
 .text.z_tls_copy
                0x0000000008001128       0x38 zephyr/arch/arch/arm/core/libarch__arm__core.a(tls.c.obj)
 .text.arch_tls_stack_setup
                0x0000000008001160       0x48 zephyr/arch/arch/arm/core/libarch__arm__core.a(tls.c.obj)
                0x0000000008001160                arch_tls_stack_setup
 .text._HandlerModeExit
                0x00000000080011a8       0x1c zephyr/arch/arch/arm/core/cortex_m/libarch__arm__core__cortex_m.a(exc_exit.S.obj)
                0x00000000080011a8                z_arm_int_exit
                0x00000000080011a8                z_arm_exc_exit
 .text.bus_fault
                0x00000000080011c4       0x8c zephyr/arch/arch/arm/core/cortex_m/libarch__arm__core__cortex_m.a(fault.c.obj)
 .text.usage_fault
                0x0000000008001250       0x64 zephyr/arch/arch/arm/core/cortex_m/libarch__arm__core__cortex_m.a(fault.c.obj)
 .text.z_arm_is_synchronous_svc
                0x00000000080012b4       0x3c zephyr/arch/arch/arm/core/cortex_m/libarch__arm__core__cortex_m.a(fault.c.obj)
 .text.mem_manage_fault
                0x00000000080012f0       0xd4 zephyr/arch/arch/arm/core/cortex_m/libarch__arm__core__cortex_m.a(fault.c.obj)
 .text.hard_fault
                0x00000000080013c4       0x78 zephyr/arch/arch/arm/core/cortex_m/libarch__arm__core__cortex_m.a(fault.c.obj)
 .text.z_arm_fault
                0x000000000800143c       0xa4 zephyr/arch/arch/arm/core/cortex_m/libarch__arm__core__cortex_m.a(fault.c.obj)
                0x000000000800143c                z_arm_fault
 .text.z_arm_fault_init
                0x00000000080014e0       0x10 zephyr/arch/arch/arm/core/cortex_m/libarch__arm__core__cortex_m.a(fault.c.obj)
                0x00000000080014e0                z_arm_fault_init
 .text.__fault  0x00000000080014f0       0x14 zephyr/arch/arch/arm/core/cortex_m/libarch__arm__core__cortex_m.a(fault_s.S.obj)
                0x00000000080014f0                z_arm_usage_fault
                0x00000000080014f0                z_arm_mpu_fault
                0x00000000080014f0                z_arm_exc_spurious
                0x00000000080014f0                z_arm_debug_monitor
                0x00000000080014f0                z_arm_hard_fault
                0x00000000080014f0                z_arm_bus_fault
 .text._reset_section
                0x0000000008001504       0x34 zephyr/arch/arch/arm/core/cortex_m/libarch__arm__core__cortex_m.a(reset.S.obj)
                0x0000000008001504                __start
                0x0000000008001504                z_arm_reset
 .text.z_impl_k_thread_abort
                0x0000000008001538       0x34 zephyr/arch/arch/arm/core/cortex_m/libarch__arm__core__cortex_m.a(thread_abort.c.obj)
                0x0000000008001538                z_impl_k_thread_abort
 .text.arch_swap
                0x000000000800156c       0x34 zephyr/arch/arch/arm/core/cortex_m/libarch__arm__core__cortex_m.a(swap.c.obj)
                0x000000000800156c                arch_swap
 .text.z_arm_pendsv
                0x00000000080015a0       0x68 zephyr/arch/arch/arm/core/cortex_m/libarch__arm__core__cortex_m.a(swap_helper.S.obj)
                0x00000000080015a0                z_arm_pendsv
 .text.z_arm_svc
                0x0000000008001608       0x20 zephyr/arch/arch/arm/core/cortex_m/libarch__arm__core__cortex_m.a(swap_helper.S.obj)
                0x0000000008001608                z_arm_svc
 .text.__NVIC_EnableIRQ
                0x0000000008001628       0x1c zephyr/arch/arch/arm/core/cortex_m/libarch__arm__core__cortex_m.a(irq_manage.c.obj)
 .text.__NVIC_SetPriority
                0x0000000008001644       0x28 zephyr/arch/arch/arm/core/cortex_m/libarch__arm__core__cortex_m.a(irq_manage.c.obj)
 .text.z_prep_c
                0x000000000800166c       0x48 zephyr/arch/arch/arm/core/cortex_m/libarch__arm__core__cortex_m.a(prep_c.c.obj)
                0x000000000800166c                z_prep_c
 .text.arch_new_thread
                0x00000000080016b4       0x44 zephyr/arch/arch/arm/core/cortex_m/libarch__arm__core__cortex_m.a(thread.c.obj)
                0x00000000080016b4                arch_new_thread
 .text.z_check_thread_stack_fail
                0x00000000080016f8       0x48 zephyr/arch/arch/arm/core/cortex_m/libarch__arm__core__cortex_m.a(thread.c.obj)
                0x00000000080016f8                z_check_thread_stack_fail
 .text.arch_switch_to_main_thread
                0x0000000008001740       0x38 zephyr/arch/arch/arm/core/cortex_m/libarch__arm__core__cortex_m.a(thread.c.obj)
                0x0000000008001740                arch_switch_to_main_thread
 .text.z_arm_cpu_idle_init
                0x0000000008001778        0xc zephyr/arch/arch/arm/core/cortex_m/libarch__arm__core__cortex_m.a(cpu_idle.S.obj)
                0x0000000008001778                z_arm_cpu_idle_init
 .text.arch_cpu_idle
                0x0000000008001784       0x1c zephyr/arch/arch/arm/core/cortex_m/libarch__arm__core__cortex_m.a(cpu_idle.S.obj)
                0x0000000008001784                arch_cpu_idle
 .text.z_arm_interrupt_init
                0x00000000080017a0       0x34 zephyr/arch/arch/arm/core/cortex_m/libarch__arm__core__cortex_m.a(irq_init.c.obj)
                0x00000000080017a0                z_arm_interrupt_init
 .text._isr_wrapper
                0x00000000080017d4       0x28 zephyr/arch/arch/arm/core/cortex_m/libarch__arm__core__cortex_m.a(isr_wrapper.S.obj)
                0x00000000080017d4                _isr_wrapper
 .text.z_arm_configure_static_mpu_regions
                0x00000000080017fc       0x1c zephyr/arch/arch/arm/core/mpu/libarch__arm__core__mpu.a(arm_core_mpu.c.obj)
                0x00000000080017fc                z_arm_configure_static_mpu_regions
 .text.z_arm_configure_dynamic_mpu_regions
                0x0000000008001818       0x24 zephyr/arch/arch/arm/core/mpu/libarch__arm__core__mpu.a(arm_core_mpu.c.obj)
                0x0000000008001818                z_arm_configure_dynamic_mpu_regions
 .text.region_init
                0x000000000800183c       0x28 zephyr/arch/arch/arm/core/mpu/libarch__arm__core__mpu.a(arm_mpu.c.obj)
 .text.region_allocate_and_init
                0x0000000008001864       0x28 zephyr/arch/arch/arm/core/mpu/libarch__arm__core__mpu.a(arm_mpu.c.obj)
 .text.mpu_configure_static_mpu_regions
                0x000000000800188c       0x14 zephyr/arch/arch/arm/core/mpu/libarch__arm__core__mpu.a(arm_mpu.c.obj)
 .text.mpu_configure_dynamic_mpu_regions
                0x00000000080018a0       0x3c zephyr/arch/arch/arm/core/mpu/libarch__arm__core__mpu.a(arm_mpu.c.obj)
 .text.arm_core_mpu_enable
                0x00000000080018dc       0x18 zephyr/arch/arch/arm/core/mpu/libarch__arm__core__mpu.a(arm_mpu.c.obj)
                0x00000000080018dc                arm_core_mpu_enable
 .text.arm_core_mpu_disable
                0x00000000080018f4       0x14 zephyr/arch/arch/arm/core/mpu/libarch__arm__core__mpu.a(arm_mpu.c.obj)
                0x00000000080018f4                arm_core_mpu_disable
 .text.z_arm_mpu_init
                0x0000000008001908       0x80 zephyr/arch/arch/arm/core/mpu/libarch__arm__core__mpu.a(arm_mpu.c.obj)
                0x0000000008001908                z_arm_mpu_init
 .text.z_impl_zephyr_fputc
                0x0000000008001988       0x10 zephyr/lib/libc/picolibc/liblib__libc__picolibc.a(libc-hooks.c.obj)
                0x0000000008001988                z_impl_zephyr_fputc
 .text.__stdout_hook_install
                0x0000000008001998       0x18 zephyr/lib/libc/picolibc/liblib__libc__picolibc.a(libc-hooks.c.obj)
                0x0000000008001998                __stdout_hook_install
 .text.malloc_prepare
                0x00000000080019b0       0x24 zephyr/lib/libc/common/liblib__libc__common.a(malloc.c.obj)
 .text.long_wq_init
                0x00000000080019d4       0x3c zephyr/subsys/bluetooth/host/libsubsys__bluetooth__host.a(long_wq.c.obj)
 .text.bt_long_wq_schedule
                0x0000000008001a10       0x10 zephyr/subsys/bluetooth/host/libsubsys__bluetooth__host.a(long_wq.c.obj)
                0x0000000008001a10                bt_long_wq_schedule
 .text.uuid_to_uuid128
                0x0000000008001a20       0xa4 zephyr/subsys/bluetooth/host/libsubsys__bluetooth__host.a(uuid.c.obj)
 .text.bt_buf_get_rx
                0x0000000008001ac4       0x20 zephyr/subsys/bluetooth/host/libsubsys__bluetooth__host.a(buf.c.obj)
                0x0000000008001ac4                bt_buf_get_rx
 .text.bt_buf_get_evt
                0x0000000008001ae4       0x40 zephyr/subsys/bluetooth/host/libsubsys__bluetooth__host.a(buf.c.obj)
                0x0000000008001ae4                bt_buf_get_evt
 .text.conn_handle_disconnected
                0x0000000008001b24       0x20 zephyr/subsys/bluetooth/host/libsubsys__bluetooth__host.a(hci_core.c.obj)
 .text.conn_handle_is_disconnected
                0x0000000008001b44       0x2c zephyr/subsys/bluetooth/host/libsubsys__bluetooth__host.a(hci_core.c.obj)
 .text.read_local_ver_complete
                0x0000000008001b70       0x2c zephyr/subsys/bluetooth/host/libsubsys__bluetooth__host.a(hci_core.c.obj)
 .text.read_le_features_complete
                0x0000000008001b9c       0x14 zephyr/subsys/bluetooth/host/libsubsys__bluetooth__host.a(hci_core.c.obj)
 .text.read_supported_commands_complete
                0x0000000008001bb0       0x34 zephyr/subsys/bluetooth/host/libsubsys__bluetooth__host.a(hci_core.c.obj)
 .text.read_local_features_complete
                0x0000000008001be4       0x14 zephyr/subsys/bluetooth/host/libsubsys__bluetooth__host.a(hci_core.c.obj)
 .text.le_read_supp_states_complete
                0x0000000008001bf8       0x18 zephyr/subsys/bluetooth/host/libsubsys__bluetooth__host.a(hci_core.c.obj)
 .text.hci_reset_complete
                0x0000000008001c10       0x38 zephyr/subsys/bluetooth/host/libsubsys__bluetooth__host.a(hci_core.c.obj)
 .text.le_read_buffer_size_complete
                0x0000000008001c48       0x2c zephyr/subsys/bluetooth/host/libsubsys__bluetooth__host.a(hci_core.c.obj)
 .text.read_buffer_size_complete
                0x0000000008001c74       0x2c zephyr/subsys/bluetooth/host/libsubsys__bluetooth__host.a(hci_core.c.obj)
 .text.hci_cmd_done
                0x0000000008001ca0      0x100 zephyr/subsys/bluetooth/host/libsubsys__bluetooth__host.a(hci_core.c.obj)
 .text.hci_cmd_status
                0x0000000008001da0       0x28 zephyr/subsys/bluetooth/host/libsubsys__bluetooth__host.a(hci_core.c.obj)
 .text.hci_cmd_complete
                0x0000000008001dc8       0x34 zephyr/subsys/bluetooth/host/libsubsys__bluetooth__host.a(hci_core.c.obj)
 .text.hci_event
                0x0000000008001dfc       0x68 zephyr/subsys/bluetooth/host/libsubsys__bluetooth__host.a(hci_core.c.obj)
 .text.hci_le_meta_event
                0x0000000008001e64       0x20 zephyr/subsys/bluetooth/host/libsubsys__bluetooth__host.a(hci_core.c.obj)
 .text.rx_queue_put
                0x0000000008001e84       0x20 zephyr/subsys/bluetooth/host/libsubsys__bluetooth__host.a(hci_core.c.obj)
 .text.rx_work_handler
                0x0000000008001ea4       0x48 zephyr/subsys/bluetooth/host/libsubsys__bluetooth__host.a(hci_core.c.obj)
 .text.bt_hci_cmd_state_set_init
                0x0000000008001eec       0x24 zephyr/subsys/bluetooth/host/libsubsys__bluetooth__host.a(hci_core.c.obj)
                0x0000000008001eec                bt_hci_cmd_state_set_init
 .text.bt_hci_cmd_create
                0x0000000008001f10       0x7c zephyr/subsys/bluetooth/host/libsubsys__bluetooth__host.a(hci_core.c.obj)
                0x0000000008001f10                bt_hci_cmd_create
 .text.bt_hci_cmd_send_sync
                0x0000000008001f8c       0xe8 zephyr/subsys/bluetooth/host/libsubsys__bluetooth__host.a(hci_core.c.obj)
                0x0000000008001f8c                bt_hci_cmd_send_sync
 .text.common_init
                0x0000000008002074       0x9c zephyr/subsys/bluetooth/host/libsubsys__bluetooth__host.a(hci_core.c.obj)
 .text.le_set_event_mask
                0x0000000008002110       0x68 zephyr/subsys/bluetooth/host/libsubsys__bluetooth__host.a(hci_core.c.obj)
 .text.le_init  0x0000000008002178      0x12c zephyr/subsys/bluetooth/host/libsubsys__bluetooth__host.a(hci_core.c.obj)
 .text.bt_br_init
                0x00000000080022a4       0x38 zephyr/subsys/bluetooth/host/libsubsys__bluetooth__host.a(hci_core.c.obj)
 .text.set_event_mask
                0x00000000080022dc       0x3c zephyr/subsys/bluetooth/host/libsubsys__bluetooth__host.a(hci_core.c.obj)
 .text.hci_init
                0x0000000008002318       0x54 zephyr/subsys/bluetooth/host/libsubsys__bluetooth__host.a(hci_core.c.obj)
 .text.bt_le_create_conn_legacy
                0x000000000800236c       0xb0 zephyr/subsys/bluetooth/host/libsubsys__bluetooth__host.a(hci_core.c.obj)
 .text.bt_hci_le_rand
                0x000000000800241c       0x58 zephyr/subsys/bluetooth/host/libsubsys__bluetooth__host.a(hci_core.c.obj)
                0x000000000800241c                bt_hci_le_rand
 .text.bt_le_create_conn_cancel
                0x0000000008002474       0x34 zephyr/subsys/bluetooth/host/libsubsys__bluetooth__host.a(hci_core.c.obj)
                0x0000000008002474                bt_le_create_conn_cancel
 .text.conn_auto_initiate
                0x00000000080024a8       0x70 zephyr/subsys/bluetooth/host/libsubsys__bluetooth__host.a(hci_core.c.obj)
 .text.bt_hci_le_enh_conn_complete
                0x0000000008002518      0x100 zephyr/subsys/bluetooth/host/libsubsys__bluetooth__host.a(hci_core.c.obj)
                0x0000000008002518                bt_hci_le_enh_conn_complete
 .text.le_legacy_conn_complete
                0x0000000008002618       0x70 zephyr/subsys/bluetooth/host/libsubsys__bluetooth__host.a(hci_core.c.obj)
 .text.bt_send  0x0000000008002688       0x14 zephyr/subsys/bluetooth/host/libsubsys__bluetooth__host.a(hci_core.c.obj)
                0x0000000008002688                bt_send
 .text.bt_hci_cmd_send
                0x000000000800269c       0x48 zephyr/subsys/bluetooth/host/libsubsys__bluetooth__host.a(hci_core.c.obj)
                0x000000000800269c                bt_hci_cmd_send
 .text.send_cmd
                0x00000000080026e4       0xa8 zephyr/subsys/bluetooth/host/libsubsys__bluetooth__host.a(hci_core.c.obj)
 .text.hci_tx_thread
                0x000000000800278c       0x64 zephyr/subsys/bluetooth/host/libsubsys__bluetooth__host.a(hci_core.c.obj)
 .text.hci_event_prio
                0x00000000080027f0       0x98 zephyr/subsys/bluetooth/host/libsubsys__bluetooth__host.a(hci_core.c.obj)
                0x00000000080027f0                hci_event_prio
 .text.bt_hci_driver_register
                0x0000000008002888       0x30 zephyr/subsys/bluetooth/host/libsubsys__bluetooth__host.a(hci_core.c.obj)
                0x0000000008002888                bt_hci_driver_register
 .text.bt_finalize_init
                0x00000000080028b8       0x28 zephyr/subsys/bluetooth/host/libsubsys__bluetooth__host.a(hci_core.c.obj)
                0x00000000080028b8                bt_finalize_init
 .text.init_work
                0x00000000080028e0       0x14 zephyr/subsys/bluetooth/host/libsubsys__bluetooth__host.a(hci_core.c.obj)
 .text.bt_enable
                0x00000000080028f4      0x110 zephyr/subsys/bluetooth/host/libsubsys__bluetooth__host.a(hci_core.c.obj)
                0x00000000080028f4                bt_enable
 .text.bt_get_name
                0x0000000008002a04        0x8 zephyr/subsys/bluetooth/host/libsubsys__bluetooth__host.a(hci_core.c.obj)
                0x0000000008002a04                bt_get_name
 .text.id_find  0x0000000008002a0c       0x38 zephyr/subsys/bluetooth/host/libsubsys__bluetooth__host.a(id.c.obj)
 .text.set_random_address
                0x0000000008002a44       0x5c zephyr/subsys/bluetooth/host/libsubsys__bluetooth__host.a(id.c.obj)
 .text.id_create
                0x0000000008002aa0       0x78 zephyr/subsys/bluetooth/host/libsubsys__bluetooth__host.a(id.c.obj)
 .text.bt_id_create
                0x0000000008002b18       0xbc zephyr/subsys/bluetooth/host/libsubsys__bluetooth__host.a(id.c.obj)
                0x0000000008002b18                bt_id_create
 .text.bt_id_read_public_addr
                0x0000000008002bd4       0x6c zephyr/subsys/bluetooth/host/libsubsys__bluetooth__host.a(id.c.obj)
                0x0000000008002bd4                bt_id_read_public_addr
 .text.bt_setup_public_id_addr
                0x0000000008002c40       0x28 zephyr/subsys/bluetooth/host/libsubsys__bluetooth__host.a(id.c.obj)
                0x0000000008002c40                bt_setup_public_id_addr
 .text.bt_id_set_create_conn_own_addr
                0x0000000008002c68       0x34 zephyr/subsys/bluetooth/host/libsubsys__bluetooth__host.a(id.c.obj)
                0x0000000008002c68                bt_id_set_create_conn_own_addr
 .text.bt_id_set_scan_own_addr
                0x0000000008002c9c       0x30 zephyr/subsys/bluetooth/host/libsubsys__bluetooth__host.a(id.c.obj)
                0x0000000008002c9c                bt_id_set_scan_own_addr
 .text.bt_id_init
                0x0000000008002ccc       0x34 zephyr/subsys/bluetooth/host/libsubsys__bluetooth__host.a(id.c.obj)
                0x0000000008002ccc                bt_id_init
 .text.bt_le_scan_set_enable_legacy
                0x0000000008002d00       0x6c zephyr/subsys/bluetooth/host/libsubsys__bluetooth__host.a(scan.c.obj)
 .text.bt_scan_reset
                0x0000000008002d6c        0xc zephyr/subsys/bluetooth/host/libsubsys__bluetooth__host.a(scan.c.obj)
                0x0000000008002d6c                bt_scan_reset
 .text.start_le_scan_legacy
                0x0000000008002d78       0x80 zephyr/subsys/bluetooth/host/libsubsys__bluetooth__host.a(scan.c.obj)
 .text.bt_le_scan_update
                0x0000000008002df8       0x90 zephyr/subsys/bluetooth/host/libsubsys__bluetooth__host.a(scan.c.obj)
                0x0000000008002df8                bt_le_scan_update
 .text.check_pending_conn
                0x0000000008002e88       0x90 zephyr/subsys/bluetooth/host/libsubsys__bluetooth__host.a(scan.c.obj)
 .text.le_adv_recv
                0x0000000008002f18      0x138 zephyr/subsys/bluetooth/host/libsubsys__bluetooth__host.a(scan.c.obj)
 .text.bt_le_scan_start
                0x0000000008003050      0x100 zephyr/subsys/bluetooth/host/libsubsys__bluetooth__host.a(scan.c.obj)
                0x0000000008003050                bt_le_scan_start
 .text.bt_le_scan_stop
                0x0000000008003150       0x38 zephyr/subsys/bluetooth/host/libsubsys__bluetooth__host.a(scan.c.obj)
                0x0000000008003150                bt_le_scan_stop
 .text.prng_reseed
                0x0000000008003188       0x7c zephyr/subsys/bluetooth/host/libsubsys__bluetooth__host.a(crypto.c.obj)
 .text.prng_init
                0x0000000008003204       0x34 zephyr/subsys/bluetooth/host/libsubsys__bluetooth__host.a(crypto.c.obj)
                0x0000000008003204                prng_init
 .text.bt_rand  0x0000000008003238       0x4c zephyr/subsys/bluetooth/host/libsubsys__bluetooth__host.a(crypto.c.obj)
                0x0000000008003238                bt_rand
 .text.notify_recycled_conn_slot
                0x0000000008003284       0x3c zephyr/subsys/bluetooth/host/libsubsys__bluetooth__host.a(conn.c.obj)
 .text.notify_connected
                0x00000000080032c0       0x44 zephyr/subsys/bluetooth/host/libsubsys__bluetooth__host.a(conn.c.obj)
 .text.notify_disconnected
                0x0000000008003304       0x44 zephyr/subsys/bluetooth/host/libsubsys__bluetooth__host.a(conn.c.obj)
 .text.create_param_setup
                0x0000000008003348       0x38 zephyr/subsys/bluetooth/host/libsubsys__bluetooth__host.a(conn.c.obj)
 .text.tx_free  0x0000000008003380       0x18 zephyr/subsys/bluetooth/host/libsubsys__bluetooth__host.a(conn.c.obj)
 .text.conn_tx_alloc
                0x0000000008003398       0x38 zephyr/subsys/bluetooth/host/libsubsys__bluetooth__host.a(conn.c.obj)
 .text.bt_conn_get_pkts
                0x00000000080033d0       0x18 zephyr/subsys/bluetooth/host/libsubsys__bluetooth__host.a(conn.c.obj)
                0x00000000080033d0                bt_conn_get_pkts
 .text.send_frag
                0x00000000080033e8       0x8c zephyr/subsys/bluetooth/host/libsubsys__bluetooth__host.a(conn.c.obj)
 .text.bt_conn_new
                0x0000000008003474       0x68 zephyr/subsys/bluetooth/host/libsubsys__bluetooth__host.a(conn.c.obj)
                0x0000000008003474                bt_conn_new
 .text.acl_conn_new
                0x00000000080034dc       0x10 zephyr/subsys/bluetooth/host/libsubsys__bluetooth__host.a(conn.c.obj)
 .text.bt_conn_prepare_events
                0x00000000080034ec       0x48 zephyr/subsys/bluetooth/host/libsubsys__bluetooth__host.a(conn.c.obj)
                0x00000000080034ec                bt_conn_prepare_events
 .text.bt_conn_set_state
                0x0000000008003534      0x150 zephyr/subsys/bluetooth/host/libsubsys__bluetooth__host.a(conn.c.obj)
                0x0000000008003534                bt_conn_set_state
 .text.bt_conn_lookup_handle
                0x0000000008003684       0x24 zephyr/subsys/bluetooth/host/libsubsys__bluetooth__host.a(conn.c.obj)
                0x0000000008003684                bt_conn_lookup_handle
 .text.bt_conn_index
                0x00000000080036a8       0x18 zephyr/subsys/bluetooth/host/libsubsys__bluetooth__host.a(conn.c.obj)
                0x00000000080036a8                bt_conn_index
 .text.bt_conn_create_pdu_timeout
                0x00000000080036c0       0x28 zephyr/subsys/bluetooth/host/libsubsys__bluetooth__host.a(conn.c.obj)
                0x00000000080036c0                bt_conn_create_pdu_timeout
 .text.notify_le_param_updated
                0x00000000080036e8       0xa0 zephyr/subsys/bluetooth/host/libsubsys__bluetooth__host.a(conn.c.obj)
                0x00000000080036e8                notify_le_param_updated
 .text.notify_le_phy_updated
                0x0000000008003788       0x48 zephyr/subsys/bluetooth/host/libsubsys__bluetooth__host.a(conn.c.obj)
                0x0000000008003788                notify_le_phy_updated
 .text.le_param_req
                0x00000000080037d0       0x74 zephyr/subsys/bluetooth/host/libsubsys__bluetooth__host.a(conn.c.obj)
                0x00000000080037d0                le_param_req
 .text.bt_conn_lookup_addr_le
                0x0000000008003844       0x48 zephyr/subsys/bluetooth/host/libsubsys__bluetooth__host.a(conn.c.obj)
                0x0000000008003844                bt_conn_lookup_addr_le
 .text.conn_le_create_common_checks
                0x000000000800388c       0x84 zephyr/subsys/bluetooth/host/libsubsys__bluetooth__host.a(conn.c.obj)
 .text.bt_conn_lookup_state_le
                0x0000000008003910       0x64 zephyr/subsys/bluetooth/host/libsubsys__bluetooth__host.a(conn.c.obj)
                0x0000000008003910                bt_conn_lookup_state_le
 .text.bt_le_set_auto_conn
                0x0000000008003974       0xd0 zephyr/subsys/bluetooth/host/libsubsys__bluetooth__host.a(conn.c.obj)
                0x0000000008003974                bt_le_set_auto_conn
 .text.send_conn_le_param_update
                0x0000000008003a44       0x70 zephyr/subsys/bluetooth/host/libsubsys__bluetooth__host.a(conn.c.obj)
 .text.bt_conn_create_frag_timeout
                0x0000000008003ab4       0x10 zephyr/subsys/bluetooth/host/libsubsys__bluetooth__host.a(conn.c.obj)
                0x0000000008003ab4                bt_conn_create_frag_timeout
 .text.send_buf
                0x0000000008003ac4       0x88 zephyr/subsys/bluetooth/host/libsubsys__bluetooth__host.a(conn.c.obj)
 .text.bt_conn_process_tx
                0x0000000008003b4c       0x88 zephyr/subsys/bluetooth/host/libsubsys__bluetooth__host.a(conn.c.obj)
                0x0000000008003b4c                bt_conn_process_tx
 .text.bt_conn_init
                0x0000000008003bd4       0x78 zephyr/subsys/bluetooth/host/libsubsys__bluetooth__host.a(conn.c.obj)
                0x0000000008003bd4                bt_conn_init
 .text.get_ident
                0x0000000008003c4c       0x1c zephyr/subsys/bluetooth/host/libsubsys__bluetooth__host.a(l2cap.c.obj)
 .text.l2cap_accept
                0x0000000008003c68       0x34 zephyr/subsys/bluetooth/host/libsubsys__bluetooth__host.a(l2cap.c.obj)
 .text.bt_l2cap_connected
                0x0000000008003c9c       0x74 zephyr/subsys/bluetooth/host/libsubsys__bluetooth__host.a(l2cap.c.obj)
                0x0000000008003c9c                bt_l2cap_connected
 .text.att_op_get_type
                0x0000000008003d10       0xa4 zephyr/subsys/bluetooth/host/libsubsys__bluetooth__host.a(att.c.obj)
 .text.chan_rebegin_att_timeout
                0x0000000008003db4       0x28 zephyr/subsys/bluetooth/host/libsubsys__bluetooth__host.a(att.c.obj)
 .text.att_chan_new
                0x0000000008003ddc       0xac zephyr/subsys/bluetooth/host/libsubsys__bluetooth__host.a(att.c.obj)
 .text.bt_att_accept
                0x0000000008003e88       0x68 zephyr/subsys/bluetooth/host/libsubsys__bluetooth__host.a(att.c.obj)
 .text.bt_att_released
                0x0000000008003ef0       0x10 zephyr/subsys/bluetooth/host/libsubsys__bluetooth__host.a(att.c.obj)
 .text.read_group_cb
                0x0000000008003f00       0xc0 zephyr/subsys/bluetooth/host/libsubsys__bluetooth__host.a(att.c.obj)
 .text.read_type_cb
                0x0000000008003fc0       0xbc zephyr/subsys/bluetooth/host/libsubsys__bluetooth__host.a(att.c.obj)
 .text.bt_att_connected
                0x000000000800407c       0x3c zephyr/subsys/bluetooth/host/libsubsys__bluetooth__host.a(att.c.obj)
 .text.bt_addr_le_to_str
                0x00000000080040b8       0xa8 zephyr/subsys/bluetooth/host/libsubsys__bluetooth__host.a(att.c.obj)
 .text.bt_att_get_tx_meta_data
                0x0000000008004160       0x18 zephyr/subsys/bluetooth/host/libsubsys__bluetooth__host.a(att.c.obj)
                0x0000000008004160                bt_att_get_tx_meta_data
 .text.bt_att_chan_create_pdu
                0x0000000008004178       0x5c zephyr/subsys/bluetooth/host/libsubsys__bluetooth__host.a(att.c.obj)
 .text.bt_att_recv
                0x00000000080041d4       0xa4 zephyr/subsys/bluetooth/host/libsubsys__bluetooth__host.a(att.c.obj)
 .text.att_write_rsp
                0x0000000008004278       0xdc zephyr/subsys/bluetooth/host/libsubsys__bluetooth__host.a(att.c.obj)
 .text.bt_att_create_rsp_pdu
                0x0000000008004354       0x4c zephyr/subsys/bluetooth/host/libsubsys__bluetooth__host.a(att.c.obj)
                0x0000000008004354                bt_att_create_rsp_pdu
 .text.att_read_group_rsp
                0x00000000080043a0       0x84 zephyr/subsys/bluetooth/host/libsubsys__bluetooth__host.a(att.c.obj)
 .text.att_read_mult_vl_req
                0x0000000008004424       0xa0 zephyr/subsys/bluetooth/host/libsubsys__bluetooth__host.a(att.c.obj)
 .text.att_read_mult_req
                0x00000000080044c4       0xa0 zephyr/subsys/bluetooth/host/libsubsys__bluetooth__host.a(att.c.obj)
 .text.att_read_rsp
                0x0000000008004564       0xa4 zephyr/subsys/bluetooth/host/libsubsys__bluetooth__host.a(att.c.obj)
 .text.att_read_type_rsp
                0x0000000008004608       0x8c zephyr/subsys/bluetooth/host/libsubsys__bluetooth__host.a(att.c.obj)
 .text.att_find_type_rsp
                0x0000000008004694       0x88 zephyr/subsys/bluetooth/host/libsubsys__bluetooth__host.a(att.c.obj)
 .text.att_find_info_rsp
                0x000000000800471c       0x68 zephyr/subsys/bluetooth/host/libsubsys__bluetooth__host.a(att.c.obj)
 .text.bt_att_req_alloc
                0x0000000008004784       0x50 zephyr/subsys/bluetooth/host/libsubsys__bluetooth__host.a(att.c.obj)
                0x0000000008004784                bt_att_req_alloc
 .text.bt_att_req_free
                0x00000000080047d4       0x20 zephyr/subsys/bluetooth/host/libsubsys__bluetooth__host.a(att.c.obj)
                0x00000000080047d4                bt_att_req_free
 .text.att_handle_rsp
                0x00000000080047f4       0x64 zephyr/subsys/bluetooth/host/libsubsys__bluetooth__host.a(att.c.obj)
 .text.att_reset
                0x0000000008004858       0x68 zephyr/subsys/bluetooth/host/libsubsys__bluetooth__host.a(att.c.obj)
 .text.clear_ccc_cfg
                0x00000000080048c0       0x20 zephyr/subsys/bluetooth/host/libsubsys__bluetooth__host.a(gatt.c.obj)
 .text.find_cf_cfg
                0x00000000080048e0       0x4c zephyr/subsys/bluetooth/host/libsubsys__bluetooth__host.a(gatt.c.obj)
 .text.find_sc_cfg
                0x000000000800492c       0x48 zephyr/subsys/bluetooth/host/libsubsys__bluetooth__host.a(gatt.c.obj)
 .text.find_ccc_cfg
                0x0000000008004974       0x50 zephyr/subsys/bluetooth/host/libsubsys__bluetooth__host.a(gatt.c.obj)
 .text.bt_gatt_service_init
                0x00000000080049c4       0x48 zephyr/subsys/bluetooth/host/libsubsys__bluetooth__host.a(gatt.c.obj)
 .text.sc_save  0x0000000008004a0c       0x60 zephyr/subsys/bluetooth/host/libsubsys__bluetooth__host.a(gatt.c.obj)
 .text.sc_indicate_rsp
                0x0000000008004a6c       0x68 zephyr/subsys/bluetooth/host/libsubsys__bluetooth__host.a(gatt.c.obj)
 .text.disconnected_cb
                0x0000000008004ad4       0xd4 zephyr/subsys/bluetooth/host/libsubsys__bluetooth__host.a(gatt.c.obj)
 .text.gatt_req_alloc
                0x0000000008004ba8       0x20 zephyr/subsys/bluetooth/host/libsubsys__bluetooth__host.a(gatt.c.obj)
 .text.clear_cf_cfg
                0x0000000008004bc8       0x34 zephyr/subsys/bluetooth/host/libsubsys__bluetooth__host.a(gatt.c.obj)
 .text.bt_gatt_init
                0x0000000008004bfc       0x5c zephyr/subsys/bluetooth/host/libsubsys__bluetooth__host.a(gatt.c.obj)
                0x0000000008004bfc                bt_gatt_init
 .text.bt_gatt_attr_get_handle
                0x0000000008004c58       0x64 zephyr/subsys/bluetooth/host/libsubsys__bluetooth__host.a(gatt.c.obj)
                0x0000000008004c58                bt_gatt_attr_get_handle
 .text.bt_gatt_foreach_attr_type
                0x0000000008004cbc       0x9c zephyr/subsys/bluetooth/host/libsubsys__bluetooth__host.a(gatt.c.obj)
                0x0000000008004cbc                bt_gatt_foreach_attr_type
 .text.db_hash_gen
                0x0000000008004d58       0x70 zephyr/subsys/bluetooth/host/libsubsys__bluetooth__host.a(gatt.c.obj)
 .text.db_hash_read
                0x0000000008004dc8       0x98 zephyr/subsys/bluetooth/host/libsubsys__bluetooth__host.a(gatt.c.obj)
 .text.do_db_hash
                0x0000000008004e60       0x20 zephyr/subsys/bluetooth/host/libsubsys__bluetooth__host.a(gatt.c.obj)
 .text.gatt_find_by_uuid
                0x0000000008004e80       0x30 zephyr/subsys/bluetooth/host/libsubsys__bluetooth__host.a(gatt.c.obj)
 .text.bt_gatt_attr_next
                0x0000000008004eb0       0x30 zephyr/subsys/bluetooth/host/libsubsys__bluetooth__host.a(gatt.c.obj)
                0x0000000008004eb0                bt_gatt_attr_next
 .text.gatt_indicate
                0x0000000008004ee0       0xbc zephyr/subsys/bluetooth/host/libsubsys__bluetooth__host.a(gatt.c.obj)
 .text.bt_gatt_indicate
                0x0000000008004f9c       0xec zephyr/subsys/bluetooth/host/libsubsys__bluetooth__host.a(gatt.c.obj)
                0x0000000008004f9c                bt_gatt_indicate
 .text.sc_process
                0x0000000008005088       0x84 zephyr/subsys/bluetooth/host/libsubsys__bluetooth__host.a(gatt.c.obj)
 .text.sc_restore
                0x000000000800510c       0x64 zephyr/subsys/bluetooth/host/libsubsys__bluetooth__host.a(gatt.c.obj)
 .text.update_ccc
                0x0000000008005170       0x70 zephyr/subsys/bluetooth/host/libsubsys__bluetooth__host.a(gatt.c.obj)
 .text.notify_cb
                0x00000000080051e0      0x16c zephyr/subsys/bluetooth/host/libsubsys__bluetooth__host.a(gatt.c.obj)
 .text.bt_gatt_connected
                0x000000000800534c       0x2c zephyr/subsys/bluetooth/host/libsubsys__bluetooth__host.a(gatt.c.obj)
                0x000000000800534c                bt_gatt_connected
 .text.bt_gatt_att_max_mtu_changed
                0x0000000008005378       0x38 zephyr/subsys/bluetooth/host/libsubsys__bluetooth__host.a(gatt.c.obj)
                0x0000000008005378                bt_gatt_att_max_mtu_changed
 .text.bt_gatt_disconnected
                0x00000000080053b0       0x2c zephyr/subsys/bluetooth/host/libsubsys__bluetooth__host.a(gatt.c.obj)
                0x00000000080053b0                bt_gatt_disconnected
 .text.bt_smp_accept
                0x00000000080053dc       0x34 zephyr/subsys/bluetooth/host/libsubsys__bluetooth__host.a(smp_null.c.obj)
 .text.pool_id  0x0000000008005410       0x18 zephyr/subsys/net/libsubsys__net.a(buf.c.obj)
 .text.net_buf_pool_get
                0x0000000008005428       0x10 zephyr/subsys/net/libsubsys__net.a(buf.c.obj)
                0x0000000008005428                net_buf_pool_get
 .text.z_stm32_hsem_lock
                0x0000000008005438       0x34 zephyr/drivers/interrupt_controller/libdrivers__interrupt_controller.a(intc_exti_stm32.c.obj)
 .text.stm32_exti_isr
                0x000000000800546c       0x4c zephyr/drivers/interrupt_controller/libdrivers__interrupt_controller.a(intc_exti_stm32.c.obj)
 .text.stm32_fill_irq_table
                0x00000000080054b8       0x24 zephyr/drivers/interrupt_controller/libdrivers__interrupt_controller.a(intc_exti_stm32.c.obj)
 .text.stm32_exti_enable
                0x00000000080054dc       0x28 zephyr/drivers/interrupt_controller/libdrivers__interrupt_controller.a(intc_exti_stm32.c.obj)
                0x00000000080054dc                stm32_exti_enable
 .text.stm32_exti_disable
                0x0000000008005504       0x1c zephyr/drivers/interrupt_controller/libdrivers__interrupt_controller.a(intc_exti_stm32.c.obj)
                0x0000000008005504                stm32_exti_disable
 .text.stm32_exti_trigger
                0x0000000008005520       0x84 zephyr/drivers/interrupt_controller/libdrivers__interrupt_controller.a(intc_exti_stm32.c.obj)
                0x0000000008005520                stm32_exti_trigger
 .text.stm32_exti_set_callback
                0x00000000080055a4       0x3c zephyr/drivers/interrupt_controller/libdrivers__interrupt_controller.a(intc_exti_stm32.c.obj)
                0x00000000080055a4                stm32_exti_set_callback
 .text.stm32_exti_unset_callback
                0x00000000080055e0       0x14 zephyr/drivers/interrupt_controller/libdrivers__interrupt_controller.a(intc_exti_stm32.c.obj)
                0x00000000080055e0                stm32_exti_unset_callback
 .text.TM_EvtReceivedCb
                0x00000000080055f4       0x10 zephyr/drivers/bluetooth/libdrivers__bluetooth.a(ipm_stm32wb.c.obj)
                0x00000000080055f4                TM_EvtReceivedCb
 .text.TM_AclDataAck
                0x0000000008005604       0x10 zephyr/drivers/bluetooth/libdrivers__bluetooth.a(ipm_stm32wb.c.obj)
 .text.sysevt_received
                0x0000000008005614       0x10 zephyr/drivers/bluetooth/libdrivers__bluetooth.a(ipm_stm32wb.c.obj)
 .text.bt_ipm_send
                0x0000000008005624       0x8c zephyr/drivers/bluetooth/libdrivers__bluetooth.a(ipm_stm32wb.c.obj)
 .text.bt_ipm_close
                0x00000000080056b0       0x50 zephyr/drivers/bluetooth/libdrivers__bluetooth.a(ipm_stm32wb.c.obj)
 .text.tryfix_event
                0x0000000008005700       0x34 zephyr/drivers/bluetooth/libdrivers__bluetooth.a(ipm_stm32wb.c.obj)
 .text.bt_ipm_rx_thread
                0x0000000008005734      0x110 zephyr/drivers/bluetooth/libdrivers__bluetooth.a(ipm_stm32wb.c.obj)
 .text.shci_cmd_resp_release
                0x0000000008005844       0x10 zephyr/drivers/bluetooth/libdrivers__bluetooth.a(ipm_stm32wb.c.obj)
                0x0000000008005844                shci_cmd_resp_release
 .text.shci_cmd_resp_wait
                0x0000000008005854       0x1c zephyr/drivers/bluetooth/libdrivers__bluetooth.a(ipm_stm32wb.c.obj)
                0x0000000008005854                shci_cmd_resp_wait
 .text.ipcc_reset
                0x0000000008005870       0x44 zephyr/drivers/bluetooth/libdrivers__bluetooth.a(ipm_stm32wb.c.obj)
                0x0000000008005870                ipcc_reset
 .text.transport_init
                0x00000000080058b4       0x78 zephyr/drivers/bluetooth/libdrivers__bluetooth.a(ipm_stm32wb.c.obj)
                0x00000000080058b4                transport_init
 .text.c2_reset
                0x000000000800592c       0x78 zephyr/drivers/bluetooth/libdrivers__bluetooth.a(ipm_stm32wb.c.obj)
 .text._bt_ipm_init
                0x00000000080059a4       0x14 zephyr/drivers/bluetooth/libdrivers__bluetooth.a(ipm_stm32wb.c.obj)
 .text.bt_get_ble_addr
                0x00000000080059b8       0x40 zephyr/drivers/bluetooth/libdrivers__bluetooth.a(ipm_stm32wb.c.obj)
                0x00000000080059b8                bt_get_ble_addr
 .text.bt_ipm_open
                0x00000000080059f8       0x6c zephyr/drivers/bluetooth/libdrivers__bluetooth.a(ipm_stm32wb.c.obj)
 .text.z_stm32_hsem_lock
                0x0000000008005a64       0x34 zephyr/drivers/clock_control/libdrivers__clock_control.a(clock_stm32_ll_common.c.obj)
 .text.stm32_clock_control_get_subsys_rate
                0x0000000008005a98       0xec zephyr/drivers/clock_control/libdrivers__clock_control.a(clock_stm32_ll_common.c.obj)
 .text.set_up_fixed_clock_sources
                0x0000000008005b84       0xe8 zephyr/drivers/clock_control/libdrivers__clock_control.a(clock_stm32_ll_common.c.obj)
 .text.stm32_clock_control_init
                0x0000000008005c6c       0xac zephyr/drivers/clock_control/libdrivers__clock_control.a(clock_stm32_ll_common.c.obj)
                0x0000000008005c6c                stm32_clock_control_init
 .text.console_out
                0x0000000008005d18       0x28 zephyr/drivers/console/libdrivers__console.a(uart_console.c.obj)
 .text.uart_console_hook_install
                0x0000000008005d40       0x18 zephyr/drivers/console/libdrivers__console.a(uart_console.c.obj)
 .text.uart_console_init
                0x0000000008005d58       0x1c zephyr/drivers/console/libdrivers__console.a(uart_console.c.obj)
 .text.z_stm32_hsem_lock
                0x0000000008005d74       0x34 zephyr/drivers/gpio/libdrivers__gpio.a(gpio_stm32.c.obj)
 .text.gpio_stm32_clock_request
                0x0000000008005da8       0x28 zephyr/drivers/gpio/libdrivers__gpio.a(gpio_stm32.c.obj)
 .text.gpio_stm32_port_set_masked_raw
                0x0000000008005dd0       0x30 zephyr/drivers/gpio/libdrivers__gpio.a(gpio_stm32.c.obj)
 .text.gpio_stm32_port_toggle_bits
                0x0000000008005e00       0x28 zephyr/drivers/gpio/libdrivers__gpio.a(gpio_stm32.c.obj)
 .text.LL_SYSCFG_SetEXTISource
                0x0000000008005e28       0x3c zephyr/drivers/gpio/libdrivers__gpio.a(gpio_stm32.c.obj)
 .text.gpio_stm32_set_exti_source
                0x0000000008005e64       0x48 zephyr/drivers/gpio/libdrivers__gpio.a(gpio_stm32.c.obj)
 .text.LL_SYSCFG_GetEXTISource
                0x0000000008005eac       0x2c zephyr/drivers/gpio/libdrivers__gpio.a(gpio_stm32.c.obj)
 .text.gpio_stm32_configure_raw
                0x0000000008005ed8       0x88 zephyr/drivers/gpio/libdrivers__gpio.a(gpio_stm32.c.obj)
 .text.gpio_stm32_pin_interrupt_configure
                0x0000000008005f60       0x94 zephyr/drivers/gpio/libdrivers__gpio.a(gpio_stm32.c.obj)
 .text.gpio_stm32_init
                0x0000000008005ff4       0x2c zephyr/drivers/gpio/libdrivers__gpio.a(gpio_stm32.c.obj)
 .text.stm32_pin_configure
                0x0000000008006020       0x40 zephyr/drivers/pinctrl/libdrivers__pinctrl.a(pinctrl_stm32.c.obj)
 .text.LL_LPUART_SetBaudRate
                0x0000000008006060       0x44 zephyr/drivers/serial/libdrivers__serial.a(uart_stm32.c.obj)
 .text.uart_stm32_cfg2ll_stopbits
                0x00000000080060a4       0x40 zephyr/drivers/serial/libdrivers__serial.a(uart_stm32.c.obj)
 .text.uart_stm32_poll_in
                0x00000000080060e4       0x10 zephyr/drivers/serial/libdrivers__serial.a(uart_stm32.c.obj)
 .text.uart_stm32_poll_out
                0x00000000080060f4       0x1c zephyr/drivers/serial/libdrivers__serial.a(uart_stm32.c.obj)
 .text.uart_stm32_clocks_enable
                0x0000000008006110       0x28 zephyr/drivers/serial/libdrivers__serial.a(uart_stm32.c.obj)
 .text.lpuartdiv_calc
                0x0000000008006138       0x30 zephyr/drivers/serial/libdrivers__serial.a(uart_stm32.c.obj)
                0x0000000008006138                lpuartdiv_calc
 .text.uart_stm32_set_baudrate
                0x0000000008006168       0x88 zephyr/drivers/serial/libdrivers__serial.a(uart_stm32.c.obj)
 .text.uart_stm32_configure
                0x00000000080061f0      0x120 zephyr/drivers/serial/libdrivers__serial.a(uart_stm32.c.obj)
 .text.uart_stm32_registers_configure
                0x0000000008006310      0x114 zephyr/drivers/serial/libdrivers__serial.a(uart_stm32.c.obj)
 .text.elapsed  0x0000000008006424       0x48 zephyr/drivers/timer/libdrivers__timer.a(cortex_m_systick.c.obj)
 .text.sys_clock_driver_init
                0x000000000800646c       0x38 zephyr/drivers/timer/libdrivers__timer.a(cortex_m_systick.c.obj)
 .text.sys_clock_isr
                0x00000000080064a4       0x48 zephyr/drivers/timer/libdrivers__timer.a(cortex_m_systick.c.obj)
                0x00000000080064a4                sys_clock_isr
 .text.sys_clock_set_timeout
                0x00000000080064ec      0x108 zephyr/drivers/timer/libdrivers__timer.a(cortex_m_systick.c.obj)
                0x00000000080064ec                sys_clock_set_timeout
 .text.sys_clock_elapsed
                0x00000000080065f4       0x40 zephyr/drivers/timer/libdrivers__timer.a(cortex_m_systick.c.obj)
                0x00000000080065f4                sys_clock_elapsed
 .text.HAL_RCC_GetSysClockFreq
                0x0000000008006634       0xc0 modules/stm32/stm32cube/lib..__modules__hal__stm32__stm32cube.a(stm32wbxx_hal_rcc.c.obj)
                0x0000000008006634                HAL_RCC_GetSysClockFreq
 .text.__NVIC_EnableIRQ
                0x00000000080066f4       0x1c modules/stm32/stm32cube/lib..__modules__hal__stm32__stm32cube.a(stm32wbxx_hal_cortex.c.obj)
 .text.LL_SetFlashLatency
                0x0000000008006710       0xec modules/stm32/stm32cube/lib..__modules__hal__stm32__stm32cube.a(stm32wbxx_ll_utils.c.obj)
                0x0000000008006710                LL_SetFlashLatency
 .text.z_device_state_init
                0x00000000080067fc       0x18 zephyr/kernel/libkernel.a(device.c.obj)
                0x00000000080067fc                z_device_state_init
 .text.z_fatal_error
                0x0000000008006814       0x30 zephyr/kernel/libkernel.a(fatal.c.obj)
                0x0000000008006814                z_fatal_error
 .text.z_sys_init_run_level
                0x0000000008006844       0x58 zephyr/kernel/libkernel.a(init.c.obj)
 .text.init_idle_thread
                0x000000000800689c       0x60 zephyr/kernel/libkernel.a(init.c.obj)
 .text.bg_thread_main
                0x00000000080068fc       0x34 zephyr/kernel/libkernel.a(init.c.obj)
 .text.switch_to_main_thread
                0x0000000008006930       0x14 zephyr/kernel/libkernel.a(init.c.obj)
 .text.z_bss_zero
                0x0000000008006944       0x18 zephyr/kernel/libkernel.a(init.c.obj)
                0x0000000008006944                z_bss_zero
 .text.z_init_cpu
                0x000000000800695c       0x60 zephyr/kernel/libkernel.a(init.c.obj)
                0x000000000800695c                z_init_cpu
 .text.prepare_multithreading
                0x00000000080069bc       0x60 zephyr/kernel/libkernel.a(init.c.obj)
 .text.z_cstart
                0x0000000008006a1c       0x88 zephyr/kernel/libkernel.a(init.c.obj)
                0x0000000008006a1c                z_cstart
 .text.statics_init
                0x0000000008006aa4       0x24 zephyr/kernel/libkernel.a(kheap.c.obj)
 .text.init_mem_slab_obj_core_list
                0x0000000008006ac8       0x24 zephyr/kernel/libkernel.a(mem_slab.c.obj)
 .text.k_mem_slab_alloc
                0x0000000008006aec       0x68 zephyr/kernel/libkernel.a(mem_slab.c.obj)
                0x0000000008006aec                k_mem_slab_alloc
 .text.z_thread_monitor_exit
                0x0000000008006b54       0x40 zephyr/kernel/libkernel.a(thread.c.obj)
                0x0000000008006b54                z_thread_monitor_exit
 .text.z_impl_k_thread_name_set
                0x0000000008006b94       0x24 zephyr/kernel/libkernel.a(thread.c.obj)
                0x0000000008006b94                z_impl_k_thread_name_set
 .text.schedule_new_thread
                0x0000000008006bb8       0x1c zephyr/kernel/libkernel.a(thread.c.obj)
 .text.z_setup_new_thread
                0x0000000008006bd4       0xc8 zephyr/kernel/libkernel.a(thread.c.obj)
                0x0000000008006bd4                z_setup_new_thread
 .text.z_init_static_threads
                0x0000000008006c9c       0x70 zephyr/kernel/libkernel.a(thread.c.obj)
                0x0000000008006c9c                z_init_static_threads
 .text.sliceable
                0x0000000008006d0c       0x4c zephyr/kernel/libkernel.a(sched.c.obj)
 .text.slice_timeout
                0x0000000008006d58       0x20 zephyr/kernel/libkernel.a(sched.c.obj)
 .text.add_thread_timeout
                0x0000000008006d78       0x20 zephyr/kernel/libkernel.a(sched.c.obj)
 .text.z_reset_time_slice
                0x0000000008006d98       0x50 zephyr/kernel/libkernel.a(sched.c.obj)
                0x0000000008006d98                z_reset_time_slice
 .text.z_reschedule
                0x0000000008006de8       0x2c zephyr/kernel/libkernel.a(sched.c.obj)
                0x0000000008006de8                z_reschedule
 .text.z_reschedule_irqlock
                0x0000000008006e14       0x2c zephyr/kernel/libkernel.a(sched.c.obj)
                0x0000000008006e14                z_reschedule_irqlock
 .text.k_sched_lock
                0x0000000008006e40       0x34 zephyr/kernel/libkernel.a(sched.c.obj)
                0x0000000008006e40                k_sched_lock
 .text.update_cache
                0x0000000008006e74       0x50 zephyr/kernel/libkernel.a(sched.c.obj)
 .text.move_thread_to_end_of_prio_q
                0x0000000008006ec4       0x8c zephyr/kernel/libkernel.a(sched.c.obj)
 .text.z_time_slice
                0x0000000008006f50       0x74 zephyr/kernel/libkernel.a(sched.c.obj)
                0x0000000008006f50                z_time_slice
 .text.ready_thread
                0x0000000008006fc4       0x78 zephyr/kernel/libkernel.a(sched.c.obj)
 .text.z_sched_start
                0x000000000800703c       0x3c zephyr/kernel/libkernel.a(sched.c.obj)
                0x000000000800703c                z_sched_start
 .text.unready_thread
                0x0000000008007078       0x38 zephyr/kernel/libkernel.a(sched.c.obj)
 .text.z_pend_curr
                0x00000000080070b0       0x38 zephyr/kernel/libkernel.a(sched.c.obj)
                0x00000000080070b0                z_pend_curr
 .text.k_sched_unlock
                0x00000000080070e8       0x40 zephyr/kernel/libkernel.a(sched.c.obj)
                0x00000000080070e8                k_sched_unlock
 .text.halt_thread
                0x0000000008007128       0x64 zephyr/kernel/libkernel.a(sched.c.obj)
 .text.z_thread_halt
                0x000000000800718c       0x3c zephyr/kernel/libkernel.a(sched.c.obj)
 .text.z_sched_init
                0x00000000080071c8       0x10 zephyr/kernel/libkernel.a(sched.c.obj)
                0x00000000080071c8                z_sched_init
 .text.z_impl_k_yield
                0x00000000080071d8       0x8c zephyr/kernel/libkernel.a(sched.c.obj)
                0x00000000080071d8                z_impl_k_yield
 .text.z_impl_k_sched_current_thread_query
                0x0000000008007264        0xc zephyr/kernel/libkernel.a(sched.c.obj)
                0x0000000008007264                z_impl_k_sched_current_thread_query
 .text.z_sched_wait
                0x0000000008007270       0x28 zephyr/kernel/libkernel.a(sched.c.obj)
                0x0000000008007270                z_sched_wait
 .text.z_impl_k_queue_get
                0x0000000008007298       0x7c zephyr/kernel/libkernel.a(queue.c.obj)
                0x0000000008007298                z_impl_k_queue_get
 .text.z_impl_k_sem_give
                0x0000000008007314       0x50 zephyr/kernel/libkernel.a(sem.c.obj)
                0x0000000008007314                z_impl_k_sem_give
 .text.z_impl_k_sem_take
                0x0000000008007364       0x50 zephyr/kernel/libkernel.a(sem.c.obj)
                0x0000000008007364                z_impl_k_sem_take
 .text.k_sys_work_q_init
                0x00000000080073b4       0x34 zephyr/kernel/libkernel.a(system_work_q.c.obj)
 .text.queue_submit_locked
                0x00000000080073e8       0x7c zephyr/kernel/libkernel.a(work.c.obj)
 .text.init_work_cancel
                0x0000000008007464       0x30 zephyr/kernel/libkernel.a(work.c.obj)
 .text.finalize_cancel_locked
                0x0000000008007494       0x60 zephyr/kernel/libkernel.a(work.c.obj)
 .text.work_queue_main
                0x00000000080074f4      0x100 zephyr/kernel/libkernel.a(work.c.obj)
 .text.schedule_for_queue_locked
                0x00000000080075f4       0x34 zephyr/kernel/libkernel.a(work.c.obj)
 .text.k_work_submit
                0x0000000008007628       0x10 zephyr/kernel/libkernel.a(work.c.obj)
                0x0000000008007628                k_work_submit
 .text.k_work_queue_start
                0x0000000008007638       0x7c zephyr/kernel/libkernel.a(work.c.obj)
                0x0000000008007638                k_work_queue_start
 .text.k_work_schedule
                0x00000000080076b4       0x10 zephyr/kernel/libkernel.a(work.c.obj)
                0x00000000080076b4                k_work_schedule
 .text.k_work_reschedule
                0x00000000080076c4       0x10 zephyr/kernel/libkernel.a(work.c.obj)
                0x00000000080076c4                k_work_reschedule
 .text.z_data_copy
                0x00000000080076d4       0x34 zephyr/kernel/libkernel.a(xip.c.obj)
                0x00000000080076d4                z_data_copy
 .text.first    0x0000000008007708       0x14 zephyr/kernel/libkernel.a(timeout.c.obj)
 .text.next     0x000000000800771c       0x18 zephyr/kernel/libkernel.a(timeout.c.obj)
 .text.elapsed  0x0000000008007734       0x18 zephyr/kernel/libkernel.a(timeout.c.obj)
 .text.z_add_timeout
                0x000000000800774c      0x100 zephyr/kernel/libkernel.a(timeout.c.obj)
                0x000000000800774c                z_add_timeout
 .text.sys_clock_announce
                0x000000000800784c       0xc8 zephyr/kernel/libkernel.a(timeout.c.obj)
                0x000000000800784c                sys_clock_announce
 .text.sys_clock_tick_get
                0x0000000008007914       0x40 zephyr/kernel/libkernel.a(timeout.c.obj)
                0x0000000008007914                sys_clock_tick_get
 .text.z_impl_k_poll
                0x0000000008007954       0xbc zephyr/kernel/libkernel.a(poll.c.obj)
                0x0000000008007954                z_impl_k_poll
 .text.z_impl_k_poll_signal_raise
                0x0000000008007a10       0x54 zephyr/kernel/libkernel.a(poll.c.obj)
                0x0000000008007a10                z_impl_k_poll_signal_raise
 .text.z_thread_aligned_alloc
                0x0000000008007a64       0x28 zephyr/kernel/libkernel.a(mempool.c.obj)
                0x0000000008007a64                z_thread_aligned_alloc
 .text.boot_banner
                0x0000000008007a8c       0x10 zephyr/kernel/libkernel.a(banner.c.obj)
                0x0000000008007a8c                boot_banner
 .text.snprintf
                0x0000000008007a9c       0x58 c:\users\mis\.zephyr_ide\toolchains\zephyr-sdk-0.16.6\arm-zephyr-eabi\bin\../lib/gcc/../../picolibc/arm-zephyr-eabi/lib/thumb/v7e-m/nofp\libc.a(libc_tinystdio_snprintf.c.o)
                0x0000000008007a9c                snprintf
 .text.__l_vfprintf
                0x0000000008007af4      0x4b8 c:\users\mis\.zephyr_ide\toolchains\zephyr-sdk-0.16.6\arm-zephyr-eabi\bin\../lib/gcc/../../picolibc/arm-zephyr-eabi/lib/thumb/v7e-m/nofp\libc.a(libc_tinystdio_vflprintf.c.o)
                0x0000000008007af4                __l_vfprintf
 .text._OffsetAbsSyms
                0x0000000008007fac        0x2 zephyr/CMakeFiles/offsets.dir/./arch/arm/core/offsets/offsets.c.obj
                0x0000000008007fac                _OffsetAbsSyms
 .text.chunk_mem
                0x0000000008007fae        0x8 zephyr/libzephyr.a(heap.c.obj)
 .text.free_list_remove_bidx
                0x0000000008007fb6       0x3e zephyr/libzephyr.a(heap.c.obj)
 .text.free_list_add_bidx
                0x0000000008007ff4       0x4e zephyr/libzephyr.a(heap.c.obj)
 .text.split_chunks
                0x0000000008008042       0x3a zephyr/libzephyr.a(heap.c.obj)
 .text.merge_chunks
                0x000000000800807c       0x34 zephyr/libzephyr.a(heap.c.obj)
 .text.mem_to_chunkid
                0x00000000080080b0        0x8 zephyr/libzephyr.a(heap.c.obj)
 .text.free_list_remove
                0x00000000080080b8       0x18 zephyr/libzephyr.a(heap.c.obj)
 .text.free_list_add
                0x00000000080080d0       0x18 zephyr/libzephyr.a(heap.c.obj)
 .text.free_chunk
                0x00000000080080e8       0x62 zephyr/libzephyr.a(heap.c.obj)
 .text.alloc_chunk
                0x000000000800814a       0x76 zephyr/libzephyr.a(heap.c.obj)
 .text.sys_heap_free
                0x00000000080081c0       0x24 zephyr/libzephyr.a(heap.c.obj)
                0x00000000080081c0                sys_heap_free
 .text.sys_heap_alloc
                0x00000000080081e4       0x64 zephyr/libzephyr.a(heap.c.obj)
                0x00000000080081e4                sys_heap_alloc
 .text.sys_heap_aligned_alloc
                0x0000000008008248       0xee zephyr/libzephyr.a(heap.c.obj)
                0x0000000008008248                sys_heap_aligned_alloc
 .text.sys_heap_init
                0x0000000008008336       0x84 zephyr/libzephyr.a(heap.c.obj)
                0x0000000008008336                sys_heap_init
 .text.arch_printk_char_out
                0x00000000080083ba        0x4 zephyr/libzephyr.a(printk.c.obj)
                0x00000000080083ba                arch_printk_char_out
 .text.printk   0x00000000080083be       0x1c zephyr/libzephyr.a(printk.c.obj)
                0x00000000080083be                printk
 .text.assert_print
                0x00000000080083da       0x1c zephyr/libzephyr.a(assert.c.obj)
                0x00000000080083da                assert_print
 .text._ConfigAbsSyms
                0x00000000080083f6        0x2 zephyr/libzephyr.a(configs.c.obj)
                0x00000000080083f6                _ConfigAbsSyms
 .text.SHCI_C2_BLE_Init
                0x00000000080083f8       0x1e zephyr/libzephyr.a(shci.c.obj)
                0x00000000080083f8                SHCI_C2_BLE_Init
 .text.SHCI_C2_Reinit
                0x0000000008008416       0x1c zephyr/libzephyr.a(shci.c.obj)
                0x0000000008008416                SHCI_C2_Reinit
 .text.TlCmdEvtReceived
                0x0000000008008432        0xa zephyr/libzephyr.a(shci_tl.c.obj)
 .text.LST_init_head
                0x000000000800843c        0x6 zephyr/libzephyr.a(stm_list.c.obj)
                0x000000000800843c                LST_init_head
 .text.LST_is_empty
                0x0000000008008442       0x18 zephyr/libzephyr.a(stm_list.c.obj)
                0x0000000008008442                LST_is_empty
 .text.LST_insert_head
                0x000000000800845a       0x18 zephyr/libzephyr.a(stm_list.c.obj)
                0x000000000800845a                LST_insert_head
 .text.LST_insert_tail
                0x0000000008008472       0x18 zephyr/libzephyr.a(stm_list.c.obj)
                0x0000000008008472                LST_insert_tail
 .text.LST_remove_node
                0x000000000800848a       0x18 zephyr/libzephyr.a(stm_list.c.obj)
                0x000000000800848a                LST_remove_node
 .text.LST_remove_head
                0x00000000080084a2       0x18 zephyr/libzephyr.a(stm_list.c.obj)
                0x00000000080084a2                LST_remove_head
 .text.TL_Enable
                0x00000000080084ba        0x8 zephyr/libzephyr.a(tl_mbox.c.obj)
                0x00000000080084ba                TL_Enable
 .text.TL_TRACES_EvtReceived
                0x00000000080084c2        0x2 zephyr/libzephyr.a(tl_mbox.c.obj)
                0x00000000080084c2                TL_TRACES_EvtReceived
 .text._copy    0x00000000080084c4       0x1a zephyr/libzephyr.a(utils.c.obj)
                0x00000000080084c4                _copy
 .text._set     0x00000000080084de        0x8 zephyr/libzephyr.a(utils.c.obj)
                0x00000000080084de                _set
 .text._double_byte
                0x00000000080084e6       0x12 zephyr/libzephyr.a(utils.c.obj)
                0x00000000080084e6                _double_byte
 .text.add_round_key
                0x00000000080084f8       0x82 zephyr/libzephyr.a(aes_encrypt.c.obj)
 .text.shift_rows
                0x000000000800857a       0x74 zephyr/libzephyr.a(aes_encrypt.c.obj)
 .text.mult_row_column
                0x00000000080085ee       0x80 zephyr/libzephyr.a(aes_encrypt.c.obj)
 .text.mix_columns
                0x000000000800866e       0x3a zephyr/libzephyr.a(aes_encrypt.c.obj)
 .text.gf_double
                0x00000000080086a8       0x32 zephyr/libzephyr.a(cmac_mode.c.obj)
                0x00000000080086a8                gf_double
 .text.tc_cmac_erase
                0x00000000080086da       0x14 zephyr/libzephyr.a(cmac_mode.c.obj)
                0x00000000080086da                tc_cmac_erase
 .text.tc_cmac_init
                0x00000000080086ee       0x30 zephyr/libzephyr.a(cmac_mode.c.obj)
                0x00000000080086ee                tc_cmac_init
 .text.tc_cmac_setup
                0x000000000800871e       0x5a zephyr/libzephyr.a(cmac_mode.c.obj)
                0x000000000800871e                tc_cmac_setup
 .text.tc_cmac_update
                0x0000000008008778       0xe0 zephyr/libzephyr.a(cmac_mode.c.obj)
                0x0000000008008778                tc_cmac_update
 .text.tc_cmac_final
                0x0000000008008858       0x6c zephyr/libzephyr.a(cmac_mode.c.obj)
                0x0000000008008858                tc_cmac_final
 .text.BigEndian
                0x00000000080088c4       0x2a zephyr/libzephyr.a(sha256.c.obj)
 .text.tc_sha256_update
                0x00000000080088ee       0x56 zephyr/libzephyr.a(sha256.c.obj)
                0x00000000080088ee                tc_sha256_update
 .text.tc_sha256_final
                0x0000000008008944       0xd8 zephyr/libzephyr.a(sha256.c.obj)
                0x0000000008008944                tc_sha256_final
 .text.rekey    0x0000000008008a1c       0x40 zephyr/libzephyr.a(hmac.c.obj)
 .text.tc_hmac_set_key
                0x0000000008008a5c       0x74 zephyr/libzephyr.a(hmac.c.obj)
                0x0000000008008a5c                tc_hmac_set_key
 .text.tc_hmac_init
                0x0000000008008ad0       0x1e zephyr/libzephyr.a(hmac.c.obj)
                0x0000000008008ad0                tc_hmac_init
 .text.tc_hmac_update
                0x0000000008008aee       0x10 zephyr/libzephyr.a(hmac.c.obj)
                0x0000000008008aee                tc_hmac_update
 .text.tc_hmac_final
                0x0000000008008afe       0x52 zephyr/libzephyr.a(hmac.c.obj)
                0x0000000008008afe                tc_hmac_final
 .text.update   0x0000000008008b50      0x11c zephyr/libzephyr.a(hmac_prng.c.obj)
 .text.tc_hmac_prng_init
                0x0000000008008c6c       0x46 zephyr/libzephyr.a(hmac_prng.c.obj)
                0x0000000008008c6c                tc_hmac_prng_init
 .text.tc_hmac_prng_reseed
                0x0000000008008cb2       0x44 zephyr/libzephyr.a(hmac_prng.c.obj)
                0x0000000008008cb2                tc_hmac_prng_reseed
 .text.tc_hmac_prng_generate
                0x0000000008008cf6       0xaa zephyr/libzephyr.a(hmac_prng.c.obj)
                0x0000000008008cf6                tc_hmac_prng_generate
 .text.z_arm_fatal_error
                0x0000000008008da0        0x8 zephyr/arch/arch/arm/core/libarch__arm__core.a(fatal.c.obj)
                0x0000000008008da0                z_arm_fatal_error
 .text.z_do_kernel_oops
                0x0000000008008da8        0xc zephyr/arch/arch/arm/core/libarch__arm__core.a(fatal.c.obj)
                0x0000000008008da8                z_do_kernel_oops
 .text.z_arm_nmi
                0x0000000008008db4        0xc zephyr/arch/arch/arm/core/libarch__arm__core.a(nmi.c.obj)
                0x0000000008008db4                z_arm_nmi
 .text.memory_fault_recoverable
                0x0000000008008dc0        0x4 zephyr/arch/arch/arm/core/cortex_m/libarch__arm__core__cortex_m.a(fault.c.obj)
 .text.debug_monitor
                0x0000000008008dc4        0x6 zephyr/arch/arch/arm/core/cortex_m/libarch__arm__core__cortex_m.a(fault.c.obj)
 .text.fault_handle
                0x0000000008008dca       0x46 zephyr/arch/arch/arm/core/cortex_m/libarch__arm__core__cortex_m.a(fault.c.obj)
 .text.arch_irq_enable
                0x0000000008008e10        0xa zephyr/arch/arch/arm/core/cortex_m/libarch__arm__core__cortex_m.a(irq_manage.c.obj)
                0x0000000008008e10                arch_irq_enable
 .text.z_arm_irq_priority_set
                0x0000000008008e1a        0xc zephyr/arch/arch/arm/core/cortex_m/libarch__arm__core__cortex_m.a(irq_manage.c.obj)
                0x0000000008008e1a                z_arm_irq_priority_set
 .text.z_irq_spurious
                0x0000000008008e26        0xc zephyr/arch/arch/arm/core/cortex_m/libarch__arm__core__cortex_m.a(irq_manage.c.obj)
                0x0000000008008e26                z_irq_spurious
 .text.mpu_partition_is_valid
                0x0000000008008e32       0x22 zephyr/arch/arch/arm/core/mpu/libarch__arm__core__mpu.a(arm_mpu.c.obj)
 .text.mpu_configure_region
                0x0000000008008e54       0x3e zephyr/arch/arch/arm/core/mpu/libarch__arm__core__mpu.a(arm_mpu.c.obj)
 .text.mpu_configure_regions
                0x0000000008008e92       0x50 zephyr/arch/arch/arm/core/mpu/libarch__arm__core__mpu.a(arm_mpu.c.obj)
 .text.mpu_configure_regions_from_dt
                0x0000000008008ee2      0x1b2 zephyr/arch/arch/arm/core/mpu/libarch__arm__core__mpu.a(arm_mpu.c.obj)
 .text.arm_core_mpu_configure_static_mpu_regions
                0x0000000008009094        0x8 zephyr/arch/arch/arm/core/mpu/libarch__arm__core__mpu.a(arm_mpu.c.obj)
                0x0000000008009094                arm_core_mpu_configure_static_mpu_regions
 .text.arm_core_mpu_configure_dynamic_mpu_regions
                0x000000000800909c        0x8 zephyr/arch/arch/arm/core/mpu/libarch__arm__core__mpu.a(arm_mpu.c.obj)
                0x000000000800909c                arm_core_mpu_configure_dynamic_mpu_regions
 .text.picolibc_put
                0x00000000080090a4        0xa zephyr/lib/libc/picolibc/liblib__libc__picolibc.a(libc-hooks.c.obj)
 .text.uuid128_cmp
                0x00000000080090ae       0x26 zephyr/subsys/bluetooth/host/libsubsys__bluetooth__host.a(uuid.c.obj)
 .text.bt_uuid_cmp
                0x00000000080090d4       0x3c zephyr/subsys/bluetooth/host/libsubsys__bluetooth__host.a(uuid.c.obj)
                0x00000000080090d4                bt_uuid_cmp
 .text.bt_uuid_create
                0x0000000008009110       0x6c zephyr/subsys/bluetooth/host/libsubsys__bluetooth__host.a(uuid.c.obj)
                0x0000000008009110                bt_uuid_create
 .text.bt_addr_le_create_static
                0x000000000800917c       0x1c zephyr/subsys/bluetooth/host/libsubsys__bluetooth__host.a(addr.c.obj)
                0x000000000800917c                bt_addr_le_create_static
 .text.bt_addr_le_copy_resolved
                0x0000000008009198       0x16 zephyr/subsys/bluetooth/host/libsubsys__bluetooth__host.a(addr.c.obj)
                0x0000000008009198                bt_addr_le_copy_resolved
 .text.bt_addr_le_is_resolved
                0x00000000080091ae        0x8 zephyr/subsys/bluetooth/host/libsubsys__bluetooth__host.a(addr.c.obj)
                0x00000000080091ae                bt_addr_le_is_resolved
 .text.sys_put_le64
                0x00000000080091b6       0x22 zephyr/subsys/bluetooth/host/libsubsys__bluetooth__host.a(hci_core.c.obj)
 .text.sys_get_le64
                0x00000000080091d8       0x32 zephyr/subsys/bluetooth/host/libsubsys__bluetooth__host.a(hci_core.c.obj)
 .text.bt_hci_evt_get_flags
                0x000000000800920a       0x2c zephyr/subsys/bluetooth/host/libsubsys__bluetooth__host.a(hci_core.c.obj)
 .text.handle_event_common
                0x0000000008009236       0x3c zephyr/subsys/bluetooth/host/libsubsys__bluetooth__host.a(hci_core.c.obj)
 .text.handle_event
                0x0000000008009272        0x8 zephyr/subsys/bluetooth/host/libsubsys__bluetooth__host.a(hci_core.c.obj)
 .text.hci_data_buf_overflow
                0x000000000800927a        0x2 zephyr/subsys/bluetooth/host/libsubsys__bluetooth__host.a(hci_core.c.obj)
 .text.hci_vendor_event
                0x000000000800927c        0x2 zephyr/subsys/bluetooth/host/libsubsys__bluetooth__host.a(hci_core.c.obj)
 .text.atomic_test_bit
                0x000000000800927e       0x1a zephyr/subsys/bluetooth/host/libsubsys__bluetooth__host.a(hci_core.c.obj)
 .text.update_conn
                0x0000000008009298       0x40 zephyr/subsys/bluetooth/host/libsubsys__bluetooth__host.a(hci_core.c.obj)
 .text.translate_addrs
                0x00000000080092d8       0x58 zephyr/subsys/bluetooth/host/libsubsys__bluetooth__host.a(hci_core.c.obj)
 .text.find_pending_connect
                0x0000000008009330       0x10 zephyr/subsys/bluetooth/host/libsubsys__bluetooth__host.a(hci_core.c.obj)
 .text.le_conn_complete_cancel
                0x0000000008009340       0x34 zephyr/subsys/bluetooth/host/libsubsys__bluetooth__host.a(hci_core.c.obj)
 .text.hci_disconn_complete_prio
                0x0000000008009374       0x30 zephyr/subsys/bluetooth/host/libsubsys__bluetooth__host.a(hci_core.c.obj)
 .text.hci_disconn_complete
                0x00000000080093a4       0x54 zephyr/subsys/bluetooth/host/libsubsys__bluetooth__host.a(hci_core.c.obj)
 .text.le_data_len_change
                0x00000000080093f8       0x14 zephyr/subsys/bluetooth/host/libsubsys__bluetooth__host.a(hci_core.c.obj)
 .text.hci_num_completed_packets
                0x000000000800940c       0xe2 zephyr/subsys/bluetooth/host/libsubsys__bluetooth__host.a(hci_core.c.obj)
 .text.atomic_set_bit_to
                0x00000000080094ee       0x4a zephyr/subsys/bluetooth/host/libsubsys__bluetooth__host.a(hci_core.c.obj)
 .text.le_remote_feat_complete
                0x0000000008009538       0x4a zephyr/subsys/bluetooth/host/libsubsys__bluetooth__host.a(hci_core.c.obj)
 .text.atomic_test_and_set_bit
                0x0000000008009582       0x32 zephyr/subsys/bluetooth/host/libsubsys__bluetooth__host.a(hci_core.c.obj)
 .text.hci_hardware_error
                0x00000000080095b4        0xc zephyr/subsys/bluetooth/host/libsubsys__bluetooth__host.a(hci_core.c.obj)
 .text.hci_acl  0x00000000080095c0       0x60 zephyr/subsys/bluetooth/host/libsubsys__bluetooth__host.a(hci_core.c.obj)
 .text.le_conn_update_complete
                0x0000000008009620       0x82 zephyr/subsys/bluetooth/host/libsubsys__bluetooth__host.a(hci_core.c.obj)
 .text.hci_le_read_max_data_len
                0x00000000080096a2       0x34 zephyr/subsys/bluetooth/host/libsubsys__bluetooth__host.a(hci_core.c.obj)
 .text.hci_le_read_remote_features
                0x00000000080096d6       0x32 zephyr/subsys/bluetooth/host/libsubsys__bluetooth__host.a(hci_core.c.obj)
 .text.bt_get_phy
                0x0000000008009708       0x16 zephyr/subsys/bluetooth/host/libsubsys__bluetooth__host.a(hci_core.c.obj)
                0x0000000008009708                bt_get_phy
 .text.le_phy_update_complete
                0x000000000800971e       0x34 zephyr/subsys/bluetooth/host/libsubsys__bluetooth__host.a(hci_core.c.obj)
 .text.bt_le_create_conn
                0x0000000008009752        0x8 zephyr/subsys/bluetooth/host/libsubsys__bluetooth__host.a(hci_core.c.obj)
                0x0000000008009752                bt_le_create_conn
 .text.bt_hci_disconnect
                0x000000000800975a       0x34 zephyr/subsys/bluetooth/host/libsubsys__bluetooth__host.a(hci_core.c.obj)
                0x000000000800975a                bt_hci_disconnect
 .text.bt_le_set_data_len
                0x000000000800978e       0x3a zephyr/subsys/bluetooth/host/libsubsys__bluetooth__host.a(hci_core.c.obj)
                0x000000000800978e                bt_le_set_data_len
 .text.enh_conn_complete
                0x00000000080097c8        0x8 zephyr/subsys/bluetooth/host/libsubsys__bluetooth__host.a(hci_core.c.obj)
 .text.le_enh_conn_complete
                0x00000000080097d0        0xa zephyr/subsys/bluetooth/host/libsubsys__bluetooth__host.a(hci_core.c.obj)
 .text.bt_le_conn_params_valid
                0x00000000080097da       0x50 zephyr/subsys/bluetooth/host/libsubsys__bluetooth__host.a(hci_core.c.obj)
                0x00000000080097da                bt_le_conn_params_valid
 .text.le_conn_param_neg_reply
                0x000000000800982a       0x2c zephyr/subsys/bluetooth/host/libsubsys__bluetooth__host.a(hci_core.c.obj)
 .text.le_conn_param_req_reply
                0x0000000008009856       0x4a zephyr/subsys/bluetooth/host/libsubsys__bluetooth__host.a(hci_core.c.obj)
 .text.le_conn_param_req
                0x00000000080098a0       0x5a zephyr/subsys/bluetooth/host/libsubsys__bluetooth__host.a(hci_core.c.obj)
 .text.process_events
                0x00000000080098fa       0x32 zephyr/subsys/bluetooth/host/libsubsys__bluetooth__host.a(hci_core.c.obj)
 .text.bt_recv  0x000000000800992c       0x4c zephyr/subsys/bluetooth/host/libsubsys__bluetooth__host.a(hci_core.c.obj)
                0x000000000800992c                bt_recv
 .text.bt_init  0x0000000008009978       0x1e zephyr/subsys/bluetooth/host/libsubsys__bluetooth__host.a(hci_core.c.obj)
 .text.bt_get_appearance
                0x0000000008009996        0x4 zephyr/subsys/bluetooth/host/libsubsys__bluetooth__host.a(hci_core.c.obj)
                0x0000000008009996                bt_get_appearance
 .text.bt_addr_le_is_bonded
                0x000000000800999a        0x4 zephyr/subsys/bluetooth/host/libsubsys__bluetooth__host.a(hci_core.c.obj)
                0x000000000800999a                bt_addr_le_is_bonded
 .text.is_adv_using_rand_addr
                0x000000000800999e        0x4 zephyr/subsys/bluetooth/host/libsubsys__bluetooth__host.a(id.c.obj)
 .text.bt_lookup_id_addr
                0x00000000080099a2       0x10 zephyr/subsys/bluetooth/host/libsubsys__bluetooth__host.a(id.c.obj)
                0x00000000080099a2                bt_lookup_id_addr
 .text.bt_id_set_private_addr
                0x00000000080099b2       0x30 zephyr/subsys/bluetooth/host/libsubsys__bluetooth__host.a(id.c.obj)
                0x00000000080099b2                bt_id_set_private_addr
 .text.bt_id_scan_random_addr_check
                0x00000000080099e2        0x4 zephyr/subsys/bluetooth/host/libsubsys__bluetooth__host.a(id.c.obj)
                0x00000000080099e2                bt_id_scan_random_addr_check
 .text.bt_setup_random_id_addr
                0x00000000080099e6        0xc zephyr/subsys/bluetooth/host/libsubsys__bluetooth__host.a(id.c.obj)
                0x00000000080099e6                bt_setup_random_id_addr
 .text.get_adv_props_legacy
                0x00000000080099f2       0x22 zephyr/subsys/bluetooth/host/libsubsys__bluetooth__host.a(scan.c.obj)
 .text.valid_le_scan_param
                0x0000000008009a14       0x44 zephyr/subsys/bluetooth/host/libsubsys__bluetooth__host.a(scan.c.obj)
 .text.atomic_set_bit_to
                0x0000000008009a58       0x4a zephyr/subsys/bluetooth/host/libsubsys__bluetooth__host.a(scan.c.obj)
 .text.bt_le_scan_set_enable
                0x0000000008009aa2        0x8 zephyr/subsys/bluetooth/host/libsubsys__bluetooth__host.a(scan.c.obj)
                0x0000000008009aa2                bt_le_scan_set_enable
 .text.start_passive_scan
                0x0000000008009aaa       0x18 zephyr/subsys/bluetooth/host/libsubsys__bluetooth__host.a(scan.c.obj)
 .text.bt_hci_le_adv_report
                0x0000000008009ac2       0x84 zephyr/subsys/bluetooth/host/libsubsys__bluetooth__host.a(scan.c.obj)
                0x0000000008009ac2                bt_hci_le_adv_report
 .text.sys_slist_remove
                0x0000000008009b46       0x26 zephyr/subsys/bluetooth/host/libsubsys__bluetooth__host.a(conn.c.obj)
 .text.sys_slist_find_and_remove
                0x0000000008009b6c       0x20 zephyr/subsys/bluetooth/host/libsubsys__bluetooth__host.a(conn.c.obj)
 .text.bt_conn_set_param_le
                0x0000000008009b8c       0x1a zephyr/subsys/bluetooth/host/libsubsys__bluetooth__host.a(conn.c.obj)
 .text.create_param_validate
                0x0000000008009ba6        0x4 zephyr/subsys/bluetooth/host/libsubsys__bluetooth__host.a(conn.c.obj)
 .text.tx_notify
                0x0000000008009baa       0x46 zephyr/subsys/bluetooth/host/libsubsys__bluetooth__host.a(conn.c.obj)
 .text.tx_complete_work
                0x0000000008009bf0        0xa zephyr/subsys/bluetooth/host/libsubsys__bluetooth__host.a(conn.c.obj)
 .text.conn_tx_destroy
                0x0000000008009bfa       0x1a zephyr/subsys/bluetooth/host/libsubsys__bluetooth__host.a(conn.c.obj)
 .text.atomic_test_and_clear_bit
                0x0000000008009c14       0x38 zephyr/subsys/bluetooth/host/libsubsys__bluetooth__host.a(conn.c.obj)
 .text.atomic_test_bit
                0x0000000008009c4c       0x1a zephyr/subsys/bluetooth/host/libsubsys__bluetooth__host.a(conn.c.obj)
 .text.atomic_test_and_set_bit
                0x0000000008009c66       0x32 zephyr/subsys/bluetooth/host/libsubsys__bluetooth__host.a(conn.c.obj)
 .text.send_acl
                0x0000000008009c98       0x42 zephyr/subsys/bluetooth/host/libsubsys__bluetooth__host.a(conn.c.obj)
 .text.do_send_frag
                0x0000000008009cda       0xaa zephyr/subsys/bluetooth/host/libsubsys__bluetooth__host.a(conn.c.obj)
 .text.process_unack_tx
                0x0000000008009d84       0x84 zephyr/subsys/bluetooth/host/libsubsys__bluetooth__host.a(conn.c.obj)
 .text.bt_conn_reset_rx_state
                0x0000000008009e08       0x12 zephyr/subsys/bluetooth/host/libsubsys__bluetooth__host.a(conn.c.obj)
                0x0000000008009e08                bt_conn_reset_rx_state
 .text.bt_acl_recv
                0x0000000008009e1a       0xa8 zephyr/subsys/bluetooth/host/libsubsys__bluetooth__host.a(conn.c.obj)
 .text.conn_cleanup
                0x0000000008009ec2       0x42 zephyr/subsys/bluetooth/host/libsubsys__bluetooth__host.a(conn.c.obj)
 .text.conn_prepare_events
                0x0000000008009f04       0x7c zephyr/subsys/bluetooth/host/libsubsys__bluetooth__host.a(conn.c.obj)
 .text.bt_conn_recv
                0x0000000008009f80       0x18 zephyr/subsys/bluetooth/host/libsubsys__bluetooth__host.a(conn.c.obj)
                0x0000000008009f80                bt_conn_recv
 .text.bt_conn_send_cb
                0x0000000008009f98       0x62 zephyr/subsys/bluetooth/host/libsubsys__bluetooth__host.a(conn.c.obj)
                0x0000000008009f98                bt_conn_send_cb
 .text.bt_conn_ref
                0x0000000008009ffa       0x4e zephyr/subsys/bluetooth/host/libsubsys__bluetooth__host.a(conn.c.obj)
                0x0000000008009ffa                bt_conn_ref
 .text.bt_conn_unref
                0x000000000800a048       0x38 zephyr/subsys/bluetooth/host/libsubsys__bluetooth__host.a(conn.c.obj)
                0x000000000800a048                bt_conn_unref
 .text.conn_lookup_handle
                0x000000000800a080       0x58 zephyr/subsys/bluetooth/host/libsubsys__bluetooth__host.a(conn.c.obj)
                0x000000000800a080                conn_lookup_handle
 .text.conn_disconnect
                0x000000000800a0d8       0x22 zephyr/subsys/bluetooth/host/libsubsys__bluetooth__host.a(conn.c.obj)
 .text.bt_conn_connected
                0x000000000800a0fa       0x10 zephyr/subsys/bluetooth/host/libsubsys__bluetooth__host.a(conn.c.obj)
                0x000000000800a0fa                bt_conn_connected
 .text.bt_conn_add_le
                0x000000000800a10a       0x36 zephyr/subsys/bluetooth/host/libsubsys__bluetooth__host.a(conn.c.obj)
                0x000000000800a10a                bt_conn_add_le
 .text.conn_le_create_helper
                0x000000000800a140       0x4a zephyr/subsys/bluetooth/host/libsubsys__bluetooth__host.a(conn.c.obj)
 .text.bt_conn_is_peer_addr_le
                0x000000000800a18a       0x4e zephyr/subsys/bluetooth/host/libsubsys__bluetooth__host.a(conn.c.obj)
                0x000000000800a18a                bt_conn_is_peer_addr_le
 .text.bt_conn_exists_le
                0x000000000800a1d8       0x14 zephyr/subsys/bluetooth/host/libsubsys__bluetooth__host.a(conn.c.obj)
                0x000000000800a1d8                bt_conn_exists_le
 .text.bt_conn_get_dst
                0x000000000800a1ec        0x4 zephyr/subsys/bluetooth/host/libsubsys__bluetooth__host.a(conn.c.obj)
                0x000000000800a1ec                bt_conn_get_dst
 .text.bt_conn_le_create
                0x000000000800a1f0       0x72 zephyr/subsys/bluetooth/host/libsubsys__bluetooth__host.a(conn.c.obj)
                0x000000000800a1f0                bt_conn_le_create
 .text.bt_conn_disconnect
                0x000000000800a262       0x6a zephyr/subsys/bluetooth/host/libsubsys__bluetooth__host.a(conn.c.obj)
                0x000000000800a262                bt_conn_disconnect
 .text.bt_conn_le_conn_update
                0x000000000800a2cc       0x4c zephyr/subsys/bluetooth/host/libsubsys__bluetooth__host.a(conn.c.obj)
                0x000000000800a2cc                bt_conn_le_conn_update
 .text.deferred_work
                0x000000000800a318       0xa8 zephyr/subsys/bluetooth/host/libsubsys__bluetooth__host.a(conn.c.obj)
 .text.create_frag
                0x000000000800a3c0       0x2e zephyr/subsys/bluetooth/host/libsubsys__bluetooth__host.a(conn.c.obj)
 .text.l2cap_connected
                0x000000000800a3ee        0x2 zephyr/subsys/bluetooth/host/libsubsys__bluetooth__host.a(l2cap.c.obj)
 .text.l2cap_disconnected
                0x000000000800a3f0        0x2 zephyr/subsys/bluetooth/host/libsubsys__bluetooth__host.a(l2cap.c.obj)
 .text.l2cap_chan_recv
                0x000000000800a3f2       0x12 zephyr/subsys/bluetooth/host/libsubsys__bluetooth__host.a(l2cap.c.obj)
 .text.bt_l2cap_chan_del
                0x000000000800a404       0x26 zephyr/subsys/bluetooth/host/libsubsys__bluetooth__host.a(l2cap.c.obj)
                0x000000000800a404                bt_l2cap_chan_del
 .text.bt_l2cap_chan_add
                0x000000000800a42a       0x20 zephyr/subsys/bluetooth/host/libsubsys__bluetooth__host.a(l2cap.c.obj)
                0x000000000800a42a                bt_l2cap_chan_add
 .text.l2cap_chan_add
                0x000000000800a44a       0x2e zephyr/subsys/bluetooth/host/libsubsys__bluetooth__host.a(l2cap.c.obj)
 .text.bt_l2cap_disconnected
                0x000000000800a478       0x36 zephyr/subsys/bluetooth/host/libsubsys__bluetooth__host.a(l2cap.c.obj)
                0x000000000800a478                bt_l2cap_disconnected
 .text.bt_l2cap_create_pdu_timeout
                0x000000000800a4ae        0xa zephyr/subsys/bluetooth/host/libsubsys__bluetooth__host.a(l2cap.c.obj)
                0x000000000800a4ae                bt_l2cap_create_pdu_timeout
 .text.l2cap_create_le_sig_pdu
                0x000000000800a4b8       0x2c zephyr/subsys/bluetooth/host/libsubsys__bluetooth__host.a(l2cap.c.obj)
 .text.bt_l2cap_send_cb
                0x000000000800a4e4       0x2a zephyr/subsys/bluetooth/host/libsubsys__bluetooth__host.a(l2cap.c.obj)
                0x000000000800a4e4                bt_l2cap_send_cb
 .text.l2cap_send
                0x000000000800a50e       0x20 zephyr/subsys/bluetooth/host/libsubsys__bluetooth__host.a(l2cap.c.obj)
 .text.l2cap_send_reject
                0x000000000800a52e       0x42 zephyr/subsys/bluetooth/host/libsubsys__bluetooth__host.a(l2cap.c.obj)
 .text.le_conn_param_update_req
                0x000000000800a570       0x88 zephyr/subsys/bluetooth/host/libsubsys__bluetooth__host.a(l2cap.c.obj)
 .text.l2cap_recv
                0x000000000800a5f8       0x52 zephyr/subsys/bluetooth/host/libsubsys__bluetooth__host.a(l2cap.c.obj)